<html>
<body>
<pre>
<h1>礦ision Build Log</h1>
<h2>Tool Versions:</h2>
IDE-Version: μVision V5.14.0.0
Copyright (C) 2015 ARM Ltd and ARM Germany GmbH. All rights reserved.
License Information: He Tianfang, CountingStars, LIC=TA3Z9-4P6GB-QGJ7I-TBU7K-TM53J-SQ96M
 
Tool Versions:
Toolchain:       MDK-ARM Professional  Version: 5.14.0.0
Toolchain Path:  C:\Keil_v5\ARM\ARMCC\Bin
C Compiler:      Armcc.exe V5.05 update 1 (build 106)
Assembler:       Armasm.exe V5.05 update 1 (build 106)
Linker/Locator:  ArmLink.exe V5.05 update 1 (build 106)
Library Manager: ArmAr.exe V5.05 update 1 (build 106)
Hex Converter:   FromElf.exe V5.05 update 1 (build 106)
CPU DLL:         SARMCM3.DLL V5.14.0.0
Dialog DLL:      DARMSTM.DLL V1.65.0.0
Target DLL:      Segger\JL2CM3.dll V2.99.13.0
Dialog DLL:      TARMSTM.DLL V1.64.0.0
 
<h2>Project:</h2>
C:\Users\CountingStars\Desktop\Work\擂台机器人程序\pidtest\USER\MiniBalance.uvprojx
Project File Date:  04/25/2019

<h2>Output:</h2>
Build target 'MiniBalance'
compiling MiniBalance.c...
..\SYSTEM\usart\usart.h(13): warning:  #1295-D: Deprecated declaration IMU_init - give arg types
  void IMU_init();
..\MiniBalance_HARDWARE\MOTOR\motor.h(16): warning:  #1295-D: Deprecated declaration dengtai - give arg types
  void dengtai();
MiniBalance.c: 2 warnings, 0 errors
compiling delay.c...
..\SYSTEM\usart\usart.h(13): warning:  #1295-D: Deprecated declaration IMU_init - give arg types
  void IMU_init();
..\MiniBalance_HARDWARE\MOTOR\motor.h(16): warning:  #1295-D: Deprecated declaration dengtai - give arg types
  void dengtai();
..\SYSTEM\delay\delay.c(193): warning:  #177-D: variable "i" was declared but never referenced
        int i,j;
..\SYSTEM\delay\delay.c: 3 warnings, 0 errors
compiling sys.c...
..\SYSTEM\usart\usart.h(13): warning:  #1295-D: Deprecated declaration IMU_init - give arg types
  void IMU_init();
..\MiniBalance_HARDWARE\MOTOR\motor.h(16): warning:  #1295-D: Deprecated declaration dengtai - give arg types
  void dengtai();
..\SYSTEM\sys\sys.c: 2 warnings, 0 errors
compiling usart.c...
..\SYSTEM\usart\usart.h(13): warning:  #1295-D: Deprecated declaration IMU_init - give arg types
  void IMU_init();
..\MiniBalance_HARDWARE\MOTOR\motor.h(16): warning:  #1295-D: Deprecated declaration dengtai - give arg types
  void dengtai();
..\SYSTEM\usart\usart.c: 2 warnings, 0 errors
compiling LED.C...
..\SYSTEM\usart\usart.h(13): warning:  #1295-D: Deprecated declaration IMU_init - give arg types
  void IMU_init();
..\MiniBalance_HARDWARE\MOTOR\motor.h(16): warning:  #1295-D: Deprecated declaration dengtai - give arg types
  void dengtai();
..\MiniBalance_HARDWARE\LED\LED.C: 2 warnings, 0 errors
compiling adc.c...
..\SYSTEM\usart\usart.h(13): warning:  #1295-D: Deprecated declaration IMU_init - give arg types
  void IMU_init();
..\MiniBalance_HARDWARE\MOTOR\motor.h(16): warning:  #1295-D: Deprecated declaration dengtai - give arg types
  void dengtai();
..\MiniBalance_HARDWARE\ADC\adc.c: 2 warnings, 0 errors
compiling timer.c...
..\SYSTEM\usart\usart.h(13): warning:  #1295-D: Deprecated declaration IMU_init - give arg types
  void IMU_init();
..\MiniBalance_HARDWARE\MOTOR\motor.h(16): warning:  #1295-D: Deprecated declaration dengtai - give arg types
  void dengtai();
..\MiniBalance_HARDWARE\TIMER\timer.c: 2 warnings, 0 errors
compiling motor.c...
..\SYSTEM\usart\usart.h(13): warning:  #1295-D: Deprecated declaration IMU_init - give arg types
  void IMU_init();
..\MiniBalance_HARDWARE\MOTOR\motor.h(16): warning:  #1295-D: Deprecated declaration dengtai - give arg types
  void dengtai();
..\MiniBalance_HARDWARE\MOTOR\motor.c(313): warning:  #1-D: last line of file ends without a newline
  }
..\MiniBalance_HARDWARE\MOTOR\motor.c: 3 warnings, 0 errors
compiling encoder.c...
..\SYSTEM\usart\usart.h(13): warning:  #1295-D: Deprecated declaration IMU_init - give arg types
  void IMU_init();
..\MiniBalance_HARDWARE\MOTOR\motor.h(16): warning:  #1295-D: Deprecated declaration dengtai - give arg types
  void dengtai();
..\MiniBalance_HARDWARE\ENCODER\encoder.c: 2 warnings, 0 errors
compiling oled.c...
..\SYSTEM\usart\usart.h(13): warning:  #1295-D: Deprecated declaration IMU_init - give arg types
  void IMU_init();
..\MiniBalance_HARDWARE\MOTOR\motor.h(16): warning:  #1295-D: Deprecated declaration dengtai - give arg types
  void dengtai();
..\MiniBalance_HARDWARE\OLED\oled.c: 2 warnings, 0 errors
compiling EXTI.c...
..\SYSTEM\usart\usart.h(13): warning:  #1295-D: Deprecated declaration IMU_init - give arg types
  void IMU_init();
..\MiniBalance_HARDWARE\MOTOR\motor.h(16): warning:  #1295-D: Deprecated declaration dengtai - give arg types
  void dengtai();
..\MiniBalance_HARDWARE\EXTI\EXTI.c: 2 warnings, 0 errors
compiling SWI.c...
..\SYSTEM\usart\usart.h(13): warning:  #1295-D: Deprecated declaration IMU_init - give arg types
  void IMU_init();
..\MiniBalance_HARDWARE\MOTOR\motor.h(16): warning:  #1295-D: Deprecated declaration dengtai - give arg types
  void dengtai();
..\MiniBalance_HARDWARE\SWI\SWI.c: 2 warnings, 0 errors
compiling strategy.c...
..\SYSTEM\usart\usart.h(13): warning:  #1295-D: Deprecated declaration IMU_init - give arg types
  void IMU_init();
..\MiniBalance_HARDWARE\MOTOR\motor.h(16): warning:  #1295-D: Deprecated declaration dengtai - give arg types
  void dengtai();
..\MiniBalance_HARDWARE\Strategy\strategy.c(246): warning:  #1-D: last line of file ends without a newline
  }
..\MiniBalance_HARDWARE\Strategy\strategy.c: 3 warnings, 0 errors
compiling show.c...
..\SYSTEM\usart\usart.h(13): warning:  #1295-D: Deprecated declaration IMU_init - give arg types
  void IMU_init();
..\MiniBalance_HARDWARE\MOTOR\motor.h(16): warning:  #1295-D: Deprecated declaration dengtai - give arg types
  void dengtai();
..\MiniBalance\show\show.c: 2 warnings, 0 errors
linking...
Program Size: Code=20016 RO-data=2928 RW-data=136 ZI-data=2680  
FromELF: creating hex file...
"..\OBJ\MiniBalance.axf" - 0 Error(s), 31 Warning(s).

<h2>Collection of Component include folders:</h2>
  C:\Users\CountingStars\Desktop\Work\擂台机器人程序\pidtest\USER\RTE
  C:\Keil_v5\ARM\PACK\Keil\STM32F1xx_DFP\2.2.0

<h2>Collection of Component Files used:</h2>
</pre>
</body>
</html>
