Component: ARM Compiler 5.05 update 1 (build 106) Tool: armlink [4d0efa]

==============================================================================

Section Cross References

    system_stm32f4xx.o(i.SystemCoreClockUpdate) refers to system_stm32f4xx.o(.data) for SystemCoreClock
    system_stm32f4xx.o(i.SystemInit) refers to system_stm32f4xx.o(i.SetSysClock) for SetSysClock
    init.o(i.MarineRobot_init) refers to misc.o(i.NVIC_PriorityGroupConfig) for NVIC_PriorityGroupConfig
    init.o(i.MarineRobot_init) refers to stm32f4xx_rcc.o(i.RCC_AHB1PeriphClockCmd) for RCC_AHB1PeriphClockCmd
    init.o(i.MarineRobot_init) refers to delay.o(i.delay_init) for delay_init
    init.o(i.MarineRobot_init) refers to usart.o(i.uart_init) for uart_init
    init.o(i.MarineRobot_init) refers to beep.o(i.BEEP_Init) for BEEP_Init
    init.o(i.MarineRobot_init) refers to key.o(i.KEY_Init) for KEY_Init
    init.o(i.MarineRobot_init) refers to lcd.o(i.InitLCD) for InitLCD
    init.o(i.MarineRobot_init) refers to pwm.o(i.PWM_Init) for PWM_Init
    init.o(i.MarineRobot_init) refers to timer.o(i.TIM2_Int_Init) for TIM2_Int_Init
    init.o(i.MarineRobot_init) refers to timer.o(i.start_time) for start_time
    init.o(i.MarineRobot_init) refers to timer.o(i.TIM5_Int_Init) for TIM5_Int_Init
    init.o(i.MarineRobot_init) refers to timer.o(i.start_time_1) for start_time_1
    init.o(i.MarineRobot_init) refers to led.o(i.LED_Init) for LED_Init
    init.o(i.MarineRobot_init) refers to sensor.o(i.SENSOR_Init) for SENSOR_Init
    beep.o(i.BEEP_Init) refers to stm32f4xx_gpio.o(i.GPIO_Init) for GPIO_Init
    beep.o(i.BEEP_Init) refers to stm32f4xx_gpio.o(i.GPIO_SetBits) for GPIO_SetBits
    beep.o(i.beep) refers to timer.o(i.beep_time) for beep_time
    beep.o(i.beepoff) refers to timer.o(i.beep_stop) for beep_stop
    key.o(i.KEY_Init) refers to stm32f4xx_gpio.o(i.GPIO_Init) for GPIO_Init
    key.o(i.KEY_Scan) refers to delay.o(i.delay_ms) for delay_ms
    key.o(i.KEY_Scan) refers to key.o(.data) for key_up
    lcd.o(i.GBZK_ROMOUTRESET) refers to stm32f4xx_gpio.o(i.GPIO_Init) for GPIO_Init
    lcd.o(i.GBZK_ROMOUTSET) refers to stm32f4xx_gpio.o(i.GPIO_Init) for GPIO_Init
    lcd.o(i.InitLCD) refers to lcd.o(i.delay) for delay
    lcd.o(i.InitLCD) refers to lcd.o(i.OLED_GPIO_Config) for OLED_GPIO_Config
    lcd.o(i.InitLCD) refers to stm32f4xx_gpio.o(i.GPIO_ResetBits) for GPIO_ResetBits
    lcd.o(i.InitLCD) refers to stm32f4xx_gpio.o(i.GPIO_SetBits) for GPIO_SetBits
    lcd.o(i.InitLCD) refers to lcd.o(i.transfer_command_lcd) for transfer_command_lcd
    lcd.o(i.InitLCD) refers to lcd.o(i.clear_screen) for clear_screen
    lcd.o(i.OLED_GPIO_Config) refers to stm32f4xx_gpio.o(i.GPIO_Init) for GPIO_Init
    lcd.o(i.clear_screen) refers to stm32f4xx_gpio.o(i.GPIO_ResetBits) for GPIO_ResetBits
    lcd.o(i.clear_screen) refers to stm32f4xx_gpio.o(i.GPIO_SetBits) for GPIO_SetBits
    lcd.o(i.clear_screen) refers to lcd.o(i.transfer_command_lcd) for transfer_command_lcd
    lcd.o(i.clear_screen) refers to lcd.o(i.transfer_data_lcd) for transfer_data_lcd
    lcd.o(i.display_128x64) refers to stm32f4xx_gpio.o(i.GPIO_ResetBits) for GPIO_ResetBits
    lcd.o(i.display_128x64) refers to lcd.o(i.lcd_address) for lcd_address
    lcd.o(i.display_128x64) refers to lcd.o(i.transfer_data_lcd) for transfer_data_lcd
    lcd.o(i.display_128x64) refers to stm32f4xx_gpio.o(i.GPIO_SetBits) for GPIO_SetBits
    lcd.o(i.display_GB2312_string) refers to lcd.o(i.get_n_bytes_data_from_ROM) for get_n_bytes_data_from_ROM
    lcd.o(i.display_GB2312_string) refers to lcd.o(i.display_graphic_16x16) for display_graphic_16x16
    lcd.o(i.display_GB2312_string) refers to lcd.o(i.display_graphic_8x16) for display_graphic_8x16
    lcd.o(i.display_GB2312_string) refers to lcd.o(.data) for fontaddr
    lcd.o(i.display_GB2312_u1) refers to lcd.o(i.display_GB2312_string) for display_GB2312_string
    lcd.o(i.display_GB2312_u16) refers to lcd.o(i.display_GB2312_string) for display_GB2312_string
    lcd.o(i.display_graphic_16x16) refers to stm32f4xx_gpio.o(i.GPIO_ResetBits) for GPIO_ResetBits
    lcd.o(i.display_graphic_16x16) refers to stm32f4xx_gpio.o(i.GPIO_SetBits) for GPIO_SetBits
    lcd.o(i.display_graphic_16x16) refers to lcd.o(i.lcd_address) for lcd_address
    lcd.o(i.display_graphic_16x16) refers to lcd.o(i.transfer_data_lcd) for transfer_data_lcd
    lcd.o(i.display_graphic_5x7) refers to stm32f4xx_gpio.o(i.GPIO_ResetBits) for GPIO_ResetBits
    lcd.o(i.display_graphic_5x7) refers to lcd.o(i.transfer_command_lcd) for transfer_command_lcd
    lcd.o(i.display_graphic_5x7) refers to lcd.o(i.transfer_data_lcd) for transfer_data_lcd
    lcd.o(i.display_graphic_5x7) refers to stm32f4xx_gpio.o(i.GPIO_SetBits) for GPIO_SetBits
    lcd.o(i.display_graphic_8x16) refers to stm32f4xx_gpio.o(i.GPIO_ResetBits) for GPIO_ResetBits
    lcd.o(i.display_graphic_8x16) refers to lcd.o(i.lcd_address) for lcd_address
[...]
    Removing stm32f4xx_rcc.o(i.RCC_I2SCLKConfig), (12 bytes).
    Removing stm32f4xx_rcc.o(i.RCC_ITConfig), (32 bytes).
    Removing stm32f4xx_rcc.o(i.RCC_LSEConfig), (44 bytes).
    Removing stm32f4xx_rcc.o(i.RCC_LSEModeConfig), (36 bytes).
    Removing stm32f4xx_rcc.o(i.RCC_LSICmd), (12 bytes).
    Removing stm32f4xx_rcc.o(i.RCC_LTDCCLKDivConfig), (24 bytes).
    Removing stm32f4xx_rcc.o(i.RCC_MCO1Config), (28 bytes).
    Removing stm32f4xx_rcc.o(i.RCC_MCO2Config), (28 bytes).
    Removing stm32f4xx_rcc.o(i.RCC_PCLK1Config), (24 bytes).
    Removing stm32f4xx_rcc.o(i.RCC_PCLK2Config), (24 bytes).
    Removing stm32f4xx_rcc.o(i.RCC_PLLCmd), (12 bytes).
    Removing stm32f4xx_rcc.o(i.RCC_PLLConfig), (36 bytes).
    Removing stm32f4xx_rcc.o(i.RCC_PLLI2SCmd), (12 bytes).
    Removing stm32f4xx_rcc.o(i.RCC_PLLI2SConfig), (16 bytes).
    Removing stm32f4xx_rcc.o(i.RCC_PLLSAICmd), (12 bytes).
    Removing stm32f4xx_rcc.o(i.RCC_PLLSAIConfig), (24 bytes).
    Removing stm32f4xx_rcc.o(i.RCC_RTCCLKCmd), (12 bytes).
    Removing stm32f4xx_rcc.o(i.RCC_RTCCLKConfig), (60 bytes).
    Removing stm32f4xx_rcc.o(i.RCC_SAIBlockACLKConfig), (24 bytes).
    Removing stm32f4xx_rcc.o(i.RCC_SAIBlockBCLKConfig), (24 bytes).
    Removing stm32f4xx_rcc.o(i.RCC_SAIPLLI2SClkDivConfig), (28 bytes).
    Removing stm32f4xx_rcc.o(i.RCC_SAIPLLSAIClkDivConfig), (28 bytes).
    Removing stm32f4xx_rcc.o(i.RCC_SYSCLKConfig), (24 bytes).
    Removing stm32f4xx_rcc.o(i.RCC_TIMCLKPresConfig), (12 bytes).
    Removing stm32f4xx_rcc.o(i.RCC_WaitForHSEStartUp), (56 bytes).
    Removing stm32f4xx_syscfg.o(.rev16_text), (4 bytes).
    Removing stm32f4xx_syscfg.o(.revsh_text), (4 bytes).
    Removing stm32f4xx_syscfg.o(i.SYSCFG_CompensationCellCmd), (12 bytes).
    Removing stm32f4xx_syscfg.o(i.SYSCFG_DeInit), (22 bytes).
    Removing stm32f4xx_syscfg.o(i.SYSCFG_ETH_MediaInterfaceConfig), (12 bytes).
    Removing stm32f4xx_syscfg.o(i.SYSCFG_EXTILineConfig), (64 bytes).
    Removing stm32f4xx_syscfg.o(i.SYSCFG_GetCompensationCellStatus), (24 bytes).
    Removing stm32f4xx_syscfg.o(i.SYSCFG_MemoryRemapConfig), (12 bytes).
    Removing stm32f4xx_syscfg.o(i.SYSCFG_MemorySwappingBank), (12 bytes).
    Removing stm32f4xx_usart.o(.rev16_text), (4 bytes).
    Removing stm32f4xx_usart.o(.revsh_text), (4 bytes).
    Removing stm32f4xx_usart.o(i.USART_ClearFlag), (18 bytes).
    Removing stm32f4xx_usart.o(i.USART_ClearITPendingBit), (30 bytes).
    Removing stm32f4xx_usart.o(i.USART_ClockInit), (32 bytes).
    Removing stm32f4xx_usart.o(i.USART_ClockStructInit), (12 bytes).
    Removing stm32f4xx_usart.o(i.USART_DMACmd), (18 bytes).
    Removing stm32f4xx_usart.o(i.USART_DeInit), (240 bytes).
    Removing stm32f4xx_usart.o(i.USART_GetFlagStatus), (26 bytes).
    Removing stm32f4xx_usart.o(i.USART_GetITStatus), (84 bytes).
    Removing stm32f4xx_usart.o(i.USART_HalfDuplexCmd), (24 bytes).
    Removing stm32f4xx_usart.o(i.USART_IrDACmd), (24 bytes).
    Removing stm32f4xx_usart.o(i.USART_IrDAConfig), (18 bytes).
    Removing stm32f4xx_usart.o(i.USART_LINBreakDetectLengthConfig), (18 bytes).
    Removing stm32f4xx_usart.o(i.USART_LINCmd), (24 bytes).
    Removing stm32f4xx_usart.o(i.USART_OneBitMethodCmd), (24 bytes).
    Removing stm32f4xx_usart.o(i.USART_OverSampling8Cmd), (22 bytes).
    Removing stm32f4xx_usart.o(i.USART_ReceiveData), (10 bytes).
    Removing stm32f4xx_usart.o(i.USART_ReceiverWakeUpCmd), (24 bytes).
    Removing stm32f4xx_usart.o(i.USART_SendBreak), (10 bytes).
    Removing stm32f4xx_usart.o(i.USART_SendData), (8 bytes).
    Removing stm32f4xx_usart.o(i.USART_SetAddress), (18 bytes).
    Removing stm32f4xx_usart.o(i.USART_SetGuardTime), (16 bytes).
    Removing stm32f4xx_usart.o(i.USART_SetPrescaler), (16 bytes).
    Removing stm32f4xx_usart.o(i.USART_SmartCardCmd), (24 bytes).
    Removing stm32f4xx_usart.o(i.USART_SmartCardNACKCmd), (24 bytes).
    Removing stm32f4xx_usart.o(i.USART_StructInit), (24 bytes).
    Removing stm32f4xx_usart.o(i.USART_WakeUpConfig), (18 bytes).
    Removing stm32f4xx_tim.o(.rev16_text), (4 bytes).
    Removing stm32f4xx_tim.o(.revsh_text), (4 bytes).
    Removing stm32f4xx_tim.o(i.TI1_Config), (58 bytes).
    Removing stm32f4xx_tim.o(i.TI2_Config), (80 bytes).
    Removing stm32f4xx_tim.o(i.TI3_Config), (72 bytes).
    Removing stm32f4xx_tim.o(i.TI4_Config), (80 bytes).
    Removing stm32f4xx_tim.o(i.TIM_BDTRConfig), (32 bytes).
    Removing stm32f4xx_tim.o(i.TIM_BDTRStructInit), (18 bytes).
    Removing stm32f4xx_tim.o(i.TIM_CCPreloadControl), (24 bytes).
    Removing stm32f4xx_tim.o(i.TIM_CCxCmd), (30 bytes).
    Removing stm32f4xx_tim.o(i.TIM_CCxNCmd), (30 bytes).
    Removing stm32f4xx_tim.o(i.TIM_ClearFlag), (6 bytes).
    Removing stm32f4xx_tim.o(i.TIM_ClearOC1Ref), (18 bytes).
    Removing stm32f4xx_tim.o(i.TIM_ClearOC2Ref), (24 bytes).
    Removing stm32f4xx_tim.o(i.TIM_ClearOC3Ref), (18 bytes).
    Removing stm32f4xx_tim.o(i.TIM_ClearOC4Ref), (24 bytes).
    Removing stm32f4xx_tim.o(i.TIM_CounterModeConfig), (18 bytes).
    Removing stm32f4xx_tim.o(i.TIM_CtrlPWMOutputs), (30 bytes).
    Removing stm32f4xx_tim.o(i.TIM_DMACmd), (18 bytes).
    Removing stm32f4xx_tim.o(i.TIM_DMAConfig), (10 bytes).
    Removing stm32f4xx_tim.o(i.TIM_DeInit), (400 bytes).
    Removing stm32f4xx_tim.o(i.TIM_ETRClockMode1Config), (54 bytes).
    Removing stm32f4xx_tim.o(i.TIM_ETRClockMode2Config), (32 bytes).
    Removing stm32f4xx_tim.o(i.TIM_ETRConfig), (28 bytes).
    Removing stm32f4xx_tim.o(i.TIM_EncoderInterfaceConfig), (66 bytes).
    Removing stm32f4xx_tim.o(i.TIM_ForcedOC1Config), (18 bytes).
    Removing stm32f4xx_tim.o(i.TIM_ForcedOC2Config), (26 bytes).
    Removing stm32f4xx_tim.o(i.TIM_ForcedOC3Config), (18 bytes).
    Removing stm32f4xx_tim.o(i.TIM_ForcedOC4Config), (26 bytes).
    Removing stm32f4xx_tim.o(i.TIM_GenerateEvent), (4 bytes).
    Removing stm32f4xx_tim.o(i.TIM_GetCapture1), (6 bytes).
    Removing stm32f4xx_tim.o(i.TIM_GetCapture2), (6 bytes).
    Removing stm32f4xx_tim.o(i.TIM_GetCapture3), (6 bytes).
    Removing stm32f4xx_tim.o(i.TIM_GetCapture4), (6 bytes).
    Removing stm32f4xx_tim.o(i.TIM_GetCounter), (6 bytes).
    Removing stm32f4xx_tim.o(i.TIM_GetFlagStatus), (18 bytes).
    Removing stm32f4xx_tim.o(i.TIM_GetPrescaler), (6 bytes).
    Removing stm32f4xx_tim.o(i.TIM_ICInit), (110 bytes).
    Removing stm32f4xx_tim.o(i.TIM_ICStructInit), (18 bytes).
    Removing stm32f4xx_tim.o(i.TIM_ITRxExternalClockConfig), (24 bytes).
    Removing stm32f4xx_tim.o(i.TIM_InternalClockConfig), (12 bytes).
    Removing stm32f4xx_tim.o(i.TIM_OC1FastConfig), (18 bytes).
    Removing stm32f4xx_tim.o(i.TIM_OC1NPolarityConfig), (18 bytes).
    Removing stm32f4xx_tim.o(i.TIM_OC1PolarityConfig), (18 bytes).
    Removing stm32f4xx_tim.o(i.TIM_OC2FastConfig), (26 bytes).
    Removing stm32f4xx_tim.o(i.TIM_OC2NPolarityConfig), (26 bytes).
    Removing stm32f4xx_tim.o(i.TIM_OC2PolarityConfig), (26 bytes).
    Removing stm32f4xx_tim.o(i.TIM_OC3FastConfig), (18 bytes).
    Removing stm32f4xx_tim.o(i.TIM_OC3NPolarityConfig), (26 bytes).
    Removing stm32f4xx_tim.o(i.TIM_OC3PolarityConfig), (26 bytes).
    Removing stm32f4xx_tim.o(i.TIM_OC4FastConfig), (26 bytes).
    Removing stm32f4xx_tim.o(i.TIM_OC4PolarityConfig), (26 bytes).
    Removing stm32f4xx_tim.o(i.TIM_OCStructInit), (20 bytes).
    Removing stm32f4xx_tim.o(i.TIM_PWMIConfig), (124 bytes).
    Removing stm32f4xx_tim.o(i.TIM_PrescalerConfig), (6 bytes).
    Removing stm32f4xx_tim.o(i.TIM_RemapConfig), (6 bytes).
    Removing stm32f4xx_tim.o(i.TIM_SelectCCDMA), (24 bytes).
    Removing stm32f4xx_tim.o(i.TIM_SelectCOM), (24 bytes).
    Removing stm32f4xx_tim.o(i.TIM_SelectHallSensor), (24 bytes).
    Removing stm32f4xx_tim.o(i.TIM_SelectInputTrigger), (18 bytes).
    Removing stm32f4xx_tim.o(i.TIM_SelectMasterSlaveMode), (18 bytes).
    Removing stm32f4xx_tim.o(i.TIM_SelectOCxM), (86 bytes).
    Removing stm32f4xx_tim.o(i.TIM_SelectOnePulseMode), (18 bytes).
    Removing stm32f4xx_tim.o(i.TIM_SelectOutputTrigger), (18 bytes).
    Removing stm32f4xx_tim.o(i.TIM_SelectSlaveMode), (18 bytes).
    Removing stm32f4xx_tim.o(i.TIM_SetAutoreload), (4 bytes).
    Removing stm32f4xx_tim.o(i.TIM_SetClockDivision), (18 bytes).
    Removing stm32f4xx_tim.o(i.TIM_SetCounter), (4 bytes).
    Removing stm32f4xx_tim.o(i.TIM_SetIC1Prescaler), (18 bytes).
    Removing stm32f4xx_tim.o(i.TIM_SetIC2Prescaler), (26 bytes).
    Removing stm32f4xx_tim.o(i.TIM_SetIC3Prescaler), (18 bytes).
    Removing stm32f4xx_tim.o(i.TIM_SetIC4Prescaler), (26 bytes).
    Removing stm32f4xx_tim.o(i.TIM_TIxExternalClockConfig), (62 bytes).
    Removing stm32f4xx_tim.o(i.TIM_TimeBaseStructInit), (18 bytes).
    Removing stm32f4xx_tim.o(i.TIM_UpdateDisableConfig), (24 bytes).
    Removing stm32f4xx_tim.o(i.TIM_UpdateRequestConfig), (24 bytes).
    Removing stm32f4xx_dma.o(.rev16_text), (4 bytes).
    Removing stm32f4xx_dma.o(.revsh_text), (4 bytes).
    Removing stm32f4xx_dma.o(i.DMA_ClearFlag), (52 bytes).
    Removing stm32f4xx_dma.o(i.DMA_ClearITPendingBit), (52 bytes).
    Removing stm32f4xx_dma.o(i.DMA_DoubleBufferModeCmd), (22 bytes).
    Removing stm32f4xx_dma.o(i.DMA_DoubleBufferModeConfig), (24 bytes).
    Removing stm32f4xx_dma.o(i.DMA_FlowControllerConfig), (22 bytes).
    Removing stm32f4xx_dma.o(i.DMA_GetCmdStatus), (20 bytes).
    Removing stm32f4xx_dma.o(i.DMA_GetCurrDataCounter), (8 bytes).
    Removing stm32f4xx_dma.o(i.DMA_GetCurrentMemoryTarget), (20 bytes).
    Removing stm32f4xx_dma.o(i.DMA_GetFIFOStatus), (12 bytes).
    Removing stm32f4xx_dma.o(i.DMA_GetFlagStatus), (68 bytes).
    Removing stm32f4xx_dma.o(i.DMA_GetITStatus), (100 bytes).
    Removing stm32f4xx_dma.o(i.DMA_ITConfig), (58 bytes).
    Removing stm32f4xx_dma.o(i.DMA_MemoryTargetConfig), (10 bytes).
    Removing stm32f4xx_dma.o(i.DMA_PeriphIncOffsetSizeConfig), (22 bytes).
    Removing stm32f4xx_dma.o(i.DMA_SetCurrDataCounter), (4 bytes).
    Removing stm32f4xx_dma.o(i.DMA_StructInit), (34 bytes).
    Removing stm32f4xx_adc.o(.rev16_text), (4 bytes).
    Removing stm32f4xx_adc.o(.revsh_text), (4 bytes).
    Removing stm32f4xx_adc.o(i.ADC_AnalogWatchdogCmd), (20 bytes).
    Removing stm32f4xx_adc.o(i.ADC_AnalogWatchdogSingleChannelConfig), (16 bytes).
    Removing stm32f4xx_adc.o(i.ADC_AnalogWatchdogThresholdsConfig), (6 bytes).
    Removing stm32f4xx_adc.o(i.ADC_AutoInjectedConvCmd), (22 bytes).
    Removing stm32f4xx_adc.o(i.ADC_ClearFlag), (6 bytes).
    Removing stm32f4xx_adc.o(i.ADC_ClearITPendingBit), (10 bytes).
    Removing stm32f4xx_adc.o(i.ADC_CommonStructInit), (12 bytes).
    Removing stm32f4xx_adc.o(i.ADC_ContinuousModeCmd), (22 bytes).
    Removing stm32f4xx_adc.o(i.ADC_DiscModeChannelCountConfig), (24 bytes).
    Removing stm32f4xx_adc.o(i.ADC_DiscModeCmd), (22 bytes).
    Removing stm32f4xx_adc.o(i.ADC_EOCOnEachRegularChannelCmd), (22 bytes).
    Removing stm32f4xx_adc.o(i.ADC_ExternalTrigInjectedConvConfig), (16 bytes).
    Removing stm32f4xx_adc.o(i.ADC_ExternalTrigInjectedConvEdgeConfig), (16 bytes).
    Removing stm32f4xx_adc.o(i.ADC_GetConversionValue), (8 bytes).
    Removing stm32f4xx_adc.o(i.ADC_GetFlagStatus), (18 bytes).
    Removing stm32f4xx_adc.o(i.ADC_GetITStatus), (38 bytes).
    Removing stm32f4xx_adc.o(i.ADC_GetInjectedConversionValue), (28 bytes).
    Removing stm32f4xx_adc.o(i.ADC_GetMultiModeConversionValue), (12 bytes).
    Removing stm32f4xx_adc.o(i.ADC_GetSoftwareStartConvStatus), (20 bytes).
    Removing stm32f4xx_adc.o(i.ADC_GetSoftwareStartInjectedConvCmdStatus), (20 bytes).
    Removing stm32f4xx_adc.o(i.ADC_ITConfig), (32 bytes).
    Removing stm32f4xx_adc.o(i.ADC_InjectedChannelConfig), (130 bytes).
    Removing stm32f4xx_adc.o(i.ADC_InjectedDiscModeCmd), (22 bytes).
    Removing stm32f4xx_adc.o(i.ADC_InjectedSequencerLengthConfig), (24 bytes).
    Removing stm32f4xx_adc.o(i.ADC_MultiModeDMARequestAfterLastTransferCmd), (44 bytes).
    Removing stm32f4xx_adc.o(i.ADC_SetInjectedOffset), (20 bytes).
    Removing stm32f4xx_adc.o(i.ADC_SoftwareStartInjectedConv), (10 bytes).
    Removing stm32f4xx_adc.o(i.ADC_StructInit), (20 bytes).
    Removing stm32f4xx_adc.o(i.ADC_TempSensorVrefintCmd), (44 bytes).
    Removing stm32f4xx_adc.o(i.ADC_VBATCmd), (44 bytes).

359 unused section(s) (total 17722 bytes) removed from the image.

==============================================================================

Image Symbol Table

    Local Symbols

    Symbol Name                              Value     Ov Type        Size  Object(Section)

    ../clib/angel/boardlib.s                 0x00000000   Number         0  boardinit1.o ABSOLUTE
    ../clib/angel/boardlib.s                 0x00000000   Number         0  boardinit2.o ABSOLUTE
    ../clib/angel/boardlib.s                 0x00000000   Number         0  boardinit3.o ABSOLUTE
    ../clib/angel/boardlib.s                 0x00000000   Number         0  boardshut.o ABSOLUTE
    ../clib/angel/dczerorl2.s                0x00000000   Number         0  __dczerorl2.o ABSOLUTE
    ../clib/angel/handlers.s                 0x00000000   Number         0  __scatter_zi.o ABSOLUTE
    ../clib/angel/kernel.s                   0x00000000   Number         0  rtexit.o ABSOLUTE
    ../clib/angel/kernel.s                   0x00000000   Number         0  rtexit2.o ABSOLUTE
    ../clib/angel/kernel.s                   0x00000000   Number         0  __rtentry2.o ABSOLUTE
    ../clib/angel/kernel.s                   0x00000000   Number         0  __rtentry4.o ABSOLUTE
    ../clib/angel/kernel.s                   0x00000000   Number         0  __rtentry.o ABSOLUTE
    ../clib/angel/rt.s                       0x00000000   Number         0  rt_raise.o ABSOLUTE
    ../clib/angel/scatter.s                  0x00000000   Number         0  __scatter.o ABSOLUTE
    ../clib/angel/startup.s                  0x00000000   Number         0  __main.o ABSOLUTE
    ../clib/angel/sys.s                      0x00000000   Number         0  use_no_semi.o ABSOLUTE
    ../clib/angel/sys.s                      0x00000000   Number         0  libspace.o ABSOLUTE
    ../clib/angel/sys.s                      0x00000000   Number         0  indicate_semi.o ABSOLUTE
    ../clib/angel/sys.s                      0x00000000   Number         0  sys_stackheap_outer.o ABSOLUTE
    ../clib/angel/sys.s                      0x00000000   Number         0  use_no_semi_2.o ABSOLUTE
    ../clib/angel/sysapp.c                   0x00000000   Number         0  sys_wrch.o ABSOLUTE
    ../clib/angel/sysapp.c                   0x00000000   Number         0  sys_command.o ABSOLUTE
    ../clib/armsys.c                         0x00000000   Number         0  argv_veneer.o ABSOLUTE
    ../clib/armsys.c                         0x00000000   Number         0  argv_veneer.o ABSOLUTE
    ../clib/armsys.c                         0x00000000   Number         0  no_argv.o ABSOLUTE
    ../clib/armsys.c                         0x00000000   Number         0  _get_argv_nomalloc.o ABSOLUTE
    ../clib/heapalloc.c                      0x00000000   Number         0  hrguard.o ABSOLUTE
    ../clib/heapaux.c                        0x00000000   Number         0  heapauxi.o ABSOLUTE
    ../clib/libinit.s                        0x00000000   Number         0  libshutdown2.o ABSOLUTE
    ../clib/libinit.s                        0x00000000   Number         0  libinit2.o ABSOLUTE
    ../clib/libinit.s                        0x00000000   Number         0  libshutdown.o ABSOLUTE
    ../clib/libinit.s                        0x00000000   Number         0  libinit.o ABSOLUTE
    ../clib/signal.c                         0x00000000   Number         0  defsig_pvfn_inner.o ABSOLUTE
    ../clib/signal.c                         0x00000000   Number         0  defsig_abrt_inner.o ABSOLUTE
    ../clib/signal.c                         0x00000000   Number         0  defsig_fpe_inner.o ABSOLUTE
    ../clib/signal.c                         0x00000000   Number         0  defsig_rtred_inner.o ABSOLUTE
    ../clib/signal.c                         0x00000000   Number         0  defsig_rtmem_formal.o ABSOLUTE
    ../clib/signal.c                         0x00000000   Number         0  defsig_rtmem_outer.o ABSOLUTE
    ../clib/signal.c                         0x00000000   Number         0  defsig_stak_inner.o ABSOLUTE
    ../clib/signal.c                         0x00000000   Number         0  defsig_other.o ABSOLUTE
    ../clib/signal.c                         0x00000000   Number         0  defsig_segv_inner.o ABSOLUTE
    ../clib/signal.c                         0x00000000   Number         0  defsig_cppl_inner.o ABSOLUTE
    ../clib/signal.c                         0x00000000   Number         0  defsig_general.o ABSOLUTE
    ../clib/signal.c                         0x00000000   Number         0  __raise.o ABSOLUTE
    ../clib/signal.c                         0x00000000   Number         0  defsig_rtmem_inner.o ABSOLUTE
    ../clib/signal.c                         0x00000000   Number         0  defsig_exit.o ABSOLUTE
    ../clib/signal.s                         0x00000000   Number         0  defsig.o ABSOLUTE
    ../clib/stdlib.c                         0x00000000   Number         0  exit.o ABSOLUTE
    ../fplib/daddsub.s                       0x00000000   Number         0  daddsub_clz.o ABSOLUTE
    ../fplib/dfixu.s                         0x00000000   Number         0  dfixu.o ABSOLUTE
    ../fplib/dflt.s                          0x00000000   Number         0  dflt_clz.o ABSOLUTE
    ../fplib/dmul.s                          0x00000000   Number         0  dmul.o ABSOLUTE
    ../fplib/dnaninf.s                       0x00000000   Number         0  dnaninf.o ABSOLUTE
    ../fplib/dretinf.s                       0x00000000   Number         0  dretinf.o ABSOLUTE
    ../fplib/fpinit.s                        0x00000000   Number         0  fpinit.o ABSOLUTE
    ../fplib/usenofp.s                       0x00000000   Number         0  usenofp.o ABSOLUTE
    ..\CORE\startup_stm32f40_41xxx.s         0x00000000   Number         0  startup_stm32f40_41xxx.o ABSOLUTE
    ..\FWLIB\src\misc.c                      0x00000000   Number         0  misc.o ABSOLUTE
    ..\FWLIB\src\stm32f4xx_adc.c             0x00000000   Number         0  stm32f4xx_adc.o ABSOLUTE
    ..\FWLIB\src\stm32f4xx_dma.c             0x00000000   Number         0  stm32f4xx_dma.o ABSOLUTE
    ..\FWLIB\src\stm32f4xx_gpio.c            0x00000000   Number         0  stm32f4xx_gpio.o ABSOLUTE
    ..\FWLIB\src\stm32f4xx_rcc.c             0x00000000   Number         0  stm32f4xx_rcc.o ABSOLUTE
    ..\FWLIB\src\stm32f4xx_syscfg.c          0x00000000   Number         0  stm32f4xx_syscfg.o ABSOLUTE
    ..\FWLIB\src\stm32f4xx_tim.c             0x00000000   Number         0  stm32f4xx_tim.o ABSOLUTE
    ..\FWLIB\src\stm32f4xx_usart.c           0x00000000   Number         0  stm32f4xx_usart.o ABSOLUTE
    ..\HARDWARE\24CXX\24cxx.c                0x00000000   Number         0  24cxx.o ABSOLUTE
    ..\HARDWARE\BEEP\beep.c                  0x00000000   Number         0  beep.o ABSOLUTE
    ..\HARDWARE\COMPASS_NST\compass_nst.c    0x00000000   Number         0  compass_nst.o ABSOLUTE
    ..\HARDWARE\IIC\myiic.c                  0x00000000   Number         0  myiic.o ABSOLUTE
    ..\HARDWARE\KEY\key.c                    0x00000000   Number         0  key.o ABSOLUTE
    ..\HARDWARE\LCD\lcd.c                    0x00000000   Number         0  lcd.o ABSOLUTE
    ..\HARDWARE\LED\led.c                    0x00000000   Number         0  led.o ABSOLUTE
    ..\HARDWARE\PWM\pwm.c                    0x00000000   Number         0  pwm.o ABSOLUTE
    ..\HARDWARE\SENSOR\sensor.c              0x00000000   Number         0  sensor.o ABSOLUTE
    ..\HARDWARE\SERVOR_BC\servor_bc.c        0x00000000   Number         0  servor_bc.o ABSOLUTE
    ..\HARDWARE\TIMER\timer.c                0x00000000   Number         0  timer.o ABSOLUTE
    ..\SYSTEM\delay\delay.c                  0x00000000   Number         0  delay.o ABSOLUTE
    ..\SYSTEM\sys\sys.c                      0x00000000   Number         0  sys.o ABSOLUTE
    ..\SYSTEM\usart\usart.c                  0x00000000   Number         0  usart.o ABSOLUTE
    ..\\FWLIB\\src\\misc.c                   0x00000000   Number         0  misc.o ABSOLUTE
    ..\\FWLIB\\src\\stm32f4xx_adc.c          0x00000000   Number         0  stm32f4xx_adc.o ABSOLUTE
    ..\\FWLIB\\src\\stm32f4xx_dma.c          0x00000000   Number         0  stm32f4xx_dma.o ABSOLUTE
    ..\\FWLIB\\src\\stm32f4xx_gpio.c         0x00000000   Number         0  stm32f4xx_gpio.o ABSOLUTE
    ..\\FWLIB\\src\\stm32f4xx_rcc.c          0x00000000   Number         0  stm32f4xx_rcc.o ABSOLUTE
    ..\\FWLIB\\src\\stm32f4xx_syscfg.c       0x00000000   Number         0  stm32f4xx_syscfg.o ABSOLUTE
    ..\\FWLIB\\src\\stm32f4xx_tim.c          0x00000000   Number         0  stm32f4xx_tim.o ABSOLUTE
    ..\\FWLIB\\src\\stm32f4xx_usart.c        0x00000000   Number         0  stm32f4xx_usart.o ABSOLUTE
    ..\\HARDWARE\\24CXX\\24cxx.c             0x00000000   Number         0  24cxx.o ABSOLUTE
    ..\\HARDWARE\\BEEP\\beep.c               0x00000000   Number         0  beep.o ABSOLUTE
    ..\\HARDWARE\\COMPASS_NST\\compass_nst.c 0x00000000   Number         0  compass_nst.o ABSOLUTE
    ..\\HARDWARE\\IIC\\myiic.c               0x00000000   Number         0  myiic.o ABSOLUTE
    ..\\HARDWARE\\KEY\\key.c                 0x00000000   Number         0  key.o ABSOLUTE
    ..\\HARDWARE\\LCD\\lcd.c                 0x00000000   Number         0  lcd.o ABSOLUTE
    ..\\HARDWARE\\LED\\led.c                 0x00000000   Number         0  led.o ABSOLUTE
    ..\\HARDWARE\\PWM\\pwm.c                 0x00000000   Number         0  pwm.o ABSOLUTE
    ..\\HARDWARE\\SENSOR\\sensor.c           0x00000000   Number         0  sensor.o ABSOLUTE
    ..\\HARDWARE\\SERVOR_BC\\servor_bc.c     0x00000000   Number         0  servor_bc.o ABSOLUTE
    ..\\HARDWARE\\TIMER\\timer.c             0x00000000   Number         0  timer.o ABSOLUTE
    ..\\SYSTEM\\delay\\delay.c               0x00000000   Number         0  delay.o ABSOLUTE
    ..\\SYSTEM\\sys\\sys.c                   0x00000000   Number         0  sys.o ABSOLUTE
    ..\\SYSTEM\\usart\\usart.c               0x00000000   Number         0  usart.o ABSOLUTE
    AD_Detection.c                           0x00000000   Number         0  ad_detection.o ABSOLUTE
    AD_Detection.c                           0x00000000   Number         0  ad_detection.o ABSOLUTE
    RobotInit.c                              0x00000000   Number         0  robotinit.o ABSOLUTE
    RobotInit.c                              0x00000000   Number         0  robotinit.o ABSOLUTE
    dc.s                                     0x00000000   Number         0  dc.o ABSOLUTE
    edge.c                                   0x00000000   Number         0  edge.o ABSOLUTE
    edge.c                                   0x00000000   Number         0  edge.o ABSOLUTE
    init.c                                   0x00000000   Number         0  init.o ABSOLUTE
    init.c                                   0x00000000   Number         0  init.o ABSOLUTE
    main.c                                   0x00000000   Number         0  main.o ABSOLUTE
    main.c                                   0x00000000   Number         0  main.o ABSOLUTE
    stm32f4xx_it.c                           0x00000000   Number         0  stm32f4xx_it.o ABSOLUTE
    stm32f4xx_it.c                           0x00000000   Number         0  stm32f4xx_it.o ABSOLUTE
    system_stm32f4xx.c                       0x00000000   Number         0  system_stm32f4xx.o ABSOLUTE
    system_stm32f4xx.c                       0x00000000   Number         0  system_stm32f4xx.o ABSOLUTE
    ysy.c                                    0x00000000   Number         0  ysy.o ABSOLUTE
    ysy.c                                    0x00000000   Number         0  ysy.o ABSOLUTE
    RESET                                    0x08000000   Section      392  startup_stm32f40_41xxx.o(RESET)
    !!!main                                  0x08000188   Section        8  __main.o(!!!main)
    !!!scatter                               0x08000190   Section       52  __scatter.o(!!!scatter)
    !!dczerorl2                              0x080001c4   Section       90  __dczerorl2.o(!!dczerorl2)
    !!handler_zi                             0x08000220   Section       28  __scatter_zi.o(!!handler_zi)
    .ARM.Collect$$libinit$$00000000          0x0800023c   Section        2  libinit.o(.ARM.Collect$$libinit$$00000000)
    .ARM.Collect$$libinit$$00000001          0x0800023e   Section        4  libinit2.o(.ARM.Collect$$libinit$$00000001)
    .ARM.Collect$$libinit$$00000004          0x08000242   Section        0  libinit2.o(.ARM.Collect$$libinit$$00000004)
    .ARM.Collect$$libinit$$0000000A          0x08000242   Section        0  libinit2.o(.ARM.Collect$$libinit$$0000000A)
    .ARM.Collect$$libinit$$0000000C          0x08000242   Section        0  libinit2.o(.ARM.Collect$$libinit$$0000000C)
    .ARM.Collect$$libinit$$0000000E          0x08000242   Section        0  libinit2.o(.ARM.Collect$$libinit$$0000000E)
    .ARM.Collect$$libinit$$00000011          0x08000242   Section        0  libinit2.o(.ARM.Collect$$libinit$$00000011)
    .ARM.Collect$$libinit$$00000013          0x08000242   Section        0  libinit2.o(.ARM.Collect$$libinit$$00000013)
    .ARM.Collect$$libinit$$00000015          0x08000242   Section        0  libinit2.o(.ARM.Collect$$libinit$$00000015)
    .ARM.Collect$$libinit$$00000017          0x08000242   Section        0  libinit2.o(.ARM.Collect$$libinit$$00000017)
    .ARM.Collect$$libinit$$00000019          0x08000242   Section        0  libinit2.o(.ARM.Collect$$libinit$$00000019)
    .ARM.Collect$$libinit$$0000001B          0x08000242   Section        0  libinit2.o(.ARM.Collect$$libinit$$0000001B)
    .ARM.Collect$$libinit$$0000001D          0x08000242   Section        0  libinit2.o(.ARM.Collect$$libinit$$0000001D)
    .ARM.Collect$$libinit$$0000001F          0x08000242   Section        0  libinit2.o(.ARM.Collect$$libinit$$0000001F)
    .ARM.Collect$$libinit$$00000021          0x08000242   Section        0  libinit2.o(.ARM.Collect$$libinit$$00000021)
    .ARM.Collect$$libinit$$00000023          0x08000242   Section        0  libinit2.o(.ARM.Collect$$libinit$$00000023)
    .ARM.Collect$$libinit$$00000025          0x08000242   Section        0  libinit2.o(.ARM.Collect$$libinit$$00000025)
    .ARM.Collect$$libinit$$0000002C          0x08000242   Section        0  libinit2.o(.ARM.Collect$$libinit$$0000002C)
    .ARM.Collect$$libinit$$0000002E          0x08000242   Section        0  libinit2.o(.ARM.Collect$$libinit$$0000002E)
    .ARM.Collect$$libinit$$00000030          0x08000242   Section        0  libinit2.o(.ARM.Collect$$libinit$$00000030)
    .ARM.Collect$$libinit$$00000032          0x08000242   Section        0  libinit2.o(.ARM.Collect$$libinit$$00000032)
    .ARM.Collect$$libinit$$00000033          0x08000242   Section        2  libinit2.o(.ARM.Collect$$libinit$$00000033)
    .ARM.Collect$$libshutdown$$00000000      0x08000244   Section        2  libshutdown.o(.ARM.Collect$$libshutdown$$00000000)
    .ARM.Collect$$libshutdown$$00000003      0x08000246   Section        0  libshutdown2.o(.ARM.Collect$$libshutdown$$00000003)
    .ARM.Collect$$libshutdown$$00000006      0x08000246   Section        0  libshutdown2.o(.ARM.Collect$$libshutdown$$00000006)
    .ARM.Collect$$libshutdown$$00000009      0x08000246   Section        0  libshutdown2.o(.ARM.Collect$$libshutdown$$00000009)
    .ARM.Collect$$libshutdown$$0000000B      0x08000246   Section        0  libshutdown2.o(.ARM.Collect$$libshutdown$$0000000B)
    .ARM.Collect$$libshutdown$$0000000E      0x08000246   Section        0  libshutdown2.o(.ARM.Collect$$libshutdown$$0000000E)
    .ARM.Collect$$libshutdown$$0000000F      0x08000246   Section        2  libshutdown2.o(.ARM.Collect$$libshutdown$$0000000F)
    .ARM.Collect$$rtentry$$00000000          0x08000248   Section        0  __rtentry.o(.ARM.Collect$$rtentry$$00000000)
    .ARM.Collect$$rtentry$$00000002          0x08000248   Section        0  __rtentry2.o(.ARM.Collect$$rtentry$$00000002)
    .ARM.Collect$$rtentry$$00000004          0x08000248   Section        6  __rtentry4.o(.ARM.Collect$$rtentry$$00000004)
    .ARM.Collect$$rtentry$$00000009          0x0800024e   Section        0  __rtentry2.o(.ARM.Collect$$rtentry$$00000009)
    .ARM.Collect$$rtentry$$0000000A          0x0800024e   Section        4  __rtentry2.o(.ARM.Collect$$rtentry$$0000000A)
    .ARM.Collect$$rtentry$$0000000C          0x08000252   Section        0  __rtentry2.o(.ARM.Collect$$rtentry$$0000000C)
    .ARM.Collect$$rtentry$$0000000D          0x08000252   Section        8  __rtentry2.o(.ARM.Collect$$rtentry$$0000000D)
    .ARM.Collect$$rtexit$$00000000           0x0800025a   Section        2  rtexit.o(.ARM.Collect$$rtexit$$00000000)
    .ARM.Collect$$rtexit$$00000002           0x0800025c   Section        0  rtexit2.o(.ARM.Collect$$rtexit$$00000002)
    .ARM.Collect$$rtexit$$00000003           0x0800025c   Section        4  rtexit2.o(.ARM.Collect$$rtexit$$00000003)
    .ARM.Collect$$rtexit$$00000004           0x08000260   Section        6  rtexit2.o(.ARM.Collect$$rtexit$$00000004)
    .text                                    0x08000268   Section       64  startup_stm32f40_41xxx.o(.text)
    $v0                                      0x08000268   Number         0  startup_stm32f40_41xxx.o(.text)
    .text                                    0x080002a8   Section        2  use_no_semi_2.o(.text)
    .text                                    0x080002aa   Section        0  heapauxi.o(.text)
    .text                                    0x080002b0   Section        2  use_no_semi.o(.text)
    .text                                    0x080002b2   Section       74  sys_stackheap_outer.o(.text)
    .text                                    0x080002fc   Section        0  exit.o(.text)
    .text                                    0x08000308   Section        8  libspace.o(.text)
    i.ADC_Cmd                                0x08000310   Section        0  stm32f4xx_adc.o(i.ADC_Cmd)
    i.ADC_CommonInit                         0x08000328   Section        0  stm32f4xx_adc.o(i.ADC_CommonInit)
    i.ADC_DMACmd                             0x08000358   Section        0  stm32f4xx_adc.o(i.ADC_DMACmd)
    i.ADC_DMARequestAfterLastTransferCmd     0x0800036e   Section        0  stm32f4xx_adc.o(i.ADC_DMARequestAfterLastTransferCmd)
    i.ADC_DeInit                             0x08000384   Section        0  stm32f4xx_adc.o(i.ADC_DeInit)
    i.ADC_Init                               0x0800039c   Section        0  stm32f4xx_adc.o(i.ADC_Init)
    i.ADC_RegularChannelConfig               0x080003f0   Section        0  stm32f4xx_adc.o(i.ADC_RegularChannelConfig)
    i.ADC_SoftwareStartConv                  0x080004a8   Section        0  stm32f4xx_adc.o(i.ADC_SoftwareStartConv)
    i.BEEP_Init                              0x080004b4   Section        0  beep.o(i.BEEP_Init)
    i.BusFault_Handler                       0x080004ec   Section        0  stm32f4xx_it.o(i.BusFault_Handler)
    i.DMA_Cmd                                0x080004f0   Section        0  stm32f4xx_dma.o(i.DMA_Cmd)
    i.DMA_DeInit                             0x08000508   Section        0  stm32f4xx_dma.o(i.DMA_DeInit)
    i.DMA_Init                               0x08000660   Section        0  stm32f4xx_dma.o(i.DMA_Init)
    i.DebugMon_Handler                       0x080006b8   Section        0  stm32f4xx_it.o(i.DebugMon_Handler)
    i.GBZK_ROMOUTRESET                       0x080006bc   Section        0  lcd.o(i.GBZK_ROMOUTRESET)
    i.GBZK_ROMOUTSET                         0x080006e8   Section        0  lcd.o(i.GBZK_ROMOUTSET)
    i.GPIO_Init                              0x08000714   Section        0  stm32f4xx_gpio.o(i.GPIO_Init)
    i.GPIO_PinAFConfig                       0x080007a4   Section        0  stm32f4xx_gpio.o(i.GPIO_PinAFConfig)
    i.GPIO_ReadInputDataBit                  0x080007ea   Section        0  stm32f4xx_gpio.o(i.GPIO_ReadInputDataBit)
    i.GPIO_ResetBits                         0x080007fc   Section        0  stm32f4xx_gpio.o(i.GPIO_ResetBits)
    i.GPIO_SetBits                           0x08000800   Section        0  stm32f4xx_gpio.o(i.GPIO_SetBits)
    i.HardFault_Handler                      0x08000804   Section        0  stm32f4xx_it.o(i.HardFault_Handler)
    i.InitLCD                                0x08000808   Section        0  lcd.o(i.InitLCD)
    i.KEY_Init                               0x080008e0   Section        0  key.o(i.KEY_Init)
    i.LED_Init                               0x08000970   Section        0  led.o(i.LED_Init)
    i.MarineRobot_init                       0x080009dc   Section        0  init.o(i.MarineRobot_init)
    i.MemManage_Handler                      0x08000a58   Section        0  stm32f4xx_it.o(i.MemManage_Handler)
    i.NMI_Handler                            0x08000a5c   Section        0  stm32f4xx_it.o(i.NMI_Handler)
    i.NVIC_Init                              0x08000a60   Section        0  misc.o(i.NVIC_Init)
    i.NVIC_PriorityGroupConfig               0x08000ad8   Section        0  misc.o(i.NVIC_PriorityGroupConfig)
    i.OLED_GPIO_Config                       0x08000aec   Section        0  lcd.o(i.OLED_GPIO_Config)
    i.PWM_Init                               0x08000b18   Section        0  pwm.o(i.PWM_Init)
    i.PendSV_Handler                         0x08000b36   Section        0  stm32f4xx_it.o(i.PendSV_Handler)
    i.RCC_AHB1PeriphClockCmd                 0x08000b38   Section        0  stm32f4xx_rcc.o(i.RCC_AHB1PeriphClockCmd)
    i.RCC_APB1PeriphClockCmd                 0x08000b58   Section        0  stm32f4xx_rcc.o(i.RCC_APB1PeriphClockCmd)
    i.RCC_APB2PeriphClockCmd                 0x08000b78   Section        0  stm32f4xx_rcc.o(i.RCC_APB2PeriphClockCmd)
    i.RCC_APB2PeriphResetCmd                 0x08000b98   Section        0  stm32f4xx_rcc.o(i.RCC_APB2PeriphResetCmd)
    i.RCC_GetClocksFreq                      0x08000bb8   Section        0  stm32f4xx_rcc.o(i.RCC_GetClocksFreq)
    i.SENSOR_Init                            0x08000ca0   Section        0  sensor.o(i.SENSOR_Init)
    i.SVC_Handler                            0x08000f78   Section        0  stm32f4xx_it.o(i.SVC_Handler)
    i.SetSysClock                            0x08000f7c   Section        0  system_stm32f4xx.o(i.SetSysClock)
    SetSysClock                              0x08000f7d   Thumb Code   220  system_stm32f4xx.o(i.SetSysClock)
    i.SysTick_CLKSourceConfig                0x08001068   Section        0  misc.o(i.SysTick_CLKSourceConfig)
    i.SysTick_Handler                        0x08001090   Section        0  stm32f4xx_it.o(i.SysTick_Handler)
    i.SystemInit                             0x08001094   Section        0  system_stm32f4xx.o(i.SystemInit)
    i.TIM2_IRQHandler                        0x080010fc   Section        0  timer.o(i.TIM2_IRQHandler)
    i.TIM2_Int_Init                          0x08001170   Section        0  timer.o(i.TIM2_Int_Init)
    i.TIM3_PWM_Init                          0x080011c4   Section        0  pwm.o(i.TIM3_PWM_Init)
    i.TIM4_PWM_Init                          0x080012e0   Section        0  pwm.o(i.TIM4_PWM_Init)
    i.TIM5_IRQHandler                        0x080013fc   Section        0  timer.o(i.TIM5_IRQHandler)
    i.TIM5_Int_Init                          0x08001440   Section        0  timer.o(i.TIM5_Int_Init)
    i.TIM_ARRPreloadConfig                   0x08001494   Section        0  stm32f4xx_tim.o(i.TIM_ARRPreloadConfig)
    i.TIM_ClearITPendingBit                  0x080014ac   Section        0  stm32f4xx_tim.o(i.TIM_ClearITPendingBit)
    i.TIM_Cmd                                0x080014b2   Section        0  stm32f4xx_tim.o(i.TIM_Cmd)
    i.TIM_GetITStatus                        0x080014ca   Section        0  stm32f4xx_tim.o(i.TIM_GetITStatus)
    i.TIM_ITConfig                           0x080014ec   Section        0  stm32f4xx_tim.o(i.TIM_ITConfig)
    i.TIM_OC1Init                            0x08001500   Section        0  stm32f4xx_tim.o(i.TIM_OC1Init)
    i.TIM_OC1PreloadConfig                   0x0800157c   Section        0  stm32f4xx_tim.o(i.TIM_OC1PreloadConfig)
    i.TIM_OC2Init                            0x08001590   Section        0  stm32f4xx_tim.o(i.TIM_OC2Init)
    i.TIM_OC2PreloadConfig                   0x08001634   Section        0  stm32f4xx_tim.o(i.TIM_OC2PreloadConfig)
    i.TIM_OC3Init                            0x08001650   Section        0  stm32f4xx_tim.o(i.TIM_OC3Init)
    i.TIM_OC3PreloadConfig                   0x080016f0   Section        0  stm32f4xx_tim.o(i.TIM_OC3PreloadConfig)
    i.TIM_OC4Init                            0x08001704   Section        0  stm32f4xx_tim.o(i.TIM_OC4Init)
    i.TIM_OC4PreloadConfig                   0x0800177c   Section        0  stm32f4xx_tim.o(i.TIM_OC4PreloadConfig)
    i.TIM_SetCompare1                        0x08001796   Section        0  stm32f4xx_tim.o(i.TIM_SetCompare1)
    i.TIM_SetCompare2                        0x0800179a   Section        0  stm32f4xx_tim.o(i.TIM_SetCompare2)
    i.TIM_SetCompare3                        0x0800179e   Section        0  stm32f4xx_tim.o(i.TIM_SetCompare3)
    i.TIM_SetCompare4                        0x080017a2   Section        0  stm32f4xx_tim.o(i.TIM_SetCompare4)
    i.TIM_TimeBaseInit                       0x080017a8   Section        0  stm32f4xx_tim.o(i.TIM_TimeBaseInit)
    i.USART3_IRQHandler                      0x0800182c   Section        0  usart.o(i.USART3_IRQHandler)
    i.USART_Cmd                              0x0800182e   Section        0  stm32f4xx_usart.o(i.USART_Cmd)
    i.USART_ITConfig                         0x08001846   Section        0  stm32f4xx_usart.o(i.USART_ITConfig)
    i.USART_Init                             0x08001890   Section        0  stm32f4xx_usart.o(i.USART_Init)
    i.UsageFault_Handler                     0x08001964   Section        0  stm32f4xx_it.o(i.UsageFault_Handler)
    i._sys_exit                              0x08001968   Section        0  usart.o(i._sys_exit)
    i.allmotor                               0x0800196e   Section        0  pwm.o(i.allmotor)
    i.beep                                   0x0800199e   Section        0  beep.o(i.beep)
    i.beep_time                              0x080019a8   Section        0  timer.o(i.beep_time)
    i.clear_screen                           0x080019c0   Section        0  lcd.o(i.clear_screen)
    i.delay                                  0x08001a14   Section        0  lcd.o(i.delay)
    i.delay_init                             0x08001a30   Section        0  delay.o(i.delay_init)
    i.delay_ms                               0x08001a6c   Section        0  delay.o(i.delay_ms)
    i.delay_xms                              0x08001aa4   Section        0  delay.o(i.delay_xms)
    i.display_GB2312_string                  0x08001af0   Section        0  lcd.o(i.display_GB2312_string)
    i.display_graphic_16x16                  0x08001c68   Section        0  lcd.o(i.display_graphic_16x16)
    i.display_graphic_8x16                   0x08001cc4   Section        0  lcd.o(i.display_graphic_8x16)
    i.get_data_from_ROM                      0x08001d18   Section        0  lcd.o(i.get_data_from_ROM)
    get_data_from_ROM                        0x08001d19   Thumb Code    92  lcd.o(i.get_data_from_ROM)
    i.get_n_bytes_data_from_ROM              0x08001d78   Section        0  lcd.o(i.get_n_bytes_data_from_ROM)
    i.init_servos                            0x08001ddc   Section        0  pwm.o(i.init_servos)
    i.lcd_address                            0x08001e00   Section        0  lcd.o(i.lcd_address)
    i.led_off                                0x08001e24   Section        0  led.o(i.led_off)
    i.led_on                                 0x08001e30   Section        0  led.o(i.led_on)
    i.main                                   0x08001e3c   Section        0  main.o(i.main)
    i.motor                                  0x08001ec0   Section        0  pwm.o(i.motor)
    i.send_command_to_ROM                    0x08001fb4   Section        0  lcd.o(i.send_command_to_ROM)
    i.start_feedback                         0x08002000   Section        0  ysy.o(i.start_feedback)
    i.start_time                             0x08002038   Section        0  timer.o(i.start_time)
    i.start_time_1                           0x08002058   Section        0  timer.o(i.start_time_1)
    i.transfer_command_lcd                   0x0800207c   Section        0  lcd.o(i.transfer_command_lcd)
    i.transfer_data_lcd                      0x080020e0   Section        0  lcd.o(i.transfer_data_lcd)
    i.uart_init                              0x08002144   Section        0  usart.o(i.uart_init)
    x$fpl$fpinit                             0x08002264   Section       10  fpinit.o(x$fpl$fpinit)
    $v0                                      0x08002264   Number         0  fpinit.o(x$fpl$fpinit)
    .data                                    0x20000000   Section     1524  lcd.o(.data)
    ascii_table_8x16                         0x20000000   Data        1520  lcd.o(.data)
    .data                                    0x200005f4   Section       12  timer.o(.data)
    .data                                    0x20000600   Section        4  delay.o(.data)
    fac_us                                   0x20000600   Data           1  delay.o(.data)
    fac_ms                                   0x20000602   Data           2  delay.o(.data)
    .data                                    0x20000604   Section       16  stm32f4xx_rcc.o(.data)
    APBAHBPrescTable                         0x20000604   Data          16  stm32f4xx_rcc.o(.data)
    .bss                                     0x20000614   Section       96  sensor.o(.bss)
    .bss                                     0x20000674   Section       96  libspace.o(.bss)
    HEAP                                     0x200006d8   Section      512  startup_stm32f40_41xxx.o(HEAP)
    Heap_Mem                                 0x200006d8   Data         512  startup_stm32f40_41xxx.o(HEAP)
    STACK                                    0x200008d8   Section     1024  startup_stm32f40_41xxx.o(STACK)
    Stack_Mem                                0x200008d8   Data        1024  startup_stm32f40_41xxx.o(STACK)
    __initial_sp                             0x20000cd8   Data           0  startup_stm32f40_41xxx.o(STACK)

    Global Symbols

    Symbol Name                              Value     Ov Type        Size  Object(Section)

    BuildAttributes$$THM_ISAv4$E$P$D$K$B$S$7EM$VFPi3$EXTD16$VFPS$VFMA$PE$A:L22UL41UL21$X:L11$S22US41US21$IEEE1$IW$USESV6$~STKCKD$USESV7$~SHL$OSPACE$ROPI$EBA8$UX$STANDARDLIB$REQ8$PRES8$EABIv2 0x00000000   Number         0  anon$$obj.o ABSOLUTE
    __ARM_use_no_argv                        0x00000000   Number         0  main.o ABSOLUTE
    __ARM_exceptions_init                     - Undefined Weak Reference
    __alloca_initialize                       - Undefined Weak Reference
    __arm_preinit_                            - Undefined Weak Reference
    __cpp_initialize__aeabi_                  - Undefined Weak Reference
    __cxa_finalize                            - Undefined Weak Reference
    __rt_locale                               - Undefined Weak Reference
    __sigvec_lookup                           - Undefined Weak Reference
    _atexit_init                              - Undefined Weak Reference
    _call_atexit_fns                          - Undefined Weak Reference
    _clock_init                               - Undefined Weak Reference
    _fp_trap_init                             - Undefined Weak Reference
    _fp_trap_shutdown                         - Undefined Weak Reference
    _get_lc_collate                           - Undefined Weak Reference
    _get_lc_ctype                             - Undefined Weak Reference
    _get_lc_monetary                          - Undefined Weak Reference
    _get_lc_numeric                           - Undefined Weak Reference
    _get_lc_time                              - Undefined Weak Reference
    _getenv_init                              - Undefined Weak Reference
    _handle_redirection                       - Undefined Weak Reference
    _init_alloc                               - Undefined Weak Reference
    _init_user_alloc                          - Undefined Weak Reference
    _initio                                   - Undefined Weak Reference
    _rand_init                                - Undefined Weak Reference
    _signal_finish                            - Undefined Weak Reference
    _signal_init                              - Undefined Weak Reference
    _terminate_alloc                          - Undefined Weak Reference
    _terminate_user_alloc                     - Undefined Weak Reference
    _terminateio                              - Undefined Weak Reference
    __Vectors_Size                           0x00000188   Number         0  startup_stm32f40_41xxx.o ABSOLUTE
    __Vectors                                0x08000000   Data           4  startup_stm32f40_41xxx.o(RESET)
    __Vectors_End                            0x08000188   Data           0  startup_stm32f40_41xxx.o(RESET)
    __main                                   0x08000189   Thumb Code     8  __main.o(!!!main)
    __scatterload                            0x08000191   Thumb Code     0  __scatter.o(!!!scatter)
    __scatterload_rt2                        0x08000191   Thumb Code    44  __scatter.o(!!!scatter)
    __scatterload_rt2_thumb_only             0x08000191   Thumb Code     0  __scatter.o(!!!scatter)
    __scatterload_null                       0x0800019f   Thumb Code     0  __scatter.o(!!!scatter)
    __decompress                             0x080001c5   Thumb Code    90  __dczerorl2.o(!!dczerorl2)
    __decompress1                            0x080001c5   Thumb Code     0  __dczerorl2.o(!!dczerorl2)
    __scatterload_zeroinit                   0x08000221   Thumb Code    28  __scatter_zi.o(!!handler_zi)
    __rt_lib_init                            0x0800023d   Thumb Code     0  libinit.o(.ARM.Collect$$libinit$$00000000)
    __rt_lib_init_fp_1                       0x0800023f   Thumb Code     0  libinit2.o(.ARM.Collect$$libinit$$00000001)
    __rt_lib_init_alloca_1                   0x08000243   Thumb Code     0  libinit2.o(.ARM.Collect$$libinit$$0000002E)
    __rt_lib_init_argv_1                     0x08000243   Thumb Code     0  libinit2.o(.ARM.Collect$$libinit$$0000002C)
    __rt_lib_init_atexit_1                   0x08000243   Thumb Code     0  libinit2.o(.ARM.Collect$$libinit$$0000001B)
    __rt_lib_init_clock_1                    0x08000243   Thumb Code     0  libinit2.o(.ARM.Collect$$libinit$$00000021)
    __rt_lib_init_cpp_1                      0x08000243   Thumb Code     0  libinit2.o(.ARM.Collect$$libinit$$00000032)
    __rt_lib_init_exceptions_1               0x08000243   Thumb Code     0  libinit2.o(.ARM.Collect$$libinit$$00000030)
    __rt_lib_init_fp_trap_1                  0x08000243   Thumb Code     0  libinit2.o(.ARM.Collect$$libinit$$0000001F)
    __rt_lib_init_getenv_1                   0x08000243   Thumb Code     0  libinit2.o(.ARM.Collect$$libinit$$00000023)
    __rt_lib_init_heap_1                     0x08000243   Thumb Code     0  libinit2.o(.ARM.Collect$$libinit$$0000000A)
    __rt_lib_init_lc_collate_1               0x08000243   Thumb Code     0  libinit2.o(.ARM.Collect$$libinit$$00000011)
    __rt_lib_init_lc_ctype_1                 0x08000243   Thumb Code     0  libinit2.o(.ARM.Collect$$libinit$$00000013)
    __rt_lib_init_lc_monetary_1              0x08000243   Thumb Code     0  libinit2.o(.ARM.Collect$$libinit$$00000015)
    __rt_lib_init_lc_numeric_1               0x08000243   Thumb Code     0  libinit2.o(.ARM.Collect$$libinit$$00000017)
    __rt_lib_init_lc_time_1                  0x08000243   Thumb Code     0  libinit2.o(.ARM.Collect$$libinit$$00000019)
    __rt_lib_init_preinit_1                  0x08000243   Thumb Code     0  libinit2.o(.ARM.Collect$$libinit$$00000004)
    __rt_lib_init_rand_1                     0x08000243   Thumb Code     0  libinit2.o(.ARM.Collect$$libinit$$0000000E)
    __rt_lib_init_return                     0x08000243   Thumb Code     0  libinit2.o(.ARM.Collect$$libinit$$00000033)
    __rt_lib_init_signal_1                   0x08000243   Thumb Code     0  libinit2.o(.ARM.Collect$$libinit$$0000001D)
    __rt_lib_init_stdio_1                    0x08000243   Thumb Code     0  libinit2.o(.ARM.Collect$$libinit$$00000025)
    __rt_lib_init_user_alloc_1               0x08000243   Thumb Code     0  libinit2.o(.ARM.Collect$$libinit$$0000000C)
    __rt_lib_shutdown                        0x08000245   Thumb Code     0  libshutdown.o(.ARM.Collect$$libshutdown$$00000000)
    __rt_lib_shutdown_fp_trap_1              0x08000247   Thumb Code     0  libshutdown2.o(.ARM.Collect$$libshutdown$$00000006)
    __rt_lib_shutdown_heap_1                 0x08000247   Thumb Code     0  libshutdown2.o(.ARM.Collect$$libshutdown$$0000000E)
    __rt_lib_shutdown_return                 0x08000247   Thumb Code     0  libshutdown2.o(.ARM.Collect$$libshutdown$$0000000F)
    __rt_lib_shutdown_signal_1               0x08000247   Thumb Code     0  libshutdown2.o(.ARM.Collect$$libshutdown$$00000009)
    __rt_lib_shutdown_stdio_1                0x08000247   Thumb Code     0  libshutdown2.o(.ARM.Collect$$libshutdown$$00000003)
    __rt_lib_shutdown_user_alloc_1           0x08000247   Thumb Code     0  libshutdown2.o(.ARM.Collect$$libshutdown$$0000000B)
    __rt_entry                               0x08000249   Thumb Code     0  __rtentry.o(.ARM.Collect$$rtentry$$00000000)
    __rt_entry_presh_1                       0x08000249   Thumb Code     0  __rtentry2.o(.ARM.Collect$$rtentry$$00000002)
    __rt_entry_sh                            0x08000249   Thumb Code     0  __rtentry4.o(.ARM.Collect$$rtentry$$00000004)
    __rt_entry_li                            0x0800024f   Thumb Code     0  __rtentry2.o(.ARM.Collect$$rtentry$$0000000A)
    __rt_entry_postsh_1                      0x0800024f   Thumb Code     0  __rtentry2.o(.ARM.Collect$$rtentry$$00000009)
    __rt_entry_main                          0x08000253   Thumb Code     0  __rtentry2.o(.ARM.Collect$$rtentry$$0000000D)
    __rt_entry_postli_1                      0x08000253   Thumb Code     0  __rtentry2.o(.ARM.Collect$$rtentry$$0000000C)
    __rt_exit                                0x0800025b   Thumb Code     0  rtexit.o(.ARM.Collect$$rtexit$$00000000)
    __rt_exit_ls                             0x0800025d   Thumb Code     0  rtexit2.o(.ARM.Collect$$rtexit$$00000003)
    __rt_exit_prels_1                        0x0800025d   Thumb Code     0  rtexit2.o(.ARM.Collect$$rtexit$$00000002)
    __rt_exit_exit                           0x08000261   Thumb Code     0  rtexit2.o(.ARM.Collect$$rtexit$$00000004)
    Reset_Handler                            0x08000269   Thumb Code     8  startup_stm32f40_41xxx.o(.text)
    ADC_IRQHandler                           0x08000283   Thumb Code     0  startup_stm32f40_41xxx.o(.text)
    CAN1_RX0_IRQHandler                      0x08000283   Thumb Code     0  startup_stm32f40_41xxx.o(.text)
    CAN1_RX1_IRQHandler                      0x08000283   Thumb Code     0  startup_stm32f40_41xxx.o(.text)
    CAN1_SCE_IRQHandler                      0x08000283   Thumb Code     0  startup_stm32f40_41xxx.o(.text)
    CAN1_TX_IRQHandler                       0x08000283   Thumb Code     0  startup_stm32f40_41xxx.o(.text)
    CAN2_RX0_IRQHandler                      0x08000283   Thumb Code     0  startup_stm32f40_41xxx.o(.text)
    CAN2_RX1_IRQHandler                      0x08000283   Thumb Code     0  startup_stm32f40_41xxx.o(.text)
    CAN2_SCE_IRQHandler                      0x08000283   Thumb Code     0  startup_stm32f40_41xxx.o(.text)
    CAN2_TX_IRQHandler                       0x08000283   Thumb Code     0  startup_stm32f40_41xxx.o(.text)
    CRYP_IRQHandler                          0x08000283   Thumb Code     0  startup_stm32f40_41xxx.o(.text)
    DCMI_IRQHandler                          0x08000283   Thumb Code     0  startup_stm32f40_41xxx.o(.text)
    DMA1_Stream0_IRQHandler                  0x08000283   Thumb Code     0  startup_stm32f40_41xxx.o(.text)
    DMA1_Stream1_IRQHandler                  0x08000283   Thumb Code     0  startup_stm32f40_41xxx.o(.text)
    DMA1_Stream2_IRQHandler                  0x08000283   Thumb Code     0  startup_stm32f40_41xxx.o(.text)
    DMA1_Stream3_IRQHandler                  0x08000283   Thumb Code     0  startup_stm32f40_41xxx.o(.text)
    DMA1_Stream4_IRQHandler                  0x08000283   Thumb Code     0  startup_stm32f40_41xxx.o(.text)
    DMA1_Stream5_IRQHandler                  0x08000283   Thumb Code     0  startup_stm32f40_41xxx.o(.text)
    DMA1_Stream6_IRQHandler                  0x08000283   Thumb Code     0  startup_stm32f40_41xxx.o(.text)
    DMA1_Stream7_IRQHandler                  0x08000283   Thumb Code     0  startup_stm32f40_41xxx.o(.text)
    DMA2_Stream0_IRQHandler                  0x08000283   Thumb Code     0  startup_stm32f40_41xxx.o(.text)
    DMA2_Stream1_IRQHandler                  0x08000283   Thumb Code     0  startup_stm32f40_41xxx.o(.text)
    DMA2_Stream2_IRQHandler                  0x08000283   Thumb Code     0  startup_stm32f40_41xxx.o(.text)
    DMA2_Stream3_IRQHandler                  0x08000283   Thumb Code     0  startup_stm32f40_41xxx.o(.text)
    DMA2_Stream4_IRQHandler                  0x08000283   Thumb Code     0  startup_stm32f40_41xxx.o(.text)
    DMA2_Stream5_IRQHandler                  0x08000283   Thumb Code     0  startup_stm32f40_41xxx.o(.text)
    DMA2_Stream6_IRQHandler                  0x08000283   Thumb Code     0  startup_stm32f40_41xxx.o(.text)
    DMA2_Stream7_IRQHandler                  0x08000283   Thumb Code     0  startup_stm32f40_41xxx.o(.text)
    ETH_IRQHandler                           0x08000283   Thumb Code     0  startup_stm32f40_41xxx.o(.text)
    ETH_WKUP_IRQHandler                      0x08000283   Thumb Code     0  startup_stm32f40_41xxx.o(.text)
    EXTI0_IRQHandler                         0x08000283   Thumb Code     0  startup_stm32f40_41xxx.o(.text)
    EXTI15_10_IRQHandler                     0x08000283   Thumb Code     0  startup_stm32f40_41xxx.o(.text)
    EXTI1_IRQHandler                         0x08000283   Thumb Code     0  startup_stm32f40_41xxx.o(.text)
    EXTI2_IRQHandler                         0x08000283   Thumb Code     0  startup_stm32f40_41xxx.o(.text)
    EXTI3_IRQHandler                         0x08000283   Thumb Code     0  startup_stm32f40_41xxx.o(.text)
    EXTI4_IRQHandler                         0x08000283   Thumb Code     0  startup_stm32f40_41xxx.o(.text)
    EXTI9_5_IRQHandler                       0x08000283   Thumb Code     0  startup_stm32f40_41xxx.o(.text)
    FLASH_IRQHandler                         0x08000283   Thumb Code     0  startup_stm32f40_41xxx.o(.text)
    FPU_IRQHandler                           0x08000283   Thumb Code     0  startup_stm32f40_41xxx.o(.text)
    FSMC_IRQHandler                          0x08000283   Thumb Code     0  startup_stm32f40_41xxx.o(.text)
    HASH_RNG_IRQHandler                      0x08000283   Thumb Code     0  startup_stm32f40_41xxx.o(.text)
    I2C1_ER_IRQHandler                       0x08000283   Thumb Code     0  startup_stm32f40_41xxx.o(.text)
    I2C1_EV_IRQHandler                       0x08000283   Thumb Code     0  startup_stm32f40_41xxx.o(.text)
    I2C2_ER_IRQHandler                       0x08000283   Thumb Code     0  startup_stm32f40_41xxx.o(.text)
    I2C2_EV_IRQHandler                       0x08000283   Thumb Code     0  startup_stm32f40_41xxx.o(.text)
    I2C3_ER_IRQHandler                       0x08000283   Thumb Code     0  startup_stm32f40_41xxx.o(.text)
    I2C3_EV_IRQHandler                       0x08000283   Thumb Code     0  startup_stm32f40_41xxx.o(.text)
    OTG_FS_IRQHandler                        0x08000283   Thumb Code     0  startup_stm32f40_41xxx.o(.text)
    OTG_FS_WKUP_IRQHandler                   0x08000283   Thumb Code     0  startup_stm32f40_41xxx.o(.text)
    OTG_HS_EP1_IN_IRQHandler                 0x08000283   Thumb Code     0  startup_stm32f40_41xxx.o(.text)
    OTG_HS_EP1_OUT_IRQHandler                0x08000283   Thumb Code     0  startup_stm32f40_41xxx.o(.text)
    OTG_HS_IRQHandler                        0x08000283   Thumb Code     0  startup_stm32f40_41xxx.o(.text)
    OTG_HS_WKUP_IRQHandler                   0x08000283   Thumb Code     0  startup_stm32f40_41xxx.o(.text)
    PVD_IRQHandler                           0x08000283   Thumb Code     0  startup_stm32f40_41xxx.o(.text)
    RCC_IRQHandler                           0x08000283   Thumb Code     0  startup_stm32f40_41xxx.o(.text)
    RTC_Alarm_IRQHandler                     0x08000283   Thumb Code     0  startup_stm32f40_41xxx.o(.text)
    RTC_WKUP_IRQHandler                      0x08000283   Thumb Code     0  startup_stm32f40_41xxx.o(.text)
    SDIO_IRQHandler                          0x08000283   Thumb Code     0  startup_stm32f40_41xxx.o(.text)
    SPI1_IRQHandler                          0x08000283   Thumb Code     0  startup_stm32f40_41xxx.o(.text)
    SPI2_IRQHandler                          0x08000283   Thumb Code     0  startup_stm32f40_41xxx.o(.text)
    SPI3_IRQHandler                          0x08000283   Thumb Code     0  startup_stm32f40_41xxx.o(.text)
    TAMP_STAMP_IRQHandler                    0x08000283   Thumb Code     0  startup_stm32f40_41xxx.o(.text)
    TIM1_BRK_TIM9_IRQHandler                 0x08000283   Thumb Code     0  startup_stm32f40_41xxx.o(.text)
    TIM1_CC_IRQHandler                       0x08000283   Thumb Code     0  startup_stm32f40_41xxx.o(.text)
    TIM1_TRG_COM_TIM11_IRQHandler            0x08000283   Thumb Code     0  startup_stm32f40_41xxx.o(.text)
    TIM1_UP_TIM10_IRQHandler                 0x08000283   Thumb Code     0  startup_stm32f40_41xxx.o(.text)
    TIM3_IRQHandler                          0x08000283   Thumb Code     0  startup_stm32f40_41xxx.o(.text)
    TIM4_IRQHandler                          0x08000283   Thumb Code     0  startup_stm32f40_41xxx.o(.text)
    TIM6_DAC_IRQHandler                      0x08000283   Thumb Code     0  startup_stm32f40_41xxx.o(.text)
    TIM7_IRQHandler                          0x08000283   Thumb Code     0  startup_stm32f40_41xxx.o(.text)
    TIM8_BRK_TIM12_IRQHandler                0x08000283   Thumb Code     0  startup_stm32f40_41xxx.o(.text)
    TIM8_CC_IRQHandler                       0x08000283   Thumb Code     0  startup_stm32f40_41xxx.o(.text)
    TIM8_TRG_COM_TIM14_IRQHandler            0x08000283   Thumb Code     0  startup_stm32f40_41xxx.o(.text)
    TIM8_UP_TIM13_IRQHandler                 0x08000283   Thumb Code     0  startup_stm32f40_41xxx.o(.text)
    UART4_IRQHandler                         0x08000283   Thumb Code     0  startup_stm32f40_41xxx.o(.text)
    UART5_IRQHandler                         0x08000283   Thumb Code     0  startup_stm32f40_41xxx.o(.text)
    USART1_IRQHandler                        0x08000283   Thumb Code     0  startup_stm32f40_41xxx.o(.text)
    USART2_IRQHandler                        0x08000283   Thumb Code     0  startup_stm32f40_41xxx.o(.text)
    USART6_IRQHandler                        0x08000283   Thumb Code     0  startup_stm32f40_41xxx.o(.text)
    WWDG_IRQHandler                          0x08000283   Thumb Code     0  startup_stm32f40_41xxx.o(.text)
    __user_initial_stackheap                 0x08000285   Thumb Code     0  startup_stm32f40_41xxx.o(.text)
    __use_no_semihosting                     0x080002a9   Thumb Code     2  use_no_semi_2.o(.text)
    __use_two_region_memory                  0x080002ab   Thumb Code     2  heapauxi.o(.text)
    __rt_heap_escrow$2region                 0x080002ad   Thumb Code     2  heapauxi.o(.text)
    __rt_heap_expand$2region                 0x080002af   Thumb Code     2  heapauxi.o(.text)
    __I$use$semihosting                      0x080002b1   Thumb Code     0  use_no_semi.o(.text)
    __use_no_semihosting_swi                 0x080002b1   Thumb Code     2  use_no_semi.o(.text)
    __user_setup_stackheap                   0x080002b3   Thumb Code    74  sys_stackheap_outer.o(.text)
    exit                                     0x080002fd   Thumb Code    12  exit.o(.text)
    __user_libspace                          0x08000309   Thumb Code     8  libspace.o(.text)
    __user_perproc_libspace                  0x08000309   Thumb Code     0  libspace.o(.text)
    __user_perthread_libspace                0x08000309   Thumb Code     0  libspace.o(.text)
    ADC_Cmd                                  0x08000311   Thumb Code    22  stm32f4xx_adc.o(i.ADC_Cmd)
    ADC_CommonInit                           0x08000329   Thumb Code    34  stm32f4xx_adc.o(i.ADC_CommonInit)
    ADC_DMACmd                               0x08000359   Thumb Code    22  stm32f4xx_adc.o(i.ADC_DMACmd)
    ADC_DMARequestAfterLastTransferCmd       0x0800036f   Thumb Code    22  stm32f4xx_adc.o(i.ADC_DMARequestAfterLastTransferCmd)
    ADC_DeInit                               0x08000385   Thumb Code    22  stm32f4xx_adc.o(i.ADC_DeInit)
    ADC_Init                                 0x0800039d   Thumb Code    74  stm32f4xx_adc.o(i.ADC_Init)
    ADC_RegularChannelConfig                 0x080003f1   Thumb Code   184  stm32f4xx_adc.o(i.ADC_RegularChannelConfig)
    ADC_SoftwareStartConv                    0x080004a9   Thumb Code    10  stm32f4xx_adc.o(i.ADC_SoftwareStartConv)
    BEEP_Init                                0x080004b5   Thumb Code    52  beep.o(i.BEEP_Init)
    BusFault_Handler                         0x080004ed   Thumb Code     4  stm32f4xx_it.o(i.BusFault_Handler)
    DMA_Cmd                                  0x080004f1   Thumb Code    22  stm32f4xx_dma.o(i.DMA_Cmd)
    DMA_DeInit                               0x08000509   Thumb Code   324  stm32f4xx_dma.o(i.DMA_DeInit)
    DMA_Init                                 0x08000661   Thumb Code    82  stm32f4xx_dma.o(i.DMA_Init)
    DebugMon_Handler                         0x080006b9   Thumb Code     2  stm32f4xx_it.o(i.DebugMon_Handler)
    GBZK_ROMOUTRESET                         0x080006bd   Thumb Code    38  lcd.o(i.GBZK_ROMOUTRESET)
    GBZK_ROMOUTSET                           0x080006e9   Thumb Code    40  lcd.o(i.GBZK_ROMOUTSET)
    GPIO_Init                                0x08000715   Thumb Code   144  stm32f4xx_gpio.o(i.GPIO_Init)
    GPIO_PinAFConfig                         0x080007a5   Thumb Code    70  stm32f4xx_gpio.o(i.GPIO_PinAFConfig)
    GPIO_ReadInputDataBit                    0x080007eb   Thumb Code    18  stm32f4xx_gpio.o(i.GPIO_ReadInputDataBit)
    GPIO_ResetBits                           0x080007fd   Thumb Code     4  stm32f4xx_gpio.o(i.GPIO_ResetBits)
    GPIO_SetBits                             0x08000801   Thumb Code     4  stm32f4xx_gpio.o(i.GPIO_SetBits)
    HardFault_Handler                        0x08000805   Thumb Code     4  stm32f4xx_it.o(i.HardFault_Handler)
    InitLCD                                  0x08000809   Thumb Code   212  lcd.o(i.InitLCD)
    KEY_Init                                 0x080008e1   Thumb Code   128  key.o(i.KEY_Init)
    LED_Init                                 0x08000971   Thumb Code   100  led.o(i.LED_Init)
    MarineRobot_init                         0x080009dd   Thumb Code   118  init.o(i.MarineRobot_init)
    MemManage_Handler                        0x08000a59   Thumb Code     4  stm32f4xx_it.o(i.MemManage_Handler)
    NMI_Handler                              0x08000a5d   Thumb Code     2  stm32f4xx_it.o(i.NMI_Handler)
    NVIC_Init                                0x08000a61   Thumb Code   106  misc.o(i.NVIC_Init)
    NVIC_PriorityGroupConfig                 0x08000ad9   Thumb Code    10  misc.o(i.NVIC_PriorityGroupConfig)
    OLED_GPIO_Config                         0x08000aed   Thumb Code    40  lcd.o(i.OLED_GPIO_Config)
    PWM_Init                                 0x08000b19   Thumb Code    30  pwm.o(i.PWM_Init)
    PendSV_Handler                           0x08000b37   Thumb Code     2  stm32f4xx_it.o(i.PendSV_Handler)
    RCC_AHB1PeriphClockCmd                   0x08000b39   Thumb Code    26  stm32f4xx_rcc.o(i.RCC_AHB1PeriphClockCmd)
    RCC_APB1PeriphClockCmd                   0x08000b59   Thumb Code    26  stm32f4xx_rcc.o(i.RCC_APB1PeriphClockCmd)
    RCC_APB2PeriphClockCmd                   0x08000b79   Thumb Code    26  stm32f4xx_rcc.o(i.RCC_APB2PeriphClockCmd)
    RCC_APB2PeriphResetCmd                   0x08000b99   Thumb Code    26  stm32f4xx_rcc.o(i.RCC_APB2PeriphResetCmd)
    RCC_GetClocksFreq                        0x08000bb9   Thumb Code   214  stm32f4xx_rcc.o(i.RCC_GetClocksFreq)
    SENSOR_Init                              0x08000ca1   Thumb Code   696  sensor.o(i.SENSOR_Init)
    SVC_Handler                              0x08000f79   Thumb Code     2  stm32f4xx_it.o(i.SVC_Handler)
    SysTick_CLKSourceConfig                  0x08001069   Thumb Code    40  misc.o(i.SysTick_CLKSourceConfig)
    SysTick_Handler                          0x08001091   Thumb Code     2  stm32f4xx_it.o(i.SysTick_Handler)
    SystemInit                               0x08001095   Thumb Code    88  system_stm32f4xx.o(i.SystemInit)
    TIM2_IRQHandler                          0x080010fd   Thumb Code    96  timer.o(i.TIM2_IRQHandler)
    TIM2_Int_Init                            0x08001171   Thumb Code    82  timer.o(i.TIM2_Int_Init)
    TIM3_PWM_Init                            0x080011c5   Thumb Code   276  pwm.o(i.TIM3_PWM_Init)
    TIM4_PWM_Init                            0x080012e1   Thumb Code   276  pwm.o(i.TIM4_PWM_Init)
    TIM5_IRQHandler                          0x080013fd   Thumb Code    54  timer.o(i.TIM5_IRQHandler)
    TIM5_Int_Init                            0x08001441   Thumb Code    80  timer.o(i.TIM5_Int_Init)
    TIM_ARRPreloadConfig                     0x08001495   Thumb Code    24  stm32f4xx_tim.o(i.TIM_ARRPreloadConfig)
    TIM_ClearITPendingBit                    0x080014ad   Thumb Code     6  stm32f4xx_tim.o(i.TIM_ClearITPendingBit)
    TIM_Cmd                                  0x080014b3   Thumb Code    24  stm32f4xx_tim.o(i.TIM_Cmd)
    TIM_GetITStatus                          0x080014cb   Thumb Code    34  stm32f4xx_tim.o(i.TIM_GetITStatus)
    TIM_ITConfig                             0x080014ed   Thumb Code    18  stm32f4xx_tim.o(i.TIM_ITConfig)
    TIM_OC1Init                              0x08001501   Thumb Code   114  stm32f4xx_tim.o(i.TIM_OC1Init)
    TIM_OC1PreloadConfig                     0x0800157d   Thumb Code    18  stm32f4xx_tim.o(i.TIM_OC1PreloadConfig)
    TIM_OC2Init                              0x08001591   Thumb Code   154  stm32f4xx_tim.o(i.TIM_OC2Init)
    TIM_OC2PreloadConfig                     0x08001635   Thumb Code    26  stm32f4xx_tim.o(i.TIM_OC2PreloadConfig)
    TIM_OC3Init                              0x08001651   Thumb Code   150  stm32f4xx_tim.o(i.TIM_OC3Init)
    TIM_OC3PreloadConfig                     0x080016f1   Thumb Code    18  stm32f4xx_tim.o(i.TIM_OC3PreloadConfig)
    TIM_OC4Init                              0x08001705   Thumb Code   112  stm32f4xx_tim.o(i.TIM_OC4Init)
    TIM_OC4PreloadConfig                     0x0800177d   Thumb Code    26  stm32f4xx_tim.o(i.TIM_OC4PreloadConfig)
    TIM_SetCompare1                          0x08001797   Thumb Code     4  stm32f4xx_tim.o(i.TIM_SetCompare1)
    TIM_SetCompare2                          0x0800179b   Thumb Code     4  stm32f4xx_tim.o(i.TIM_SetCompare2)
    TIM_SetCompare3                          0x0800179f   Thumb Code     4  stm32f4xx_tim.o(i.TIM_SetCompare3)
    TIM_SetCompare4                          0x080017a3   Thumb Code     4  stm32f4xx_tim.o(i.TIM_SetCompare4)
    TIM_TimeBaseInit                         0x080017a9   Thumb Code   104  stm32f4xx_tim.o(i.TIM_TimeBaseInit)
    USART3_IRQHandler                        0x0800182d   Thumb Code     2  usart.o(i.USART3_IRQHandler)
    USART_Cmd                                0x0800182f   Thumb Code    24  stm32f4xx_usart.o(i.USART_Cmd)
    USART_ITConfig                           0x08001847   Thumb Code    74  stm32f4xx_usart.o(i.USART_ITConfig)
    USART_Init                               0x08001891   Thumb Code   204  stm32f4xx_usart.o(i.USART_Init)
    UsageFault_Handler                       0x08001965   Thumb Code     4  stm32f4xx_it.o(i.UsageFault_Handler)
    _sys_exit                                0x08001969   Thumb Code     6  usart.o(i._sys_exit)
    allmotor                                 0x0800196f   Thumb Code    48  pwm.o(i.allmotor)
    beep                                     0x0800199f   Thumb Code     8  beep.o(i.beep)
    beep_time                                0x080019a9   Thumb Code    14  timer.o(i.beep_time)
    clear_screen                             0x080019c1   Thumb Code    78  lcd.o(i.clear_screen)
    delay                                    0x08001a15   Thumb Code    26  lcd.o(i.delay)
    delay_init                               0x08001a31   Thumb Code    52  delay.o(i.delay_init)
    delay_ms                                 0x08001a6d   Thumb Code    56  delay.o(i.delay_ms)
    delay_xms                                0x08001aa5   Thumb Code    72  delay.o(i.delay_xms)
    display_GB2312_string                    0x08001af1   Thumb Code   368  lcd.o(i.display_GB2312_string)
    display_graphic_16x16                    0x08001c69   Thumb Code    88  lcd.o(i.display_graphic_16x16)
    display_graphic_8x16                     0x08001cc5   Thumb Code    80  lcd.o(i.display_graphic_8x16)
    get_n_bytes_data_from_ROM                0x08001d79   Thumb Code    94  lcd.o(i.get_n_bytes_data_from_ROM)
    init_servos                              0x08001ddd   Thumb Code    30  pwm.o(i.init_servos)
    lcd_address                              0x08001e01   Thumb Code    34  lcd.o(i.lcd_address)
    led_off                                  0x08001e25   Thumb Code     8  led.o(i.led_off)
    led_on                                   0x08001e31   Thumb Code     8  led.o(i.led_on)
    main                                     0x08001e3d   Thumb Code   128  main.o(i.main)
    motor                                    0x08001ec1   Thumb Code   230  pwm.o(i.motor)
    send_command_to_ROM                      0x08001fb5   Thumb Code    70  lcd.o(i.send_command_to_ROM)
    start_feedback                           0x08002001   Thumb Code    42  ysy.o(i.start_feedback)
    start_time                               0x08002039   Thumb Code    22  timer.o(i.start_time)
    start_time_1                             0x08002059   Thumb Code    22  timer.o(i.start_time_1)
    transfer_command_lcd                     0x0800207d   Thumb Code    94  lcd.o(i.transfer_command_lcd)
    transfer_data_lcd                        0x080020e1   Thumb Code    94  lcd.o(i.transfer_data_lcd)
    uart_init                                0x08002145   Thumb Code   272  usart.o(i.uart_init)
    _fp_init                                 0x08002265   Thumb Code    10  fpinit.o(x$fpl$fpinit)
    __fplib_config_fpu_vfp                   0x0800226d   Thumb Code     0  fpinit.o(x$fpl$fpinit)
    __fplib_config_pureend_doubles           0x0800226d   Thumb Code     0  fpinit.o(x$fpl$fpinit)
    Region$$Table$$Base                      0x08002270   Number         0  anon$$obj.o(Region$$Table)
    Region$$Table$$Limit                     0x08002290   Number         0  anon$$obj.o(Region$$Table)
    fontaddr                                 0x200005f0   Data           4  lcd.o(.data)
    count_ms_0                               0x200005f4   Data           2  timer.o(.data)
    count_s_0                                0x200005f6   Data           2  timer.o(.data)
    count_ms_1                               0x200005f8   Data           2  timer.o(.data)
    count_s_1                                0x200005fa   Data           2  timer.o(.data)
    beep_label                               0x200005fc   Data           1  timer.o(.data)
    beep_ms                                  0x200005fe   Data           2  timer.o(.data)
    AD_Value                                 0x20000614   Data          32  sensor.o(.bss)
    After_filter                             0x20000634   Data          32  sensor.o(.bss)
    last_filter                              0x20000654   Data          32  sensor.o(.bss)
    __libspace_start                         0x20000674   Data          96  libspace.o(.bss)
    __temporary_stack_top$libspace           0x200006d4   Data           0  libspace.o(.bss)



==============================================================================

Memory Map of the image

  Image Entry point : 0x08000189

  Load Region LR_IROM1 (Base: 0x08000000, Size: 0x000028a4, Max: 0x00080000, ABSOLUTE, COMPRESSED[0x00002610])

    Execution Region ER_IROM1 (Base: 0x08000000, Size: 0x00002290, Max: 0x00080000, ABSOLUTE)

    Base Addr    Size         Type   Attr      Idx    E Section Name        Object

    0x08000000   0x00000188   Data   RO         1363    RESET               startup_stm32f40_41xxx.o
    0x08000188   0x00000008   Code   RO         3026  * !!!main             c_w.l(__main.o)
    0x08000190   0x00000034   Code   RO         3205    !!!scatter          c_w.l(__scatter.o)
    0x080001c4   0x0000005a   Code   RO         3203    !!dczerorl2         c_w.l(__dczerorl2.o)
    0x0800021e   0x00000002   PAD
    0x08000220   0x0000001c   Code   RO         3207    !!handler_zi        c_w.l(__scatter_zi.o)
    0x0800023c   0x00000002   Code   RO         3078    .ARM.Collect$$libinit$$00000000  c_w.l(libinit.o)
    0x0800023e   0x00000004   Code   RO         3084    .ARM.Collect$$libinit$$00000001  c_w.l(libinit2.o)
    0x08000242   0x00000000   Code   RO         3087    .ARM.Collect$$libinit$$00000004  c_w.l(libinit2.o)
    0x08000242   0x00000000   Code   RO         3090    .ARM.Collect$$libinit$$0000000A  c_w.l(libinit2.o)
    0x08000242   0x00000000   Code   RO         3092    .ARM.Collect$$libinit$$0000000C  c_w.l(libinit2.o)
    0x08000242   0x00000000   Code   RO         3094    .ARM.Collect$$libinit$$0000000E  c_w.l(libinit2.o)
    0x08000242   0x00000000   Code   RO         3097    .ARM.Collect$$libinit$$00000011  c_w.l(libinit2.o)
    0x08000242   0x00000000   Code   RO         3099    .ARM.Collect$$libinit$$00000013  c_w.l(libinit2.o)
    0x08000242   0x00000000   Code   RO         3101    .ARM.Collect$$libinit$$00000015  c_w.l(libinit2.o)
    0x08000242   0x00000000   Code   RO         3103    .ARM.Collect$$libinit$$00000017  c_w.l(libinit2.o)
    0x08000242   0x00000000   Code   RO         3105    .ARM.Collect$$libinit$$00000019  c_w.l(libinit2.o)
    0x08000242   0x00000000   Code   RO         3107    .ARM.Collect$$libinit$$0000001B  c_w.l(libinit2.o)
    0x08000242   0x00000000   Code   RO         3109    .ARM.Collect$$libinit$$0000001D  c_w.l(libinit2.o)
    0x08000242   0x00000000   Code   RO         3111    .ARM.Collect$$libinit$$0000001F  c_w.l(libinit2.o)
    0x08000242   0x00000000   Code   RO         3113    .ARM.Collect$$libinit$$00000021  c_w.l(libinit2.o)
    0x08000242   0x00000000   Code   RO         3115    .ARM.Collect$$libinit$$00000023  c_w.l(libinit2.o)
    0x08000242   0x00000000   Code   RO         3117    .ARM.Collect$$libinit$$00000025  c_w.l(libinit2.o)
    0x08000242   0x00000000   Code   RO         3121    .ARM.Collect$$libinit$$0000002C  c_w.l(libinit2.o)
    0x08000242   0x00000000   Code   RO         3123    .ARM.Collect$$libinit$$0000002E  c_w.l(libinit2.o)
    0x08000242   0x00000000   Code   RO         3125    .ARM.Collect$$libinit$$00000030  c_w.l(libinit2.o)
    0x08000242   0x00000000   Code   RO         3127    .ARM.Collect$$libinit$$00000032  c_w.l(libinit2.o)
    0x08000242   0x00000002   Code   RO         3128    .ARM.Collect$$libinit$$00000033  c_w.l(libinit2.o)
    0x08000244   0x00000002   Code   RO         3146    .ARM.Collect$$libshutdown$$00000000  c_w.l(libshutdown.o)
    0x08000246   0x00000000   Code   RO         3157    .ARM.Collect$$libshutdown$$00000003  c_w.l(libshutdown2.o)
    0x08000246   0x00000000   Code   RO         3160    .ARM.Collect$$libshutdown$$00000006  c_w.l(libshutdown2.o)
    0x08000246   0x00000000   Code   RO         3163    .ARM.Collect$$libshutdown$$00000009  c_w.l(libshutdown2.o)
    0x08000246   0x00000000   Code   RO         3165    .ARM.Collect$$libshutdown$$0000000B  c_w.l(libshutdown2.o)
    0x08000246   0x00000000   Code   RO         3168    .ARM.Collect$$libshutdown$$0000000E  c_w.l(libshutdown2.o)
    0x08000246   0x00000002   Code   RO         3169    .ARM.Collect$$libshutdown$$0000000F  c_w.l(libshutdown2.o)
    0x08000248   0x00000000   Code   RO         3048    .ARM.Collect$$rtentry$$00000000  c_w.l(__rtentry.o)
    0x08000248   0x00000000   Code   RO         3055    .ARM.Collect$$rtentry$$00000002  c_w.l(__rtentry2.o)
    0x08000248   0x00000006   Code   RO         3067    .ARM.Collect$$rtentry$$00000004  c_w.l(__rtentry4.o)
    0x0800024e   0x00000000   Code   RO         3057    .ARM.Collect$$rtentry$$00000009  c_w.l(__rtentry2.o)
    0x0800024e   0x00000004   Code   RO         3058    .ARM.Collect$$rtentry$$0000000A  c_w.l(__rtentry2.o)
    0x08000252   0x00000000   Code   RO         3060    .ARM.Collect$$rtentry$$0000000C  c_w.l(__rtentry2.o)
    0x08000252   0x00000008   Code   RO         3061    .ARM.Collect$$rtentry$$0000000D  c_w.l(__rtentry2.o)
    0x0800025a   0x00000002   Code   RO         3082    .ARM.Collect$$rtexit$$00000000  c_w.l(rtexit.o)
    0x0800025c   0x00000000   Code   RO         3130    .ARM.Collect$$rtexit$$00000002  c_w.l(rtexit2.o)
    0x0800025c   0x00000004   Code   RO         3131    .ARM.Collect$$rtexit$$00000003  c_w.l(rtexit2.o)
    0x08000260   0x00000006   Code   RO         3132    .ARM.Collect$$rtexit$$00000004  c_w.l(rtexit2.o)
    0x08000266   0x00000002   PAD
    0x08000268   0x00000040   Code   RO         1364    .text               startup_stm32f40_41xxx.o
    0x080002a8   0x00000002   Code   RO         3022    .text               c_w.l(use_no_semi_2.o)
    0x080002aa   0x00000006   Code   RO         3024    .text               c_w.l(heapauxi.o)
    0x080002b0   0x00000002   Code   RO         3046    .text               c_w.l(use_no_semi.o)
    0x080002b2   0x0000004a   Code   RO         3069    .text               c_w.l(sys_stackheap_outer.o)
    0x080002fc   0x0000000c   Code   RO         3071    .text               c_w.l(exit.o)
    0x08000308   0x00000008   Code   RO         3079    .text               c_w.l(libspace.o)
    0x08000310   0x00000016   Code   RO         2786    i.ADC_Cmd           stm32f4xx_adc.o
    0x08000326   0x00000002   PAD
    0x08000328   0x00000030   Code   RO         2787    i.ADC_CommonInit    stm32f4xx_adc.o
    0x08000358   0x00000016   Code   RO         2790    i.ADC_DMACmd        stm32f4xx_adc.o
    0x0800036e   0x00000016   Code   RO         2791    i.ADC_DMARequestAfterLastTransferCmd  stm32f4xx_adc.o
    0x08000384   0x00000016   Code   RO         2792    i.ADC_DeInit        stm32f4xx_adc.o
    0x0800039a   0x00000002   PAD
    0x0800039c   0x00000054   Code   RO         2806    i.ADC_Init          stm32f4xx_adc.o
    0x080003f0   0x000000b8   Code   RO         2811    i.ADC_RegularChannelConfig  stm32f4xx_adc.o
    0x080004a8   0x0000000a   Code   RO         2813    i.ADC_SoftwareStartConv  stm32f4xx_adc.o
    0x080004b2   0x00000002   PAD
    0x080004b4   0x00000038   Code   RO          280    i.BEEP_Init         beep.o
    0x080004ec   0x00000004   Code   RO            3    i.BusFault_Handler  stm32f4xx_it.o
    0x080004f0   0x00000016   Code   RO         2654    i.DMA_Cmd           stm32f4xx_dma.o
    0x08000506   0x00000002   PAD
    0x08000508   0x00000158   Code   RO         2655    i.DMA_DeInit        stm32f4xx_dma.o
    0x08000660   0x00000058   Code   RO         2666    i.DMA_Init          stm32f4xx_dma.o
    0x080006b8   0x00000002   Code   RO            4    i.DebugMon_Handler  stm32f4xx_it.o
    0x080006ba   0x00000002   PAD
    0x080006bc   0x0000002c   Code   RO          365    i.GBZK_ROMOUTRESET  lcd.o
    0x080006e8   0x0000002c   Code   RO          366    i.GBZK_ROMOUTSET    lcd.o
    0x08000714   0x00000090   Code   RO         1415    i.GPIO_Init         stm32f4xx_gpio.o
    0x080007a4   0x00000046   Code   RO         1416    i.GPIO_PinAFConfig  stm32f4xx_gpio.o
    0x080007ea   0x00000012   Code   RO         1419    i.GPIO_ReadInputDataBit  stm32f4xx_gpio.o
    0x080007fc   0x00000004   Code   RO         1422    i.GPIO_ResetBits    stm32f4xx_gpio.o
    0x08000800   0x00000004   Code   RO         1423    i.GPIO_SetBits      stm32f4xx_gpio.o
    0x08000804   0x00000004   Code   RO            5    i.HardFault_Handler  stm32f4xx_it.o
    0x08000808   0x000000d8   Code   RO          367    i.InitLCD           lcd.o
    0x080008e0   0x00000090   Code   RO          338    i.KEY_Init          key.o
    0x08000970   0x0000006c   Code   RO         1023    i.LED_Init          led.o
    0x080009dc   0x0000007c   Code   RO          218    i.MarineRobot_init  init.o
    0x08000a58   0x00000004   Code   RO            6    i.MemManage_Handler  stm32f4xx_it.o
    0x08000a5c   0x00000002   Code   RO            7    i.NMI_Handler       stm32f4xx_it.o
    0x08000a5e   0x00000002   PAD
    0x08000a60   0x00000078   Code   RO         1370    i.NVIC_Init         misc.o
    0x08000ad8   0x00000014   Code   RO         1371    i.NVIC_PriorityGroupConfig  misc.o
    0x08000aec   0x0000002c   Code   RO          368    i.OLED_GPIO_Config  lcd.o
    0x08000b18   0x0000001e   Code   RO          680    i.PWM_Init          pwm.o
    0x08000b36   0x00000002   Code   RO            8    i.PendSV_Handler    stm32f4xx_it.o
    0x08000b38   0x00000020   Code   RO         1512    i.RCC_AHB1PeriphClockCmd  stm32f4xx_rcc.o
    0x08000b58   0x00000020   Code   RO         1521    i.RCC_APB1PeriphClockCmd  stm32f4xx_rcc.o
    0x08000b78   0x00000020   Code   RO         1524    i.RCC_APB2PeriphClockCmd  stm32f4xx_rcc.o
    0x08000b98   0x00000020   Code   RO         1526    i.RCC_APB2PeriphResetCmd  stm32f4xx_rcc.o
    0x08000bb8   0x000000e8   Code   RO         1533    i.RCC_GetClocksFreq  stm32f4xx_rcc.o
    0x08000ca0   0x000002d8   Code   RO          513    i.SENSOR_Init       sensor.o
    0x08000f78   0x00000002   Code   RO            9    i.SVC_Handler       stm32f4xx_it.o
    0x08000f7a   0x00000002   PAD
    0x08000f7c   0x000000ec   Code   RO          181    i.SetSysClock       system_stm32f4xx.o
    0x08001068   0x00000028   Code   RO         1374    i.SysTick_CLKSourceConfig  misc.o
    0x08001090   0x00000002   Code   RO           10    i.SysTick_Handler   stm32f4xx_it.o
    0x08001092   0x00000002   PAD
    0x08001094   0x00000068   Code   RO          183    i.SystemInit        system_stm32f4xx.o
    0x080010fc   0x00000074   Code   RO          554    i.TIM2_IRQHandler   timer.o
    0x08001170   0x00000052   Code   RO          555    i.TIM2_Int_Init     timer.o
    0x080011c2   0x00000002   PAD
    0x080011c4   0x0000011c   Code   RO          681    i.TIM3_PWM_Init     pwm.o
    0x080012e0   0x0000011c   Code   RO          682    i.TIM4_PWM_Init     pwm.o
    0x080013fc   0x00000044   Code   RO          556    i.TIM5_IRQHandler   timer.o
    0x08001440   0x00000054   Code   RO          557    i.TIM5_Int_Init     timer.o
    0x08001494   0x00000018   Code   RO         2094    i.TIM_ARRPreloadConfig  stm32f4xx_tim.o
    0x080014ac   0x00000006   Code   RO         2101    i.TIM_ClearITPendingBit  stm32f4xx_tim.o
    0x080014b2   0x00000018   Code   RO         2106    i.TIM_Cmd           stm32f4xx_tim.o
    0x080014ca   0x00000022   Code   RO         2127    i.TIM_GetITStatus   stm32f4xx_tim.o
    0x080014ec   0x00000012   Code   RO         2131    i.TIM_ITConfig      stm32f4xx_tim.o
    0x080014fe   0x00000002   PAD
    0x08001500   0x0000007c   Code   RO         2135    i.TIM_OC1Init       stm32f4xx_tim.o
    0x0800157c   0x00000012   Code   RO         2138    i.TIM_OC1PreloadConfig  stm32f4xx_tim.o
    0x0800158e   0x00000002   PAD
    0x08001590   0x000000a4   Code   RO         2140    i.TIM_OC2Init       stm32f4xx_tim.o
    0x08001634   0x0000001a   Code   RO         2143    i.TIM_OC2PreloadConfig  stm32f4xx_tim.o
    0x0800164e   0x00000002   PAD
    0x08001650   0x000000a0   Code   RO         2145    i.TIM_OC3Init       stm32f4xx_tim.o
    0x080016f0   0x00000012   Code   RO         2148    i.TIM_OC3PreloadConfig  stm32f4xx_tim.o
    0x08001702   0x00000002   PAD
    0x08001704   0x00000078   Code   RO         2150    i.TIM_OC4Init       stm32f4xx_tim.o
    0x0800177c   0x0000001a   Code   RO         2152    i.TIM_OC4PreloadConfig  stm32f4xx_tim.o
    0x08001796   0x00000004   Code   RO         2168    i.TIM_SetCompare1   stm32f4xx_tim.o
    0x0800179a   0x00000004   Code   RO         2169    i.TIM_SetCompare2   stm32f4xx_tim.o
    0x0800179e   0x00000004   Code   RO         2170    i.TIM_SetCompare3   stm32f4xx_tim.o
    0x080017a2   0x00000004   Code   RO         2171    i.TIM_SetCompare4   stm32f4xx_tim.o
    0x080017a6   0x00000002   PAD
    0x080017a8   0x00000084   Code   RO         2178    i.TIM_TimeBaseInit  stm32f4xx_tim.o
    0x0800182c   0x00000002   Code   RO         1297    i.USART3_IRQHandler  usart.o
    0x0800182e   0x00000018   Code   RO         1906    i.USART_Cmd         stm32f4xx_usart.o
    0x08001846   0x0000004a   Code   RO         1912    i.USART_ITConfig    stm32f4xx_usart.o
    0x08001890   0x000000d4   Code   RO         1913    i.USART_Init        stm32f4xx_usart.o
    0x08001964   0x00000004   Code   RO           11    i.UsageFault_Handler  stm32f4xx_it.o
    0x08001968   0x00000006   Code   RO         1300    i._sys_exit         usart.o
    0x0800196e   0x00000030   Code   RO          683    i.allmotor          pwm.o
    0x0800199e   0x00000008   Code   RO          281    i.beep              beep.o
    0x080019a6   0x00000002   PAD
    0x080019a8   0x00000018   Code   RO          559    i.beep_time         timer.o
    0x080019c0   0x00000054   Code   RO          369    i.clear_screen      lcd.o
    0x08001a14   0x0000001a   Code   RO          370    i.delay             lcd.o
    0x08001a2e   0x00000002   PAD
    0x08001a30   0x0000003c   Code   RO         1238    i.delay_init        delay.o
    0x08001a6c   0x00000038   Code   RO         1239    i.delay_ms          delay.o
    0x08001aa4   0x0000004c   Code   RO         1241    i.delay_xms         delay.o
    0x08001af0   0x00000178   Code   RO          372    i.display_GB2312_string  lcd.o
    0x08001c68   0x0000005c   Code   RO          375    i.display_graphic_16x16  lcd.o
    0x08001cc4   0x00000054   Code   RO          377    i.display_graphic_8x16  lcd.o
    0x08001d18   0x00000060   Code   RO          379    i.get_data_from_ROM  lcd.o
    0x08001d78   0x00000064   Code   RO          380    i.get_n_bytes_data_from_ROM  lcd.o
    0x08001ddc   0x00000024   Code   RO          684    i.init_servos       pwm.o
    0x08001e00   0x00000022   Code   RO          381    i.lcd_address       lcd.o
    0x08001e22   0x00000002   PAD
    0x08001e24   0x0000000c   Code   RO         1026    i.led_off           led.o
    0x08001e30   0x0000000c   Code   RO         1027    i.led_on            led.o
    0x08001e3c   0x00000084   Code   RO          793    i.main              main.o
    0x08001ec0   0x000000f4   Code   RO          685    i.motor             pwm.o
    0x08001fb4   0x0000004c   Code   RO          382    i.send_command_to_ROM  lcd.o
    0x08002000   0x00000038   Code   RO          891    i.start_feedback    ysy.o
    0x08002038   0x00000020   Code   RO          568    i.start_time        timer.o
    0x08002058   0x00000024   Code   RO          569    i.start_time_1      timer.o
    0x0800207c   0x00000064   Code   RO          383    i.transfer_command_lcd  lcd.o
    0x080020e0   0x00000064   Code   RO          384    i.transfer_data_lcd  lcd.o
    0x08002144   0x00000120   Code   RO         1302    i.uart_init         usart.o
    0x08002264   0x0000000a   Code   RO         3138    x$fpl$fpinit        fz_wm.l(fpinit.o)
    0x0800226e   0x00000002   PAD
    0x08002270   0x00000020   Data   RO         3201    Region$$Table       anon$$obj.o


    Execution Region RW_IRAM1 (Base: 0x20000000, Size: 0x00000cd8, Max: 0x00020000, ABSOLUTE, COMPRESSED[0x00000380])

    Base Addr    Size         Type   Attr      Idx    E Section Name        Object

    0x20000000   0x000005f4   Data   RW          386    .data               lcd.o
    0x200005f4   0x0000000c   Data   RW          572    .data               timer.o
    0x20000600   0x00000004   Data   RW         1242    .data               delay.o
    0x20000604   0x00000010   Data   RW         1565    .data               stm32f4xx_rcc.o
    0x20000614   0x00000060   Zero   RW          517    .bss                sensor.o
    0x20000674   0x00000060   Zero   RW         3080    .bss                c_w.l(libspace.o)
    0x200006d4   0x00000004   PAD
    0x200006d8   0x00000200   Zero   RW         1362    HEAP                startup_stm32f40_41xxx.o
    0x200008d8   0x00000400   Zero   RW         1361    STACK               startup_stm32f40_41xxx.o


==============================================================================

Image component sizes


      Code (inc. data)   RO Data    RW Data    ZI Data      Debug   Object Name

        64          4          0          0          0     244171   beep.o
       192         12          0          4          0       2052   delay.o
       124          6          0          0          0        559   init.o
       144         16          0          0          0        619   key.o
      1516         68          0       1524          0      11270   lcd.o
       132         16          0          0          0       1558   led.o
       132          4          0          0          0        547   main.o
       180         24          0          0          0       2193   misc.o
       926         36          0          0          0       4248   pwm.o
       728         32          0          0         96       1762   sensor.o
        64         26        392          0       1536        860   startup_stm32f40_41xxx.o
       414         24          0          0          0       6252   stm32f4xx_adc.o
       454         26          0          0          0       3202   stm32f4xx_dma.o
       240          0          0          0          0       3679   stm32f4xx_gpio.o
        26          0          0          0          0      69494   stm32f4xx_it.o
       360         42          0         16          0       5420   stm32f4xx_rcc.o
       910         66          0          0          0      12353   stm32f4xx_tim.o
       310          8          0          0          0       3002   stm32f4xx_usart.o
       340         32          0          0          0       1569   system_stm32f4xx.o
       442         72          0         12          0       4575   timer.o
       296         16          0          0          0       1948   usart.o
        56         14          0          0          0        513   ysy.o

    ----------------------------------------------------------------------
      8084        544        424       1556       1632     381846   Object Totals
         0          0         32          0          0          0   (incl. Generated)
        34          0          0          0          0          0   (incl. Padding)

    ----------------------------------------------------------------------

      Code (inc. data)   RO Data    RW Data    ZI Data      Debug   Library Member Name

        90          0          0          0          0          0   __dczerorl2.o
         8          0          0          0          0         68   __main.o
         0          0          0          0          0          0   __rtentry.o
        12          0          0          0          0          0   __rtentry2.o
         6          0          0          0          0          0   __rtentry4.o
        52          8          0          0          0          0   __scatter.o
        28          0          0          0          0          0   __scatter_zi.o
        12          0          0          0          0         72   exit.o
         6          0          0          0          0        152   heapauxi.o
         2          0          0          0          0          0   libinit.o
         6          0          0          0          0          0   libinit2.o
         2          0          0          0          0          0   libshutdown.o
         2          0          0          0          0          0   libshutdown2.o
         8          4          0          0         96         68   libspace.o
         2          0          0          0          0          0   rtexit.o
        10          0          0          0          0          0   rtexit2.o
        74          0          0          0          0         80   sys_stackheap_outer.o
         2          0          0          0          0         68   use_no_semi.o
         2          0          0          0          0         68   use_no_semi_2.o
        10          0          0          0          0        116   fpinit.o

    ----------------------------------------------------------------------
       340         12          0          0        100        692   Library Totals
         6          0          0          0          4          0   (incl. Padding)

    ----------------------------------------------------------------------

      Code (inc. data)   RO Data    RW Data    ZI Data      Debug   Library Name

       324         12          0          0         96        576   c_w.l
        10          0          0          0          0        116   fz_wm.l

    ----------------------------------------------------------------------
       340         12          0          0        100        692   Library Totals

    ----------------------------------------------------------------------

==============================================================================


      Code (inc. data)   RO Data    RW Data    ZI Data      Debug   

      8424        556        424       1556       1732     372882   Grand Totals
      8424        556        424        896       1732     372882   ELF Image Totals (compressed)
      8424        556        424        896          0          0   ROM Totals

==============================================================================

    Total RO  Size (Code + RO Data)                 8848 (   8.64kB)
    Total RW  Size (RW Data + ZI Data)              3288 (   3.21kB)
    Total ROM Size (Code + RO Data + RW Data)       9744 (   9.52kB)

==============================================================================

