Component: ARM Compiler 5.05 update 1 (build 106) Tool: armlink [4d0efa]

==============================================================================

Section Cross References

    system_stm32f10x.o(.text) refers to system_stm32f10x.o(.data) for SystemCoreClock
    minibalance.o(.text) refers to delay.o(.text) for delay_init
    minibalance.o(.text) refers to usart.o(.text) for uart2_init
    minibalance.o(.text) refers to sys.o(.text) for JTAG_Set
    minibalance.o(.text) refers to led.o(.text) for LED_Init
    minibalance.o(.text) refers to motor.o(.text) for MiniBalance_PWM_Init
    minibalance.o(.text) refers to encoder.o(.text) for Encoder_Init_TIM2
    minibalance.o(.text) refers to timer.o(.text) for TIM3_Config
    minibalance.o(.text) refers to adc.o(.text) for ADC_DMA_Multichannel_Init
    minibalance.o(.text) refers to oled.o(.text) for OLED_Init
    minibalance.o(.text) refers to show.o(.text) for OLED_Show
    minibalance.o(.text) refers to stm32f10x_gpio.o(.text) for GPIO_ResetBits
    minibalance.o(.text) refers to minibalance.o(.data) for ADC_BUFF
    startup_stm32f10x_md.o(STACK) refers (Special) to heapauxi.o(.text) for __use_two_region_memory
    startup_stm32f10x_md.o(HEAP) refers (Special) to heapauxi.o(.text) for __use_two_region_memory
    startup_stm32f10x_md.o(RESET) refers (Special) to heapauxi.o(.text) for __use_two_region_memory
    startup_stm32f10x_md.o(RESET) refers to startup_stm32f10x_md.o(STACK) for __initial_sp
    startup_stm32f10x_md.o(RESET) refers to startup_stm32f10x_md.o(.text) for Reset_Handler
    startup_stm32f10x_md.o(RESET) refers to stm32f10x_it.o(.text) for NMI_Handler
    startup_stm32f10x_md.o(RESET) refers to swi.o(.text) for EXTI1_IRQHandler
    startup_stm32f10x_md.o(RESET) refers to encoder.o(.text) for TIM2_IRQHandler
    startup_stm32f10x_md.o(RESET) refers to timer.o(.text) for TIM3_IRQHandler
    startup_stm32f10x_md.o(RESET) refers to usart.o(.text) for USART1_IRQHandler
    startup_stm32f10x_md.o(RESET) refers to exti.o(.text) for EXTI15_10_IRQHandler
    startup_stm32f10x_md.o(.text) refers (Special) to heapauxi.o(.text) for __use_two_region_memory
    startup_stm32f10x_md.o(.text) refers to system_stm32f10x.o(.text) for SystemInit
    startup_stm32f10x_md.o(.text) refers to __main.o(!!!main) for __main
    startup_stm32f10x_md.o(.text) refers to startup_stm32f10x_md.o(HEAP) for Heap_Mem
    startup_stm32f10x_md.o(.text) refers to startup_stm32f10x_md.o(STACK) for Stack_Mem
    stm32f10x_adc.o(.text) refers to stm32f10x_rcc.o(.text) for RCC_APB2PeriphResetCmd
    stm32f10x_bkp.o(.text) refers to stm32f10x_rcc.o(.text) for RCC_BackupResetCmd
    stm32f10x_can.o(.text) refers to stm32f10x_rcc.o(.text) for RCC_APB1PeriphResetCmd
    stm32f10x_cec.o(.text) refers to stm32f10x_rcc.o(.text) for RCC_APB1PeriphResetCmd
    stm32f10x_dac.o(.text) refers to stm32f10x_rcc.o(.text) for RCC_APB1PeriphResetCmd
    stm32f10x_gpio.o(.text) refers to stm32f10x_rcc.o(.text) for RCC_APB2PeriphResetCmd
    stm32f10x_i2c.o(.text) refers to stm32f10x_rcc.o(.text) for RCC_APB1PeriphResetCmd
    stm32f10x_pwr.o(.text) refers to stm32f10x_rcc.o(.text) for RCC_APB1PeriphResetCmd
    stm32f10x_rcc.o(.text) refers to stm32f10x_rcc.o(.data) for APBAHBPrescTable
    stm32f10x_spi.o(.text) refers to stm32f10x_rcc.o(.text) for RCC_APB2PeriphResetCmd
    stm32f10x_tim.o(.text) refers to stm32f10x_rcc.o(.text) for RCC_APB2PeriphResetCmd
    stm32f10x_usart.o(.text) refers to stm32f10x_rcc.o(.text) for RCC_APB2PeriphResetCmd
    stm32f10x_wwdg.o(.text) refers to stm32f10x_rcc.o(.text) for RCC_APB1PeriphResetCmd
    delay.o(.text) refers to misc.o(.text) for SysTick_CLKSourceConfig
    delay.o(.text) refers to system_stm32f10x.o(.data) for SystemCoreClock
    delay.o(.text) refers to delay.o(.data) for fac_us
    sys.o(.text) refers to sys.o(.emb_text) for WFI_SET
    usart.o(.text) refers (Special) to use_no_semi_2.o(.text) for __use_no_semihosting
    usart.o(.text) refers to stm32f10x_rcc.o(.text) for RCC_APB2PeriphClockCmd
    usart.o(.text) refers to stm32f10x_gpio.o(.text) for GPIO_Init
    usart.o(.text) refers to misc.o(.text) for NVIC_Init
    usart.o(.text) refers to stm32f10x_usart.o(.text) for USART_Init
    usart.o(.text) refers to usart.o(.bss) for data
    usart.o(.text) refers to minibalance.o(.data) for len1
    usart.o(.text) refers to usart.o(.data) for rebuf
    usart.o(.bss) refers (Special) to use_no_semi_2.o(.text) for __use_no_semihosting
    usart.o(.data) refers (Special) to use_no_semi_2.o(.text) for __use_no_semihosting
    led.o(.text) refers to stm32f10x_rcc.o(.text) for RCC_APB2PeriphClockCmd
    led.o(.text) refers to stm32f10x_gpio.o(.text) for GPIO_Init
    adc.o(.text) refers to stm32f10x_rcc.o(.text) for RCC_AHBPeriphClockCmd
    adc.o(.text) refers to stm32f10x_gpio.o(.text) for GPIO_Init
    adc.o(.text) refers to stm32f10x_dma.o(.text) for DMA_DeInit
    adc.o(.text) refers to stm32f10x_adc.o(.text) for ADC_DeInit
[...]
    libinit2.o(.ARM.Collect$$libinit$$00000018) refers to libinit2.o(.ARM.Collect$$libinit$$0000000F) for .ARM.Collect$$libinit$$0000000F
    libinit2.o(.ARM.Collect$$libinit$$00000026) refers to argv_veneer.o(.emb_text) for __ARM_argv_veneer
    libinit2.o(.ARM.Collect$$libinit$$00000027) refers to argv_veneer.o(.emb_text) for __ARM_argv_veneer
    rtexit2.o(.ARM.Collect$$rtexit$$00000003) refers to libshutdown.o(.ARM.Collect$$libshutdown$$00000000) for __rt_lib_shutdown
    rtexit2.o(.ARM.Collect$$rtexit$$00000004) refers to usart.o(.text) for _sys_exit
    rtexit2.o(.ARM.exidx) refers to rtexit2.o(.ARM.Collect$$rtexit$$00000001) for .ARM.Collect$$rtexit$$00000001
    rtexit2.o(.ARM.exidx) refers to rtexit2.o(.ARM.Collect$$rtexit$$00000003) for .ARM.Collect$$rtexit$$00000003
    rtexit2.o(.ARM.exidx) refers to rtexit2.o(.ARM.Collect$$rtexit$$00000004) for .ARM.Collect$$rtexit$$00000004
    argv_veneer.o(.emb_text) refers to no_argv.o(.text) for __ARM_get_argv
    _get_argv_nomalloc.o(.text) refers (Special) to hrguard.o(.text) for __heap_region$guard
    _get_argv_nomalloc.o(.text) refers to defsig_rtmem_outer.o(.text) for __rt_SIGRTMEM
    _get_argv_nomalloc.o(.text) refers to sys_command.o(.text) for _sys_command_string
    libshutdown.o(.ARM.Collect$$libshutdown$$00000000) refers (Special) to libshutdown2.o(.ARM.Collect$$libshutdown$$00000006) for __rt_lib_shutdown_fp_trap_1
    libshutdown.o(.ARM.Collect$$libshutdown$$00000000) refers (Special) to libshutdown2.o(.ARM.Collect$$libshutdown$$0000000E) for __rt_lib_shutdown_heap_1
    libshutdown.o(.ARM.Collect$$libshutdown$$00000000) refers (Special) to libshutdown2.o(.ARM.Collect$$libshutdown$$0000000F) for __rt_lib_shutdown_return
    libshutdown.o(.ARM.Collect$$libshutdown$$00000000) refers (Special) to libshutdown2.o(.ARM.Collect$$libshutdown$$00000009) for __rt_lib_shutdown_signal_1
    libshutdown.o(.ARM.Collect$$libshutdown$$00000000) refers (Special) to libshutdown2.o(.ARM.Collect$$libshutdown$$00000003) for __rt_lib_shutdown_stdio_1
    libshutdown.o(.ARM.Collect$$libshutdown$$00000000) refers (Special) to libshutdown2.o(.ARM.Collect$$libshutdown$$0000000B) for __rt_lib_shutdown_user_alloc_1
    sys_command.o(.text) refers (Special) to use_no_semi.o(.text) for __I$use$semihosting
    sys_command.o(.text) refers (Special) to indicate_semi.o(.text) for __semihosting_library_function
    defsig_rtmem_outer.o(.text) refers to defsig_rtmem_inner.o(.text) for __rt_SIGRTMEM_inner
    defsig_rtmem_outer.o(.text) refers to defsig_exit.o(.text) for __sig_exit
    defsig_rtmem_formal.o(.text) refers to rt_raise.o(.text) for __rt_raise
    rt_raise.o(.text) refers to __raise.o(.text) for __raise
    rt_raise.o(.text) refers to usart.o(.text) for _sys_exit
    defsig_exit.o(.text) refers to usart.o(.text) for _sys_exit
    defsig_rtmem_inner.o(.text) refers to defsig_general.o(.text) for __default_signal_display
    __raise.o(.text) refers to defsig.o(CL$$defsig) for __default_signal_handler
    defsig_general.o(.text) refers to sys_wrch.o(.text) for _ttywrch
    sys_wrch.o(.text) refers (Special) to use_no_semi.o(.text) for __I$use$semihosting
    sys_wrch.o(.text) refers (Special) to indicate_semi.o(.text) for __semihosting_library_function
    defsig.o(CL$$defsig) refers to defsig_rtmem_inner.o(.text) for __rt_SIGRTMEM_inner
    defsig_abrt_inner.o(.text) refers to defsig_general.o(.text) for __default_signal_display
    defsig_fpe_inner.o(.text) refers to defsig_general.o(.text) for __default_signal_display
    defsig_rtred_inner.o(.text) refers to defsig_general.o(.text) for __default_signal_display
    defsig_stak_inner.o(.text) refers to defsig_general.o(.text) for __default_signal_display
    defsig_pvfn_inner.o(.text) refers to defsig_general.o(.text) for __default_signal_display
    defsig_cppl_inner.o(.text) refers to defsig_general.o(.text) for __default_signal_display
    defsig_segv_inner.o(.text) refers to defsig_general.o(.text) for __default_signal_display
    defsig_other.o(.text) refers to defsig_general.o(.text) for __default_signal_display


==============================================================================

Removing Unused input sections from the image.

    Removing core_cm3.o(.emb_text), (32 bytes).
    Removing stm32f10x_bkp.o(.text), (196 bytes).
    Removing stm32f10x_can.o(.text), (2544 bytes).
    Removing stm32f10x_cec.o(.text), (288 bytes).
    Removing stm32f10x_crc.o(.text), (72 bytes).
    Removing stm32f10x_dac.o(.text), (396 bytes).
    Removing stm32f10x_dbgmcu.o(.text), (48 bytes).
    Removing stm32f10x_flash.o(.text), (1468 bytes).
    Removing stm32f10x_fsmc.o(.text), (1548 bytes).
    Removing stm32f10x_i2c.o(.text), (1028 bytes).
    Removing stm32f10x_iwdg.o(.text), (64 bytes).
    Removing stm32f10x_pwr.o(.text), (204 bytes).
    Removing stm32f10x_rtc.o(.text), (328 bytes).
    Removing stm32f10x_sdio.o(.text), (468 bytes).
    Removing stm32f10x_spi.o(.text), (780 bytes).
    Removing stm32f10x_wwdg.o(.text), (136 bytes).
    Removing oled.o(.data), (448 bytes).
    Removing show.o(.data), (1 bytes).

18 unused section(s) (total 10049 bytes) removed from the image.

==============================================================================

Image Symbol Table

    Local Symbols

    Symbol Name                              Value     Ov Type        Size  Object(Section)

    ../clib/angel/boardlib.s                 0x00000000   Number         0  boardinit2.o ABSOLUTE
    ../clib/angel/boardlib.s                 0x00000000   Number         0  boardshut.o ABSOLUTE
    ../clib/angel/boardlib.s                 0x00000000   Number         0  boardinit1.o ABSOLUTE
    ../clib/angel/boardlib.s                 0x00000000   Number         0  boardinit3.o ABSOLUTE
    ../clib/angel/handlers.s                 0x00000000   Number         0  __scatter_zi.o ABSOLUTE
    ../clib/angel/handlers.s                 0x00000000   Number         0  __scatter_copy.o ABSOLUTE
    ../clib/angel/kernel.s                   0x00000000   Number         0  rtexit2.o ABSOLUTE
    ../clib/angel/kernel.s                   0x00000000   Number         0  __rtentry.o ABSOLUTE
    ../clib/angel/kernel.s                   0x00000000   Number         0  __rtentry2.o ABSOLUTE
    ../clib/angel/kernel.s                   0x00000000   Number         0  __rtentry4.o ABSOLUTE
    ../clib/angel/kernel.s                   0x00000000   Number         0  rtexit.o ABSOLUTE
    ../clib/angel/rt.s                       0x00000000   Number         0  rt_raise.o ABSOLUTE
    ../clib/angel/scatter.s                  0x00000000   Number         0  __scatter.o ABSOLUTE
    ../clib/angel/startup.s                  0x00000000   Number         0  __main.o ABSOLUTE
    ../clib/angel/sys.s                      0x00000000   Number         0  use_no_semi.o ABSOLUTE
    ../clib/angel/sys.s                      0x00000000   Number         0  use_no_semi_2.o ABSOLUTE
    ../clib/angel/sys.s                      0x00000000   Number         0  indicate_semi.o ABSOLUTE
    ../clib/angel/sys.s                      0x00000000   Number         0  sys_stackheap_outer.o ABSOLUTE
    ../clib/angel/sys.s                      0x00000000   Number         0  libspace.o ABSOLUTE
    ../clib/angel/sysapp.c                   0x00000000   Number         0  sys_command.o ABSOLUTE
    ../clib/angel/sysapp.c                   0x00000000   Number         0  sys_wrch.o ABSOLUTE
    ../clib/armsys.c                         0x00000000   Number         0  argv_veneer.o ABSOLUTE
    ../clib/armsys.c                         0x00000000   Number         0  argv_veneer.o ABSOLUTE
    ../clib/armsys.c                         0x00000000   Number         0  _get_argv_nomalloc.o ABSOLUTE
    ../clib/armsys.c                         0x00000000   Number         0  no_argv.o ABSOLUTE
    ../clib/heapalloc.c                      0x00000000   Number         0  hrguard.o ABSOLUTE
    ../clib/heapaux.c                        0x00000000   Number         0  heapauxi.o ABSOLUTE
    ../clib/libinit.s                        0x00000000   Number         0  libshutdown2.o ABSOLUTE
    ../clib/libinit.s                        0x00000000   Number         0  libshutdown.o ABSOLUTE
    ../clib/libinit.s                        0x00000000   Number         0  libinit.o ABSOLUTE
    ../clib/libinit.s                        0x00000000   Number         0  libinit2.o ABSOLUTE
    ../clib/signal.c                         0x00000000   Number         0  defsig_stak_inner.o ABSOLUTE
    ../clib/signal.c                         0x00000000   Number         0  defsig_rtred_inner.o ABSOLUTE
    ../clib/signal.c                         0x00000000   Number         0  defsig_abrt_inner.o ABSOLUTE
    ../clib/signal.c                         0x00000000   Number         0  defsig_general.o ABSOLUTE
    ../clib/signal.c                         0x00000000   Number         0  defsig_fpe_inner.o ABSOLUTE
    ../clib/signal.c                         0x00000000   Number         0  __raise.o ABSOLUTE
    ../clib/signal.c                         0x00000000   Number         0  defsig_rtmem_inner.o ABSOLUTE
    ../clib/signal.c                         0x00000000   Number         0  defsig_exit.o ABSOLUTE
    ../clib/signal.c                         0x00000000   Number         0  defsig_rtmem_formal.o ABSOLUTE
    ../clib/signal.c                         0x00000000   Number         0  defsig_rtmem_outer.o ABSOLUTE
    ../clib/signal.c                         0x00000000   Number         0  defsig_other.o ABSOLUTE
    ../clib/signal.c                         0x00000000   Number         0  defsig_segv_inner.o ABSOLUTE
    ../clib/signal.c                         0x00000000   Number         0  defsig_cppl_inner.o ABSOLUTE
    ../clib/signal.c                         0x00000000   Number         0  defsig_pvfn_inner.o ABSOLUTE
    ../clib/signal.s                         0x00000000   Number         0  defsig.o ABSOLUTE
    ../clib/stdlib.c                         0x00000000   Number         0  exit.o ABSOLUTE
    ../fplib/daddsub.s                       0x00000000   Number         0  daddsub_clz.o ABSOLUTE
    ../fplib/ddiv.s                          0x00000000   Number         0  ddiv.o ABSOLUTE
    ../fplib/dfix.s                          0x00000000   Number         0  dfix.o ABSOLUTE
    ../fplib/dflt.s                          0x00000000   Number         0  dflt_clz.o ABSOLUTE
    ../fplib/dmul.s                          0x00000000   Number         0  dmul.o ABSOLUTE
    ../fplib/dnaninf.s                       0x00000000   Number         0  dnaninf.o ABSOLUTE
    ../fplib/dretinf.s                       0x00000000   Number         0  dretinf.o ABSOLUTE
    ../fplib/fpinit.s                        0x00000000   Number         0  fpinit.o ABSOLUTE
    ../fplib/usenofp.s                       0x00000000   Number         0  usenofp.o ABSOLUTE
    ..\MiniBalance\show\show.c               0x00000000   Number         0  show.o ABSOLUTE
    ..\MiniBalance_COER\core_cm3.c           0x00000000   Number         0  core_cm3.o ABSOLUTE
    ..\MiniBalance_COER\startup_stm32f10x_md.s 0x00000000   Number         0  startup_stm32f10x_md.o ABSOLUTE
    ..\MiniBalance_HARDWARE\ADC\adc.c        0x00000000   Number         0  adc.o ABSOLUTE
    ..\MiniBalance_HARDWARE\ENCODER\encoder.c 0x00000000   Number         0  encoder.o ABSOLUTE
    ..\MiniBalance_HARDWARE\EXTI\EXTI.c      0x00000000   Number         0  exti.o ABSOLUTE
    ..\MiniBalance_HARDWARE\LED\LED.C        0x00000000   Number         0  led.o ABSOLUTE
    ..\MiniBalance_HARDWARE\MOTOR\motor.c    0x00000000   Number         0  motor.o ABSOLUTE
    ..\MiniBalance_HARDWARE\OLED\oled.c      0x00000000   Number         0  oled.o ABSOLUTE
    ..\MiniBalance_HARDWARE\SWI\SWI.c        0x00000000   Number         0  swi.o ABSOLUTE
    ..\MiniBalance_HARDWARE\Strategy\strategy.c 0x00000000   Number         0  strategy.o ABSOLUTE
    ..\MiniBalance_HARDWARE\TIMER\timer.c    0x00000000   Number         0  timer.o ABSOLUTE
    ..\STM32F10x_FWLib\src\misc.c            0x00000000   Number         0  misc.o ABSOLUTE
    ..\STM32F10x_FWLib\src\stm32f10x_adc.c   0x00000000   Number         0  stm32f10x_adc.o ABSOLUTE
    ..\STM32F10x_FWLib\src\stm32f10x_bkp.c   0x00000000   Number         0  stm32f10x_bkp.o ABSOLUTE
    ..\STM32F10x_FWLib\src\stm32f10x_can.c   0x00000000   Number         0  stm32f10x_can.o ABSOLUTE
    ..\STM32F10x_FWLib\src\stm32f10x_cec.c   0x00000000   Number         0  stm32f10x_cec.o ABSOLUTE
    ..\STM32F10x_FWLib\src\stm32f10x_crc.c   0x00000000   Number         0  stm32f10x_crc.o ABSOLUTE
    ..\STM32F10x_FWLib\src\stm32f10x_dac.c   0x00000000   Number         0  stm32f10x_dac.o ABSOLUTE
    ..\STM32F10x_FWLib\src\stm32f10x_dbgmcu.c 0x00000000   Number         0  stm32f10x_dbgmcu.o ABSOLUTE
    ..\STM32F10x_FWLib\src\stm32f10x_dma.c   0x00000000   Number         0  stm32f10x_dma.o ABSOLUTE
    ..\STM32F10x_FWLib\src\stm32f10x_exti.c  0x00000000   Number         0  stm32f10x_exti.o ABSOLUTE
    ..\STM32F10x_FWLib\src\stm32f10x_flash.c 0x00000000   Number         0  stm32f10x_flash.o ABSOLUTE
    ..\STM32F10x_FWLib\src\stm32f10x_fsmc.c  0x00000000   Number         0  stm32f10x_fsmc.o ABSOLUTE
    ..\STM32F10x_FWLib\src\stm32f10x_gpio.c  0x00000000   Number         0  stm32f10x_gpio.o ABSOLUTE
    ..\STM32F10x_FWLib\src\stm32f10x_i2c.c   0x00000000   Number         0  stm32f10x_i2c.o ABSOLUTE
    ..\STM32F10x_FWLib\src\stm32f10x_iwdg.c  0x00000000   Number         0  stm32f10x_iwdg.o ABSOLUTE
    ..\STM32F10x_FWLib\src\stm32f10x_pwr.c   0x00000000   Number         0  stm32f10x_pwr.o ABSOLUTE
    ..\STM32F10x_FWLib\src\stm32f10x_rcc.c   0x00000000   Number         0  stm32f10x_rcc.o ABSOLUTE
    ..\STM32F10x_FWLib\src\stm32f10x_rtc.c   0x00000000   Number         0  stm32f10x_rtc.o ABSOLUTE
    ..\STM32F10x_FWLib\src\stm32f10x_sdio.c  0x00000000   Number         0  stm32f10x_sdio.o ABSOLUTE
    ..\STM32F10x_FWLib\src\stm32f10x_spi.c   0x00000000   Number         0  stm32f10x_spi.o ABSOLUTE
    ..\STM32F10x_FWLib\src\stm32f10x_tim.c   0x00000000   Number         0  stm32f10x_tim.o ABSOLUTE
    ..\STM32F10x_FWLib\src\stm32f10x_usart.c 0x00000000   Number         0  stm32f10x_usart.o ABSOLUTE
    ..\STM32F10x_FWLib\src\stm32f10x_wwdg.c  0x00000000   Number         0  stm32f10x_wwdg.o ABSOLUTE
    ..\SYSTEM\delay\delay.c                  0x00000000   Number         0  delay.o ABSOLUTE
    ..\SYSTEM\sys\sys.c                      0x00000000   Number         0  sys.o ABSOLUTE
    ..\SYSTEM\usart\usart.c                  0x00000000   Number         0  usart.o ABSOLUTE
    ..\\MiniBalance_COER\\core_cm3.c         0x00000000   Number         0  core_cm3.o ABSOLUTE
    ..\\SYSTEM\\sys\\sys.c                   0x00000000   Number         0  sys.o ABSOLUTE
    MiniBalance.c                            0x00000000   Number         0  minibalance.o ABSOLUTE
    dc.s                                     0x00000000   Number         0  dc.o ABSOLUTE
    stm32f10x_it.c                           0x00000000   Number         0  stm32f10x_it.o ABSOLUTE
    system_stm32f10x.c                       0x00000000   Number         0  system_stm32f10x.o ABSOLUTE
    RESET                                    0x08000000   Section      236  startup_stm32f10x_md.o(RESET)
    !!!main                                  0x080000ec   Section        8  __main.o(!!!main)
    !!!scatter                               0x080000f4   Section       52  __scatter.o(!!!scatter)
    !!handler_copy                           0x08000128   Section       26  __scatter_copy.o(!!handler_copy)
    !!handler_zi                             0x08000144   Section       28  __scatter_zi.o(!!handler_zi)
    .ARM.Collect$$libinit$$00000000          0x08000160   Section        2  libinit.o(.ARM.Collect$$libinit$$00000000)
    .ARM.Collect$$libinit$$00000002          0x08000162   Section        0  libinit2.o(.ARM.Collect$$libinit$$00000002)
    .ARM.Collect$$libinit$$00000004          0x08000162   Section        0  libinit2.o(.ARM.Collect$$libinit$$00000004)
    .ARM.Collect$$libinit$$0000000A          0x08000162   Section        0  libinit2.o(.ARM.Collect$$libinit$$0000000A)
    .ARM.Collect$$libinit$$0000000C          0x08000162   Section        0  libinit2.o(.ARM.Collect$$libinit$$0000000C)
    .ARM.Collect$$libinit$$0000000E          0x08000162   Section        0  libinit2.o(.ARM.Collect$$libinit$$0000000E)
    .ARM.Collect$$libinit$$00000011          0x08000162   Section        0  libinit2.o(.ARM.Collect$$libinit$$00000011)
    .ARM.Collect$$libinit$$00000013          0x08000162   Section        0  libinit2.o(.ARM.Collect$$libinit$$00000013)
    .ARM.Collect$$libinit$$00000015          0x08000162   Section        0  libinit2.o(.ARM.Collect$$libinit$$00000015)
    .ARM.Collect$$libinit$$00000017          0x08000162   Section        0  libinit2.o(.ARM.Collect$$libinit$$00000017)
    .ARM.Collect$$libinit$$00000019          0x08000162   Section        0  libinit2.o(.ARM.Collect$$libinit$$00000019)
    .ARM.Collect$$libinit$$0000001B          0x08000162   Section        0  libinit2.o(.ARM.Collect$$libinit$$0000001B)
    .ARM.Collect$$libinit$$0000001D          0x08000162   Section        0  libinit2.o(.ARM.Collect$$libinit$$0000001D)
    .ARM.Collect$$libinit$$0000001F          0x08000162   Section        0  libinit2.o(.ARM.Collect$$libinit$$0000001F)
    .ARM.Collect$$libinit$$00000021          0x08000162   Section        0  libinit2.o(.ARM.Collect$$libinit$$00000021)
    .ARM.Collect$$libinit$$00000023          0x08000162   Section        0  libinit2.o(.ARM.Collect$$libinit$$00000023)
    .ARM.Collect$$libinit$$00000025          0x08000162   Section        0  libinit2.o(.ARM.Collect$$libinit$$00000025)
    .ARM.Collect$$libinit$$0000002C          0x08000162   Section        0  libinit2.o(.ARM.Collect$$libinit$$0000002C)
    .ARM.Collect$$libinit$$0000002E          0x08000162   Section        0  libinit2.o(.ARM.Collect$$libinit$$0000002E)
    .ARM.Collect$$libinit$$00000030          0x08000162   Section        0  libinit2.o(.ARM.Collect$$libinit$$00000030)
    .ARM.Collect$$libinit$$00000032          0x08000162   Section        0  libinit2.o(.ARM.Collect$$libinit$$00000032)
    .ARM.Collect$$libinit$$00000033          0x08000162   Section        2  libinit2.o(.ARM.Collect$$libinit$$00000033)
    .ARM.Collect$$libshutdown$$00000000      0x08000164   Section        2  libshutdown.o(.ARM.Collect$$libshutdown$$00000000)
    .ARM.Collect$$libshutdown$$00000003      0x08000166   Section        0  libshutdown2.o(.ARM.Collect$$libshutdown$$00000003)
    .ARM.Collect$$libshutdown$$00000006      0x08000166   Section        0  libshutdown2.o(.ARM.Collect$$libshutdown$$00000006)
    .ARM.Collect$$libshutdown$$00000009      0x08000166   Section        0  libshutdown2.o(.ARM.Collect$$libshutdown$$00000009)
    .ARM.Collect$$libshutdown$$0000000B      0x08000166   Section        0  libshutdown2.o(.ARM.Collect$$libshutdown$$0000000B)
    .ARM.Collect$$libshutdown$$0000000E      0x08000166   Section        0  libshutdown2.o(.ARM.Collect$$libshutdown$$0000000E)
    .ARM.Collect$$libshutdown$$0000000F      0x08000166   Section        2  libshutdown2.o(.ARM.Collect$$libshutdown$$0000000F)
    .ARM.Collect$$rtentry$$00000000          0x08000168   Section        0  __rtentry.o(.ARM.Collect$$rtentry$$00000000)
    .ARM.Collect$$rtentry$$00000002          0x08000168   Section        0  __rtentry2.o(.ARM.Collect$$rtentry$$00000002)
    .ARM.Collect$$rtentry$$00000004          0x08000168   Section        6  __rtentry4.o(.ARM.Collect$$rtentry$$00000004)
    .ARM.Collect$$rtentry$$00000009          0x0800016e   Section        0  __rtentry2.o(.ARM.Collect$$rtentry$$00000009)
    .ARM.Collect$$rtentry$$0000000A          0x0800016e   Section        4  __rtentry2.o(.ARM.Collect$$rtentry$$0000000A)
    .ARM.Collect$$rtentry$$0000000C          0x08000172   Section        0  __rtentry2.o(.ARM.Collect$$rtentry$$0000000C)
    .ARM.Collect$$rtentry$$0000000D          0x08000172   Section        8  __rtentry2.o(.ARM.Collect$$rtentry$$0000000D)
    .ARM.Collect$$rtexit$$00000000           0x0800017a   Section        2  rtexit.o(.ARM.Collect$$rtexit$$00000000)
    .ARM.Collect$$rtexit$$00000002           0x0800017c   Section        0  rtexit2.o(.ARM.Collect$$rtexit$$00000002)
    .ARM.Collect$$rtexit$$00000003           0x0800017c   Section        4  rtexit2.o(.ARM.Collect$$rtexit$$00000003)
    .ARM.Collect$$rtexit$$00000004           0x08000180   Section        6  rtexit2.o(.ARM.Collect$$rtexit$$00000004)
    .emb_text                                0x08000188   Section       12  sys.o(.emb_text)
    .text                                    0x08000194   Section        0  stm32f10x_it.o(.text)
    .text                                    0x080001b0   Section        0  system_stm32f10x.o(.text)
    SetSysClockTo72                          0x080001b1   Thumb Code   214  system_stm32f10x.o(.text)
    SetSysClock                              0x08000287   Thumb Code     8  system_stm32f10x.o(.text)
    .text                                    0x08000390   Section        0  minibalance.o(.text)
    .text                                    0x08000438   Section       64  startup_stm32f10x_md.o(.text)
    .text                                    0x08000478   Section        0  misc.o(.text)
    .text                                    0x08000554   Section        0  stm32f10x_adc.o(.text)
    .text                                    0x080009a4   Section        0  stm32f10x_dma.o(.text)
    .text                                    0x08000bf8   Section        0  stm32f10x_exti.o(.text)
    .text                                    0x08000d14   Section        0  stm32f10x_gpio.o(.text)
    .text                                    0x08001070   Section        0  stm32f10x_rcc.o(.text)
    .text                                    0x08001414   Section        0  stm32f10x_tim.o(.text)
    TI4_Config                               0x080018bb   Thumb Code   130  stm32f10x_tim.o(.text)
    TI3_Config                               0x0800194f   Thumb Code   122  stm32f10x_tim.o(.text)
    TI2_Config                               0x080019e3   Thumb Code   130  stm32f10x_tim.o(.text)
    TI1_Config                               0x08001a77   Thumb Code   108  stm32f10x_tim.o(.text)
    .text                                    0x08002230   Section        0  stm32f10x_usart.o(.text)
    .text                                    0x08002638   Section        0  delay.o(.text)
    .text                                    0x08002728   Section        0  sys.o(.text)
    .text                                    0x080029e4   Section        0  usart.o(.text)
    .text                                    0x08002ec4   Section        0  led.o(.text)
    .text                                    0x08002ef4   Section        0  adc.o(.text)
    .text                                    0x0800316c   Section        0  timer.o(.text)
    .text                                    0x080031f4   Section        0  motor.o(.text)
    .text                                    0x080036c4   Section        0  encoder.o(.text)
    .text                                    0x0800387c   Section        0  oled.o(.text)
    .text                                    0x08003df8   Section        0  exti.o(.text)
    .text                                    0x08003ef0   Section        0  swi.o(.text)
    .text                                    0x08003f40   Section        0  strategy.o(.text)
    .text                                    0x0800435c   Section        0  show.o(.text)
    .text                                    0x08004630   Section        2  use_no_semi_2.o(.text)
    .text                                    0x08004632   Section        0  heapauxi.o(.text)
    .text                                    0x08004638   Section        2  use_no_semi.o(.text)
    .text                                    0x0800463a   Section       74  sys_stackheap_outer.o(.text)
    .text                                    0x08004684   Section        0  exit.o(.text)
    .text                                    0x08004690   Section        8  libspace.o(.text)
    x$fpl$dadd                               0x08004698   Section      336  daddsub_clz.o(x$fpl$dadd)
    _dadd1                                   0x080046a9   Thumb Code     0  daddsub_clz.o(x$fpl$dadd)
    x$fpl$ddiv                               0x080047e8   Section      688  ddiv.o(x$fpl$ddiv)
    ddiv_entry                               0x080047ef   Thumb Code     0  ddiv.o(x$fpl$ddiv)
    x$fpl$dfix                               0x08004a98   Section       94  dfix.o(x$fpl$dfix)
    x$fpl$dflt                               0x08004af6   Section       46  dflt_clz.o(x$fpl$dflt)
    x$fpl$dfltu                              0x08004b24   Section       38  dflt_clz.o(x$fpl$dfltu)
    x$fpl$dmul                               0x08004b4c   Section      340  dmul.o(x$fpl$dmul)
    x$fpl$dnaninf                            0x08004ca0   Section      156  dnaninf.o(x$fpl$dnaninf)
    x$fpl$dretinf                            0x08004d3c   Section       12  dretinf.o(x$fpl$dretinf)
    x$fpl$dsub                               0x08004d48   Section      468  daddsub_clz.o(x$fpl$dsub)
    _dsub1                                   0x08004d59   Thumb Code     0  daddsub_clz.o(x$fpl$dsub)
    .constdata                               0x08004f1c   Section     2660  oled.o(.constdata)
    x$fpl$usenofp                            0x08004f1c   Section        0  usenofp.o(x$fpl$usenofp)
    .data                                    0x20000000   Section       20  system_stm32f10x.o(.data)
    .data                                    0x20000014   Section       76  minibalance.o(.data)
    .data                                    0x20000060   Section       20  stm32f10x_rcc.o(.data)
    APBAHBPrescTable                         0x20000060   Data          16  stm32f10x_rcc.o(.data)
    ADCPrescTable                            0x20000070   Data           4  stm32f10x_rcc.o(.data)
    .data                                    0x20000074   Section        4  delay.o(.data)
    fac_us                                   0x20000074   Data           1  delay.o(.data)
    fac_ms                                   0x20000076   Data           2  delay.o(.data)
    .data                                    0x20000078   Section       12  usart.o(.data)
    rebuf                                    0x2000007c   Data           8  usart.o(.data)
    .data                                    0x20000084   Section        1  strategy.o(.data)
    .bss                                     0x20000088   Section       18  usart.o(.bss)
    data                                     0x20000088   Data          18  usart.o(.bss)
    .bss                                     0x2000009a   Section     1024  oled.o(.bss)
    .bss                                     0x2000049c   Section       96  libspace.o(.bss)
    HEAP                                     0x20000500   Section      512  startup_stm32f10x_md.o(HEAP)
    Heap_Mem                                 0x20000500   Data         512  startup_stm32f10x_md.o(HEAP)
    STACK                                    0x20000700   Section     1024  startup_stm32f10x_md.o(STACK)
    Stack_Mem                                0x20000700   Data        1024  startup_stm32f10x_md.o(STACK)
    __initial_sp                             0x20000b00   Data           0  startup_stm32f10x_md.o(STACK)

    Global Symbols

    Symbol Name                              Value     Ov Type        Size  Object(Section)

    BuildAttributes$$THM_ISAv4$P$D$K$B$S$PE$A:L22UL41UL21$X:L11$S22US41US21$IEEE1$IW$USESV6$~STKCKD$USESV7$~SHL$OSPACE$ROPI$EBA8$UX$STANDARDLIB$REQ8$PRES8$EABIv2 0x00000000   Number         0  anon$$obj.o ABSOLUTE
    __ARM_use_no_argv                        0x00000000   Number         0  minibalance.o ABSOLUTE
    __ARM_exceptions_init                     - Undefined Weak Reference
    __alloca_initialize                       - Undefined Weak Reference
    __arm_preinit_                            - Undefined Weak Reference
    __cpp_initialize__aeabi_                  - Undefined Weak Reference
    __cxa_finalize                            - Undefined Weak Reference
    __rt_locale                               - Undefined Weak Reference
    __sigvec_lookup                           - Undefined Weak Reference
    _atexit_init                              - Undefined Weak Reference
    _call_atexit_fns                          - Undefined Weak Reference
    _clock_init                               - Undefined Weak Reference
    _fp_trap_init                             - Undefined Weak Reference
    _fp_trap_shutdown                         - Undefined Weak Reference
    _get_lc_collate                           - Undefined Weak Reference
    _get_lc_ctype                             - Undefined Weak Reference
    _get_lc_monetary                          - Undefined Weak Reference
    _get_lc_numeric                           - Undefined Weak Reference
    _get_lc_time                              - Undefined Weak Reference
    _getenv_init                              - Undefined Weak Reference
    _handle_redirection                       - Undefined Weak Reference
    _init_alloc                               - Undefined Weak Reference
    _init_user_alloc                          - Undefined Weak Reference
    _initio                                   - Undefined Weak Reference
    _rand_init                                - Undefined Weak Reference
    _signal_finish                            - Undefined Weak Reference
    _signal_init                              - Undefined Weak Reference
    _terminate_alloc                          - Undefined Weak Reference
    _terminate_user_alloc                     - Undefined Weak Reference
    _terminateio                              - Undefined Weak Reference
    __Vectors_Size                           0x000000ec   Number         0  startup_stm32f10x_md.o ABSOLUTE
    __Vectors                                0x08000000   Data           4  startup_stm32f10x_md.o(RESET)
    __Vectors_End                            0x080000ec   Data           0  startup_stm32f10x_md.o(RESET)
    __main                                   0x080000ed   Thumb Code     8  __main.o(!!!main)
    __scatterload                            0x080000f5   Thumb Code     0  __scatter.o(!!!scatter)
    __scatterload_rt2                        0x080000f5   Thumb Code    44  __scatter.o(!!!scatter)
    __scatterload_rt2_thumb_only             0x080000f5   Thumb Code     0  __scatter.o(!!!scatter)
    __scatterload_null                       0x08000103   Thumb Code     0  __scatter.o(!!!scatter)
    __scatterload_copy                       0x08000129   Thumb Code    26  __scatter_copy.o(!!handler_copy)
    __scatterload_zeroinit                   0x08000145   Thumb Code    28  __scatter_zi.o(!!handler_zi)
    __rt_lib_init                            0x08000161   Thumb Code     0  libinit.o(.ARM.Collect$$libinit$$00000000)
    __rt_lib_init_alloca_1                   0x08000163   Thumb Code     0  libinit2.o(.ARM.Collect$$libinit$$0000002E)
    __rt_lib_init_argv_1                     0x08000163   Thumb Code     0  libinit2.o(.ARM.Collect$$libinit$$0000002C)
    __rt_lib_init_atexit_1                   0x08000163   Thumb Code     0  libinit2.o(.ARM.Collect$$libinit$$0000001B)
    __rt_lib_init_clock_1                    0x08000163   Thumb Code     0  libinit2.o(.ARM.Collect$$libinit$$00000021)
    __rt_lib_init_cpp_1                      0x08000163   Thumb Code     0  libinit2.o(.ARM.Collect$$libinit$$00000032)
    __rt_lib_init_exceptions_1               0x08000163   Thumb Code     0  libinit2.o(.ARM.Collect$$libinit$$00000030)
    __rt_lib_init_fp_1                       0x08000163   Thumb Code     0  libinit2.o(.ARM.Collect$$libinit$$00000002)
    __rt_lib_init_fp_trap_1                  0x08000163   Thumb Code     0  libinit2.o(.ARM.Collect$$libinit$$0000001F)
    __rt_lib_init_getenv_1                   0x08000163   Thumb Code     0  libinit2.o(.ARM.Collect$$libinit$$00000023)
    __rt_lib_init_heap_1                     0x08000163   Thumb Code     0  libinit2.o(.ARM.Collect$$libinit$$0000000A)
    __rt_lib_init_lc_collate_1               0x08000163   Thumb Code     0  libinit2.o(.ARM.Collect$$libinit$$00000011)
    __rt_lib_init_lc_ctype_1                 0x08000163   Thumb Code     0  libinit2.o(.ARM.Collect$$libinit$$00000013)
    __rt_lib_init_lc_monetary_1              0x08000163   Thumb Code     0  libinit2.o(.ARM.Collect$$libinit$$00000015)
    __rt_lib_init_lc_numeric_1               0x08000163   Thumb Code     0  libinit2.o(.ARM.Collect$$libinit$$00000017)
    __rt_lib_init_lc_time_1                  0x08000163   Thumb Code     0  libinit2.o(.ARM.Collect$$libinit$$00000019)
    __rt_lib_init_preinit_1                  0x08000163   Thumb Code     0  libinit2.o(.ARM.Collect$$libinit$$00000004)
    __rt_lib_init_rand_1                     0x08000163   Thumb Code     0  libinit2.o(.ARM.Collect$$libinit$$0000000E)
    __rt_lib_init_return                     0x08000163   Thumb Code     0  libinit2.o(.ARM.Collect$$libinit$$00000033)
    __rt_lib_init_signal_1                   0x08000163   Thumb Code     0  libinit2.o(.ARM.Collect$$libinit$$0000001D)
    __rt_lib_init_stdio_1                    0x08000163   Thumb Code     0  libinit2.o(.ARM.Collect$$libinit$$00000025)
    __rt_lib_init_user_alloc_1               0x08000163   Thumb Code     0  libinit2.o(.ARM.Collect$$libinit$$0000000C)
    __rt_lib_shutdown                        0x08000165   Thumb Code     0  libshutdown.o(.ARM.Collect$$libshutdown$$00000000)
    __rt_lib_shutdown_fp_trap_1              0x08000167   Thumb Code     0  libshutdown2.o(.ARM.Collect$$libshutdown$$00000006)
    __rt_lib_shutdown_heap_1                 0x08000167   Thumb Code     0  libshutdown2.o(.ARM.Collect$$libshutdown$$0000000E)
    __rt_lib_shutdown_return                 0x08000167   Thumb Code     0  libshutdown2.o(.ARM.Collect$$libshutdown$$0000000F)
    __rt_lib_shutdown_signal_1               0x08000167   Thumb Code     0  libshutdown2.o(.ARM.Collect$$libshutdown$$00000009)
    __rt_lib_shutdown_stdio_1                0x08000167   Thumb Code     0  libshutdown2.o(.ARM.Collect$$libshutdown$$00000003)
    __rt_lib_shutdown_user_alloc_1           0x08000167   Thumb Code     0  libshutdown2.o(.ARM.Collect$$libshutdown$$0000000B)
    __rt_entry                               0x08000169   Thumb Code     0  __rtentry.o(.ARM.Collect$$rtentry$$00000000)
    __rt_entry_presh_1                       0x08000169   Thumb Code     0  __rtentry2.o(.ARM.Collect$$rtentry$$00000002)
    __rt_entry_sh                            0x08000169   Thumb Code     0  __rtentry4.o(.ARM.Collect$$rtentry$$00000004)
    __rt_entry_li                            0x0800016f   Thumb Code     0  __rtentry2.o(.ARM.Collect$$rtentry$$0000000A)
    __rt_entry_postsh_1                      0x0800016f   Thumb Code     0  __rtentry2.o(.ARM.Collect$$rtentry$$00000009)
    __rt_entry_main                          0x08000173   Thumb Code     0  __rtentry2.o(.ARM.Collect$$rtentry$$0000000D)
    __rt_entry_postli_1                      0x08000173   Thumb Code     0  __rtentry2.o(.ARM.Collect$$rtentry$$0000000C)
    __rt_exit                                0x0800017b   Thumb Code     0  rtexit.o(.ARM.Collect$$rtexit$$00000000)
    __rt_exit_ls                             0x0800017d   Thumb Code     0  rtexit2.o(.ARM.Collect$$rtexit$$00000003)
    __rt_exit_prels_1                        0x0800017d   Thumb Code     0  rtexit2.o(.ARM.Collect$$rtexit$$00000002)
    __rt_exit_exit                           0x08000181   Thumb Code     0  rtexit2.o(.ARM.Collect$$rtexit$$00000004)
    WFI_SET                                  0x08000189   Thumb Code     2  sys.o(.emb_text)
    INTX_DISABLE                             0x0800018b   Thumb Code     2  sys.o(.emb_text)
    INTX_ENABLE                              0x0800018d   Thumb Code     2  sys.o(.emb_text)
    MSR_MSP                                  0x0800018f   Thumb Code     6  sys.o(.emb_text)
    NMI_Handler                              0x08000195   Thumb Code     2  stm32f10x_it.o(.text)
    HardFault_Handler                        0x08000197   Thumb Code     4  stm32f10x_it.o(.text)
    MemManage_Handler                        0x0800019b   Thumb Code     4  stm32f10x_it.o(.text)
    BusFault_Handler                         0x0800019f   Thumb Code     4  stm32f10x_it.o(.text)
    UsageFault_Handler                       0x080001a3   Thumb Code     4  stm32f10x_it.o(.text)
    SVC_Handler                              0x080001a7   Thumb Code     2  stm32f10x_it.o(.text)
    DebugMon_Handler                         0x080001a9   Thumb Code     2  stm32f10x_it.o(.text)
    PendSV_Handler                           0x080001ab   Thumb Code     2  stm32f10x_it.o(.text)
    SysTick_Handler                          0x080001ad   Thumb Code     2  stm32f10x_it.o(.text)
    SystemInit                               0x0800028f   Thumb Code    78  system_stm32f10x.o(.text)
    SystemCoreClockUpdate                    0x080002dd   Thumb Code   142  system_stm32f10x.o(.text)
    main                                     0x08000391   Thumb Code   160  minibalance.o(.text)
    Reset_Handler                            0x08000439   Thumb Code     8  startup_stm32f10x_md.o(.text)
    ADC1_2_IRQHandler                        0x08000453   Thumb Code     0  startup_stm32f10x_md.o(.text)
    CAN1_RX1_IRQHandler                      0x08000453   Thumb Code     0  startup_stm32f10x_md.o(.text)
    CAN1_SCE_IRQHandler                      0x08000453   Thumb Code     0  startup_stm32f10x_md.o(.text)
    DMA1_Channel1_IRQHandler                 0x08000453   Thumb Code     0  startup_stm32f10x_md.o(.text)
    DMA1_Channel2_IRQHandler                 0x08000453   Thumb Code     0  startup_stm32f10x_md.o(.text)
    DMA1_Channel3_IRQHandler                 0x08000453   Thumb Code     0  startup_stm32f10x_md.o(.text)
    DMA1_Channel4_IRQHandler                 0x08000453   Thumb Code     0  startup_stm32f10x_md.o(.text)
    DMA1_Channel5_IRQHandler                 0x08000453   Thumb Code     0  startup_stm32f10x_md.o(.text)
    DMA1_Channel6_IRQHandler                 0x08000453   Thumb Code     0  startup_stm32f10x_md.o(.text)
    DMA1_Channel7_IRQHandler                 0x08000453   Thumb Code     0  startup_stm32f10x_md.o(.text)
    EXTI0_IRQHandler                         0x08000453   Thumb Code     0  startup_stm32f10x_md.o(.text)
    EXTI2_IRQHandler                         0x08000453   Thumb Code     0  startup_stm32f10x_md.o(.text)
    EXTI3_IRQHandler                         0x08000453   Thumb Code     0  startup_stm32f10x_md.o(.text)
    EXTI4_IRQHandler                         0x08000453   Thumb Code     0  startup_stm32f10x_md.o(.text)
    EXTI9_5_IRQHandler                       0x08000453   Thumb Code     0  startup_stm32f10x_md.o(.text)
    FLASH_IRQHandler                         0x08000453   Thumb Code     0  startup_stm32f10x_md.o(.text)
    I2C1_ER_IRQHandler                       0x08000453   Thumb Code     0  startup_stm32f10x_md.o(.text)
    I2C1_EV_IRQHandler                       0x08000453   Thumb Code     0  startup_stm32f10x_md.o(.text)
    I2C2_ER_IRQHandler                       0x08000453   Thumb Code     0  startup_stm32f10x_md.o(.text)
    I2C2_EV_IRQHandler                       0x08000453   Thumb Code     0  startup_stm32f10x_md.o(.text)
    PVD_IRQHandler                           0x08000453   Thumb Code     0  startup_stm32f10x_md.o(.text)
    RCC_IRQHandler                           0x08000453   Thumb Code     0  startup_stm32f10x_md.o(.text)
    RTCAlarm_IRQHandler                      0x08000453   Thumb Code     0  startup_stm32f10x_md.o(.text)
    RTC_IRQHandler                           0x08000453   Thumb Code     0  startup_stm32f10x_md.o(.text)
    SPI1_IRQHandler                          0x08000453   Thumb Code     0  startup_stm32f10x_md.o(.text)
    SPI2_IRQHandler                          0x08000453   Thumb Code     0  startup_stm32f10x_md.o(.text)
    TAMPER_IRQHandler                        0x08000453   Thumb Code     0  startup_stm32f10x_md.o(.text)
    TIM1_BRK_IRQHandler                      0x08000453   Thumb Code     0  startup_stm32f10x_md.o(.text)
    TIM1_CC_IRQHandler                       0x08000453   Thumb Code     0  startup_stm32f10x_md.o(.text)
    TIM1_TRG_COM_IRQHandler                  0x08000453   Thumb Code     0  startup_stm32f10x_md.o(.text)
    TIM1_UP_IRQHandler                       0x08000453   Thumb Code     0  startup_stm32f10x_md.o(.text)
    USBWakeUp_IRQHandler                     0x08000453   Thumb Code     0  startup_stm32f10x_md.o(.text)
    USB_HP_CAN1_TX_IRQHandler                0x08000453   Thumb Code     0  startup_stm32f10x_md.o(.text)
    USB_LP_CAN1_RX0_IRQHandler               0x08000453   Thumb Code     0  startup_stm32f10x_md.o(.text)
    WWDG_IRQHandler                          0x08000453   Thumb Code     0  startup_stm32f10x_md.o(.text)
    __user_initial_stackheap                 0x08000455   Thumb Code     0  startup_stm32f10x_md.o(.text)
    NVIC_PriorityGroupConfig                 0x08000479   Thumb Code    10  misc.o(.text)
    NVIC_Init                                0x08000483   Thumb Code   100  misc.o(.text)
    NVIC_SetVectorTable                      0x080004e7   Thumb Code    14  misc.o(.text)
    NVIC_SystemLPConfig                      0x080004f5   Thumb Code    34  misc.o(.text)
    SysTick_CLKSourceConfig                  0x08000517   Thumb Code    40  misc.o(.text)
    ADC_DeInit                               0x08000555   Thumb Code    78  stm32f10x_adc.o(.text)
    ADC_Init                                 0x080005a3   Thumb Code    70  stm32f10x_adc.o(.text)
    ADC_StructInit                           0x080005e9   Thumb Code    18  stm32f10x_adc.o(.text)
    ADC_Cmd                                  0x080005fb   Thumb Code    22  stm32f10x_adc.o(.text)
    ADC_DMACmd                               0x08000611   Thumb Code    22  stm32f10x_adc.o(.text)
    ADC_ITConfig                             0x08000627   Thumb Code    24  stm32f10x_adc.o(.text)
    ADC_ResetCalibration                     0x0800063f   Thumb Code    10  stm32f10x_adc.o(.text)
    ADC_GetResetCalibrationStatus            0x08000649   Thumb Code    20  stm32f10x_adc.o(.text)
    ADC_StartCalibration                     0x0800065d   Thumb Code    10  stm32f10x_adc.o(.text)
    ADC_GetCalibrationStatus                 0x08000667   Thumb Code    20  stm32f10x_adc.o(.text)
    ADC_SoftwareStartConvCmd                 0x0800067b   Thumb Code    22  stm32f10x_adc.o(.text)
    ADC_GetSoftwareStartConvStatus           0x08000691   Thumb Code    20  stm32f10x_adc.o(.text)
    ADC_DiscModeChannelCountConfig           0x080006a5   Thumb Code    24  stm32f10x_adc.o(.text)
    ADC_DiscModeCmd                          0x080006bd   Thumb Code    22  stm32f10x_adc.o(.text)
    ADC_RegularChannelConfig                 0x080006d3   Thumb Code   184  stm32f10x_adc.o(.text)
    ADC_ExternalTrigConvCmd                  0x0800078b   Thumb Code    22  stm32f10x_adc.o(.text)
    ADC_GetConversionValue                   0x080007a1   Thumb Code     8  stm32f10x_adc.o(.text)
    ADC_GetDualModeConversionValue           0x080007a9   Thumb Code     8  stm32f10x_adc.o(.text)
    ADC_AutoInjectedConvCmd                  0x080007b1   Thumb Code    22  stm32f10x_adc.o(.text)
    ADC_InjectedDiscModeCmd                  0x080007c7   Thumb Code    22  stm32f10x_adc.o(.text)
    ADC_ExternalTrigInjectedConvConfig       0x080007dd   Thumb Code    16  stm32f10x_adc.o(.text)
    ADC_ExternalTrigInjectedConvCmd          0x080007ed   Thumb Code    22  stm32f10x_adc.o(.text)
    ADC_SoftwareStartInjectedConvCmd         0x08000803   Thumb Code    22  stm32f10x_adc.o(.text)
    ADC_GetSoftwareStartInjectedConvCmdStatus 0x08000819   Thumb Code    20  stm32f10x_adc.o(.text)
    ADC_InjectedChannelConfig                0x0800082d   Thumb Code   130  stm32f10x_adc.o(.text)
    ADC_InjectedSequencerLengthConfig        0x080008af   Thumb Code    24  stm32f10x_adc.o(.text)
    ADC_SetInjectedOffset                    0x080008c7   Thumb Code    20  stm32f10x_adc.o(.text)
    ADC_GetInjectedConversionValue           0x080008db   Thumb Code    28  stm32f10x_adc.o(.text)
    ADC_AnalogWatchdogCmd                    0x080008f7   Thumb Code    16  stm32f10x_adc.o(.text)
    ADC_AnalogWatchdogThresholdsConfig       0x08000907   Thumb Code     6  stm32f10x_adc.o(.text)
    ADC_AnalogWatchdogSingleChannelConfig    0x0800090d   Thumb Code    16  stm32f10x_adc.o(.text)
    ADC_TempSensorVrefintCmd                 0x0800091d   Thumb Code    64  stm32f10x_adc.o(.text)
    ADC_GetFlagStatus                        0x0800095d   Thumb Code    18  stm32f10x_adc.o(.text)
    ADC_ClearFlag                            0x0800096f   Thumb Code     6  stm32f10x_adc.o(.text)
    ADC_GetITStatus                          0x08000975   Thumb Code    36  stm32f10x_adc.o(.text)
    ADC_ClearITPendingBit                    0x08000999   Thumb Code    10  stm32f10x_adc.o(.text)
    DMA_DeInit                               0x080009a5   Thumb Code   324  stm32f10x_dma.o(.text)
    DMA_Init                                 0x08000ae9   Thumb Code    60  stm32f10x_dma.o(.text)
    DMA_StructInit                           0x08000b25   Thumb Code    26  stm32f10x_dma.o(.text)
    DMA_Cmd                                  0x08000b3f   Thumb Code    24  stm32f10x_dma.o(.text)
    DMA_ITConfig                             0x08000b57   Thumb Code    18  stm32f10x_dma.o(.text)
    DMA_SetCurrDataCounter                   0x08000b69   Thumb Code     4  stm32f10x_dma.o(.text)
    DMA_GetCurrDataCounter                   0x08000b6d   Thumb Code     8  stm32f10x_dma.o(.text)
    DMA_GetFlagStatus                        0x08000b75   Thumb Code    40  stm32f10x_dma.o(.text)
    DMA_ClearFlag                            0x08000b9d   Thumb Code    22  stm32f10x_dma.o(.text)
    DMA_GetITStatus                          0x08000bb3   Thumb Code    40  stm32f10x_dma.o(.text)
    DMA_ClearITPendingBit                    0x08000bdb   Thumb Code    22  stm32f10x_dma.o(.text)
    EXTI_DeInit                              0x08000bf9   Thumb Code    28  stm32f10x_exti.o(.text)
    EXTI_Init                                0x08000c15   Thumb Code   142  stm32f10x_exti.o(.text)
    EXTI_StructInit                          0x08000ca3   Thumb Code    16  stm32f10x_exti.o(.text)
    EXTI_GenerateSWInterrupt                 0x08000cb3   Thumb Code    16  stm32f10x_exti.o(.text)
    EXTI_GetFlagStatus                       0x08000cc3   Thumb Code    22  stm32f10x_exti.o(.text)
    EXTI_ClearFlag                           0x08000cd9   Thumb Code     8  stm32f10x_exti.o(.text)
    EXTI_GetITStatus                         0x08000ce1   Thumb Code    34  stm32f10x_exti.o(.text)
    EXTI_ClearITPendingBit                   0x08000d03   Thumb Code     8  stm32f10x_exti.o(.text)
    GPIO_DeInit                              0x08000d15   Thumb Code   172  stm32f10x_gpio.o(.text)
    GPIO_AFIODeInit                          0x08000dc1   Thumb Code    20  stm32f10x_gpio.o(.text)
    GPIO_Init                                0x08000dd5   Thumb Code   278  stm32f10x_gpio.o(.text)
    GPIO_StructInit                          0x08000eeb   Thumb Code    16  stm32f10x_gpio.o(.text)
    GPIO_ReadInputDataBit                    0x08000efb   Thumb Code    18  stm32f10x_gpio.o(.text)
    GPIO_ReadInputData                       0x08000f0d   Thumb Code     8  stm32f10x_gpio.o(.text)
    GPIO_ReadOutputDataBit                   0x08000f15   Thumb Code    18  stm32f10x_gpio.o(.text)
    GPIO_ReadOutputData                      0x08000f27   Thumb Code     8  stm32f10x_gpio.o(.text)
    GPIO_SetBits                             0x08000f2f   Thumb Code     4  stm32f10x_gpio.o(.text)
    GPIO_ResetBits                           0x08000f33   Thumb Code     4  stm32f10x_gpio.o(.text)
    GPIO_WriteBit                            0x08000f37   Thumb Code    10  stm32f10x_gpio.o(.text)
    GPIO_Write                               0x08000f41   Thumb Code     4  stm32f10x_gpio.o(.text)
    GPIO_PinLockConfig                       0x08000f45   Thumb Code    18  stm32f10x_gpio.o(.text)
    GPIO_EventOutputConfig                   0x08000f57   Thumb Code    26  stm32f10x_gpio.o(.text)
    GPIO_EventOutputCmd                      0x08000f71   Thumb Code     6  stm32f10x_gpio.o(.text)
    GPIO_PinRemapConfig                      0x08000f77   Thumb Code   138  stm32f10x_gpio.o(.text)
    GPIO_EXTILineConfig                      0x08001001   Thumb Code    66  stm32f10x_gpio.o(.text)
    GPIO_ETH_MediaInterfaceConfig            0x08001043   Thumb Code     8  stm32f10x_gpio.o(.text)
    RCC_DeInit                               0x08001071   Thumb Code    64  stm32f10x_rcc.o(.text)
    RCC_HSEConfig                            0x080010b1   Thumb Code    70  stm32f10x_rcc.o(.text)
    RCC_GetFlagStatus                        0x080010f7   Thumb Code    56  stm32f10x_rcc.o(.text)
    RCC_WaitForHSEStartUp                    0x0800112f   Thumb Code    56  stm32f10x_rcc.o(.text)
    RCC_AdjustHSICalibrationValue            0x08001167   Thumb Code    20  stm32f10x_rcc.o(.text)
    RCC_HSICmd                               0x0800117b   Thumb Code     6  stm32f10x_rcc.o(.text)
    RCC_PLLConfig                            0x08001181   Thumb Code    24  stm32f10x_rcc.o(.text)
    RCC_PLLCmd                               0x08001199   Thumb Code     6  stm32f10x_rcc.o(.text)
    RCC_SYSCLKConfig                         0x0800119f   Thumb Code    18  stm32f10x_rcc.o(.text)
    RCC_GetSYSCLKSource                      0x080011b1   Thumb Code    10  stm32f10x_rcc.o(.text)
    RCC_HCLKConfig                           0x080011bb   Thumb Code    18  stm32f10x_rcc.o(.text)
    RCC_PCLK1Config                          0x080011cd   Thumb Code    18  stm32f10x_rcc.o(.text)
    RCC_PCLK2Config                          0x080011df   Thumb Code    20  stm32f10x_rcc.o(.text)
    RCC_ITConfig                             0x080011f3   Thumb Code    26  stm32f10x_rcc.o(.text)
    RCC_USBCLKConfig                         0x0800120d   Thumb Code     8  stm32f10x_rcc.o(.text)
    RCC_ADCCLKConfig                         0x08001215   Thumb Code    18  stm32f10x_rcc.o(.text)
    RCC_LSEConfig                            0x08001227   Thumb Code    50  stm32f10x_rcc.o(.text)
    RCC_LSICmd                               0x08001259   Thumb Code     6  stm32f10x_rcc.o(.text)
    RCC_RTCCLKConfig                         0x0800125f   Thumb Code    12  stm32f10x_rcc.o(.text)
    RCC_RTCCLKCmd                            0x0800126b   Thumb Code     8  stm32f10x_rcc.o(.text)
    RCC_GetClocksFreq                        0x08001273   Thumb Code   192  stm32f10x_rcc.o(.text)
    RCC_AHBPeriphClockCmd                    0x08001333   Thumb Code    26  stm32f10x_rcc.o(.text)
    RCC_APB2PeriphClockCmd                   0x0800134d   Thumb Code    26  stm32f10x_rcc.o(.text)
    RCC_APB1PeriphClockCmd                   0x08001367   Thumb Code    26  stm32f10x_rcc.o(.text)
    RCC_APB2PeriphResetCmd                   0x08001381   Thumb Code    26  stm32f10x_rcc.o(.text)
    RCC_APB1PeriphResetCmd                   0x0800139b   Thumb Code    26  stm32f10x_rcc.o(.text)
    RCC_BackupResetCmd                       0x080013b5   Thumb Code     8  stm32f10x_rcc.o(.text)
    RCC_ClockSecuritySystemCmd               0x080013bd   Thumb Code     6  stm32f10x_rcc.o(.text)
    RCC_MCOConfig                            0x080013c3   Thumb Code     6  stm32f10x_rcc.o(.text)
    RCC_ClearFlag                            0x080013c9   Thumb Code    14  stm32f10x_rcc.o(.text)
    RCC_GetITStatus                          0x080013d7   Thumb Code    20  stm32f10x_rcc.o(.text)
    RCC_ClearITPendingBit                    0x080013eb   Thumb Code     6  stm32f10x_rcc.o(.text)
    TIM_DeInit                               0x08001415   Thumb Code   424  stm32f10x_tim.o(.text)
    TIM_TimeBaseInit                         0x080015bd   Thumb Code   122  stm32f10x_tim.o(.text)
    TIM_OC1Init                              0x08001637   Thumb Code   132  stm32f10x_tim.o(.text)
    TIM_OC2Init                              0x080016bb   Thumb Code   154  stm32f10x_tim.o(.text)
    TIM_OC3Init                              0x08001755   Thumb Code   150  stm32f10x_tim.o(.text)
    TIM_OC4Init                              0x080017eb   Thumb Code   182  stm32f10x_tim.o(.text)
    TIM_SetIC4Prescaler                      0x080018a1   Thumb Code    26  stm32f10x_tim.o(.text)
    TIM_SetIC3Prescaler                      0x0800193d   Thumb Code    18  stm32f10x_tim.o(.text)
    TIM_SetIC2Prescaler                      0x080019c9   Thumb Code    26  stm32f10x_tim.o(.text)
    TIM_SetIC1Prescaler                      0x08001a65   Thumb Code    18  stm32f10x_tim.o(.text)
    TIM_ICInit                               0x08001ae3   Thumb Code   150  stm32f10x_tim.o(.text)
    TIM_PWMIConfig                           0x08001b79   Thumb Code   124  stm32f10x_tim.o(.text)
    TIM_BDTRConfig                           0x08001bf5   Thumb Code    32  stm32f10x_tim.o(.text)
    TIM_TimeBaseStructInit                   0x08001c15   Thumb Code    18  stm32f10x_tim.o(.text)
    TIM_OCStructInit                         0x08001c27   Thumb Code    20  stm32f10x_tim.o(.text)
    TIM_ICStructInit                         0x08001c3b   Thumb Code    18  stm32f10x_tim.o(.text)
    TIM_BDTRStructInit                       0x08001c4d   Thumb Code    40  stm32f10x_tim.o(.text)
    TIM_Cmd                                  0x08001c75   Thumb Code    24  stm32f10x_tim.o(.text)
    TIM_CtrlPWMOutputs                       0x08001c8d   Thumb Code    30  stm32f10x_tim.o(.text)
    TIM_ITConfig                             0x08001cab   Thumb Code    18  stm32f10x_tim.o(.text)
    TIM_GenerateEvent                        0x08001cbd   Thumb Code     4  stm32f10x_tim.o(.text)
    TIM_DMAConfig                            0x08001cc1   Thumb Code    10  stm32f10x_tim.o(.text)
    TIM_DMACmd                               0x08001ccb   Thumb Code    18  stm32f10x_tim.o(.text)
    TIM_InternalClockConfig                  0x08001cdd   Thumb Code    12  stm32f10x_tim.o(.text)
    TIM_SelectInputTrigger                   0x08001ce9   Thumb Code    18  stm32f10x_tim.o(.text)
    TIM_ITRxExternalClockConfig              0x08001cfb   Thumb Code    24  stm32f10x_tim.o(.text)
    TIM_TIxExternalClockConfig               0x08001d13   Thumb Code    62  stm32f10x_tim.o(.text)
    TIM_ETRConfig                            0x08001d51   Thumb Code    28  stm32f10x_tim.o(.text)
    TIM_ETRClockMode1Config                  0x08001d6d   Thumb Code    54  stm32f10x_tim.o(.text)
    TIM_ETRClockMode2Config                  0x08001da3   Thumb Code    32  stm32f10x_tim.o(.text)
    TIM_PrescalerConfig                      0x08001dc3   Thumb Code     6  stm32f10x_tim.o(.text)
    TIM_CounterModeConfig                    0x08001dc9   Thumb Code    18  stm32f10x_tim.o(.text)
    TIM_EncoderInterfaceConfig               0x08001ddb   Thumb Code    66  stm32f10x_tim.o(.text)
    TIM_ForcedOC1Config                      0x08001e1d   Thumb Code    18  stm32f10x_tim.o(.text)
    TIM_ForcedOC2Config                      0x08001e2f   Thumb Code    26  stm32f10x_tim.o(.text)
    TIM_ForcedOC3Config                      0x08001e49   Thumb Code    18  stm32f10x_tim.o(.text)
    TIM_ForcedOC4Config                      0x08001e5b   Thumb Code    26  stm32f10x_tim.o(.text)
    TIM_ARRPreloadConfig                     0x08001e75   Thumb Code    24  stm32f10x_tim.o(.text)
    TIM_SelectCOM                            0x08001e8d   Thumb Code    24  stm32f10x_tim.o(.text)
    TIM_SelectCCDMA                          0x08001ea5   Thumb Code    24  stm32f10x_tim.o(.text)
    TIM_CCPreloadControl                     0x08001ebd   Thumb Code    24  stm32f10x_tim.o(.text)
    TIM_OC1PreloadConfig                     0x08001ed5   Thumb Code    18  stm32f10x_tim.o(.text)
    TIM_OC2PreloadConfig                     0x08001ee7   Thumb Code    26  stm32f10x_tim.o(.text)
    TIM_OC3PreloadConfig                     0x08001f01   Thumb Code    18  stm32f10x_tim.o(.text)
    TIM_OC4PreloadConfig                     0x08001f13   Thumb Code    26  stm32f10x_tim.o(.text)
    TIM_OC1FastConfig                        0x08001f2d   Thumb Code    18  stm32f10x_tim.o(.text)
    TIM_OC2FastConfig                        0x08001f3f   Thumb Code    26  stm32f10x_tim.o(.text)
    TIM_OC3FastConfig                        0x08001f59   Thumb Code    18  stm32f10x_tim.o(.text)
    TIM_OC4FastConfig                        0x08001f6b   Thumb Code    26  stm32f10x_tim.o(.text)
    TIM_ClearOC1Ref                          0x08001f85   Thumb Code    18  stm32f10x_tim.o(.text)
    TIM_ClearOC2Ref                          0x08001f97   Thumb Code    24  stm32f10x_tim.o(.text)
    TIM_ClearOC3Ref                          0x08001faf   Thumb Code    18  stm32f10x_tim.o(.text)
    TIM_ClearOC4Ref                          0x08001fc1   Thumb Code    24  stm32f10x_tim.o(.text)
    TIM_OC1PolarityConfig                    0x08001fd9   Thumb Code    18  stm32f10x_tim.o(.text)
    TIM_OC1NPolarityConfig                   0x08001feb   Thumb Code    18  stm32f10x_tim.o(.text)
    TIM_OC2PolarityConfig                    0x08001ffd   Thumb Code    26  stm32f10x_tim.o(.text)
    TIM_OC2NPolarityConfig                   0x08002017   Thumb Code    26  stm32f10x_tim.o(.text)
    TIM_OC3PolarityConfig                    0x08002031   Thumb Code    26  stm32f10x_tim.o(.text)
    TIM_OC3NPolarityConfig                   0x0800204b   Thumb Code    26  stm32f10x_tim.o(.text)
    TIM_OC4PolarityConfig                    0x08002065   Thumb Code    26  stm32f10x_tim.o(.text)
    TIM_CCxCmd                               0x0800207f   Thumb Code    30  stm32f10x_tim.o(.text)
    TIM_CCxNCmd                              0x0800209d   Thumb Code    30  stm32f10x_tim.o(.text)
    TIM_SelectOCxM                           0x080020bb   Thumb Code    82  stm32f10x_tim.o(.text)
    TIM_UpdateDisableConfig                  0x0800210d   Thumb Code    24  stm32f10x_tim.o(.text)
    TIM_UpdateRequestConfig                  0x08002125   Thumb Code    24  stm32f10x_tim.o(.text)
    TIM_SelectHallSensor                     0x0800213d   Thumb Code    24  stm32f10x_tim.o(.text)
    TIM_SelectOnePulseMode                   0x08002155   Thumb Code    18  stm32f10x_tim.o(.text)
    TIM_SelectOutputTrigger                  0x08002167   Thumb Code    18  stm32f10x_tim.o(.text)
    TIM_SelectSlaveMode                      0x08002179   Thumb Code    18  stm32f10x_tim.o(.text)
    TIM_SelectMasterSlaveMode                0x0800218b   Thumb Code    18  stm32f10x_tim.o(.text)
    TIM_SetCounter                           0x0800219d   Thumb Code     4  stm32f10x_tim.o(.text)
    TIM_SetAutoreload                        0x080021a1   Thumb Code     4  stm32f10x_tim.o(.text)
    TIM_SetCompare1                          0x080021a5   Thumb Code     4  stm32f10x_tim.o(.text)
    TIM_SetCompare2                          0x080021a9   Thumb Code     4  stm32f10x_tim.o(.text)
    TIM_SetCompare3                          0x080021ad   Thumb Code     4  stm32f10x_tim.o(.text)
    TIM_SetCompare4                          0x080021b1   Thumb Code     6  stm32f10x_tim.o(.text)
    TIM_SetClockDivision                     0x080021b7   Thumb Code    18  stm32f10x_tim.o(.text)
    TIM_GetCapture1                          0x080021c9   Thumb Code     6  stm32f10x_tim.o(.text)
    TIM_GetCapture2                          0x080021cf   Thumb Code     6  stm32f10x_tim.o(.text)
    TIM_GetCapture3                          0x080021d5   Thumb Code     6  stm32f10x_tim.o(.text)
    TIM_GetCapture4                          0x080021db   Thumb Code     8  stm32f10x_tim.o(.text)
    TIM_GetCounter                           0x080021e3   Thumb Code     6  stm32f10x_tim.o(.text)
    TIM_GetPrescaler                         0x080021e9   Thumb Code     6  stm32f10x_tim.o(.text)
    TIM_GetFlagStatus                        0x080021ef   Thumb Code    18  stm32f10x_tim.o(.text)
    TIM_ClearFlag                            0x08002201   Thumb Code     6  stm32f10x_tim.o(.text)
    TIM_GetITStatus                          0x08002207   Thumb Code    34  stm32f10x_tim.o(.text)
    TIM_ClearITPendingBit                    0x08002229   Thumb Code     6  stm32f10x_tim.o(.text)
    USART_DeInit                             0x08002231   Thumb Code   134  stm32f10x_usart.o(.text)
    USART_Init                               0x080022b7   Thumb Code   210  stm32f10x_usart.o(.text)
    USART_StructInit                         0x08002389   Thumb Code    24  stm32f10x_usart.o(.text)
    USART_ClockInit                          0x080023a1   Thumb Code    34  stm32f10x_usart.o(.text)
    USART_ClockStructInit                    0x080023c3   Thumb Code    12  stm32f10x_usart.o(.text)
    USART_Cmd                                0x080023cf   Thumb Code    24  stm32f10x_usart.o(.text)
    USART_ITConfig                           0x080023e7   Thumb Code    74  stm32f10x_usart.o(.text)
    USART_DMACmd                             0x08002431   Thumb Code    18  stm32f10x_usart.o(.text)
    USART_SetAddress                         0x08002443   Thumb Code    18  stm32f10x_usart.o(.text)
    USART_WakeUpConfig                       0x08002455   Thumb Code    18  stm32f10x_usart.o(.text)
    USART_ReceiverWakeUpCmd                  0x08002467   Thumb Code    24  stm32f10x_usart.o(.text)
    USART_LINBreakDetectLengthConfig         0x0800247f   Thumb Code    18  stm32f10x_usart.o(.text)
    USART_LINCmd                             0x08002491   Thumb Code    24  stm32f10x_usart.o(.text)
    USART_SendData                           0x080024a9   Thumb Code     8  stm32f10x_usart.o(.text)
    USART_ReceiveData                        0x080024b1   Thumb Code    10  stm32f10x_usart.o(.text)
    USART_SendBreak                          0x080024bb   Thumb Code    10  stm32f10x_usart.o(.text)
    USART_SetGuardTime                       0x080024c5   Thumb Code    16  stm32f10x_usart.o(.text)
    USART_SetPrescaler                       0x080024d5   Thumb Code    16  stm32f10x_usart.o(.text)
    USART_SmartCardCmd                       0x080024e5   Thumb Code    24  stm32f10x_usart.o(.text)
    USART_SmartCardNACKCmd                   0x080024fd   Thumb Code    24  stm32f10x_usart.o(.text)
    USART_HalfDuplexCmd                      0x08002515   Thumb Code    24  stm32f10x_usart.o(.text)
    USART_OverSampling8Cmd                   0x0800252d   Thumb Code    22  stm32f10x_usart.o(.text)
    USART_OneBitMethodCmd                    0x08002543   Thumb Code    24  stm32f10x_usart.o(.text)
    USART_IrDAConfig                         0x0800255b   Thumb Code    18  stm32f10x_usart.o(.text)
    USART_IrDACmd                            0x0800256d   Thumb Code    24  stm32f10x_usart.o(.text)
    USART_GetFlagStatus                      0x08002585   Thumb Code    26  stm32f10x_usart.o(.text)
    USART_ClearFlag                          0x0800259f   Thumb Code    18  stm32f10x_usart.o(.text)
    USART_GetITStatus                        0x080025b1   Thumb Code    84  stm32f10x_usart.o(.text)
    USART_ClearITPendingBit                  0x08002605   Thumb Code    52  stm32f10x_usart.o(.text)
    delay_init                               0x08002639   Thumb Code    50  delay.o(.text)
    delay_us                                 0x0800266b   Thumb Code    72  delay.o(.text)
    delay_ms                                 0x080026b3   Thumb Code    72  delay.o(.text)
    delay_ms_for                             0x080026fb   Thumb Code    24  delay.o(.text)
    MY_NVIC_SetVectorTable                   0x08002729   Thumb Code    12  sys.o(.text)
    MY_NVIC_PriorityGroupConfig              0x08002735   Thumb Code    36  sys.o(.text)
    MY_NVIC_Init                             0x08002759   Thumb Code   116  sys.o(.text)
    Ex_NVIC_Config                           0x080027cd   Thumb Code   146  sys.o(.text)
    MYRCC_DeInit                             0x0800285f   Thumb Code    90  sys.o(.text)
    Sys_Standby                              0x080028b9   Thumb Code    68  sys.o(.text)
    Sys_Soft_Reset                           0x080028fd   Thumb Code    12  sys.o(.text)
    JTAG_Set                                 0x08002909   Thumb Code    42  sys.o(.text)
    Stm32_Clock_Init                         0x08002933   Thumb Code   134  sys.o(.text)
    _sys_exit                                0x080029e5   Thumb Code     6  usart.o(.text)
    fputc                                    0x080029eb   Thumb Code    24  usart.o(.text)
    uart1_init                               0x08002a03   Thumb Code   152  usart.o(.text)
    uart2_init                               0x08002a9b   Thumb Code   174  usart.o(.text)
    uart3_init                               0x08002b49   Thumb Code   158  usart.o(.text)
    USART1_IRQHandler                        0x08002be7   Thumb Code    42  usart.o(.text)
    USART2_IRQHandler                        0x08002c11   Thumb Code   200  usart.o(.text)
    USART3_IRQHandler                        0x08002cd9   Thumb Code   216  usart.o(.text)
    IMU_init                                 0x08002db1   Thumb Code   270  usart.o(.text)
    LED_Init                                 0x08002ec5   Thumb Code    44  led.o(.text)
    ADC_DMA_Multichannel_Init                0x08002ef5   Thumb Code   298  adc.o(.text)
    Adc_Init                                 0x0800301f   Thumb Code   146  adc.o(.text)
    Get_Adc                                  0x080030b1   Thumb Code    54  adc.o(.text)
    Get_battery_volt                         0x080030e7   Thumb Code   102  adc.o(.text)
    TIM3_Config                              0x0800316d   Thumb Code   106  timer.o(.text)
    TIM3_IRQHandler                          0x080031d7   Thumb Code    24  timer.o(.text)
    MiniBalance_PWM_Init                     0x080031f5   Thumb Code   192  motor.o(.text)
    myabs                                    0x080032b5   Thumb Code    14  motor.o(.text)
    xianfu                                   0x080032c3   Thumb Code    26  motor.o(.text)
    Set_Speed                                0x080032dd   Thumb Code    96  motor.o(.text)
    Set_Speed_Safe                           0x0800333d   Thumb Code   110  motor.o(.text)
    Set_Speed_Show                           0x080033ab   Thumb Code    20  motor.o(.text)
    Set_Speed_Safe_Show                      0x080033bf   Thumb Code    20  motor.o(.text)
    Stop_Forever                             0x080033d3   Thumb Code    12  motor.o(.text)
    dengtai                                  0x080033df   Thumb Code    54  motor.o(.text)
    Get_Target                               0x08003415   Thumb Code    26  motor.o(.text)
    Get_Bias                                 0x0800342f   Thumb Code    32  motor.o(.text)
    Turn_to                                  0x0800344f   Thumb Code   198  motor.o(.text)
    Turn_to_abs                              0x08003515   Thumb Code   186  motor.o(.text)
    baizheng                                 0x080035cf   Thumb Code   240  motor.o(.text)
    Encoder_Init_TIM2                        0x080036c5   Thumb Code   154  encoder.o(.text)
    Encoder_Init_TIM4                        0x0800375f   Thumb Code   148  encoder.o(.text)
    Read_Encoder                             0x080037f3   Thumb Code    74  encoder.o(.text)
    TIM4_IRQHandler                          0x0800383d   Thumb Code    24  encoder.o(.text)
    TIM2_IRQHandler                          0x08003855   Thumb Code    24  encoder.o(.text)
    OLED_IIC_Start                           0x0800387d   Thumb Code    44  oled.o(.text)
    OLED_IIC_Stop                            0x080038a9   Thumb Code    34  oled.o(.text)
    OLED_IIC_Wait_Ack                        0x080038cb   Thumb Code    24  oled.o(.text)
    Write_IIC_Byte                           0x080038e3   Thumb Code    88  oled.o(.text)
    Write_IIC_Command                        0x0800393b   Thumb Code    44  oled.o(.text)
    Write_IIC_Data                           0x08003967   Thumb Code    44  oled.o(.text)
    OLED_WR_Byte                             0x08003993   Thumb Code    24  oled.o(.text)
    Delay_50ms                               0x080039ab   Thumb Code    22  oled.o(.text)
    Delay_1ms                                0x080039c1   Thumb Code    26  oled.o(.text)
    OLED_Set_Pos                             0x080039db   Thumb Code    40  oled.o(.text)
    OLED_Display_On                          0x08003a03   Thumb Code    28  oled.o(.text)
    OLED_Display_Off                         0x08003a1f   Thumb Code    28  oled.o(.text)
    OLED_Refresh_Gram                        0x08003a3b   Thumb Code    68  oled.o(.text)
    OLED_Clear                               0x08003a7f   Thumb Code    42  oled.o(.text)
    OLED_On                                  0x08003aa9   Thumb Code    62  oled.o(.text)
    OLED_DrawPoint                           0x08003ae7   Thumb Code   108  oled.o(.text)
    OLED_ShowChar                            0x08003b53   Thumb Code   146  oled.o(.text)
    oled_pow                                 0x08003be5   Thumb Code    22  oled.o(.text)
    OLED_ShowNumber                          0x08003bfb   Thumb Code   162  oled.o(.text)
    OLED_ShowString                          0x08003c9d   Thumb Code    68  oled.o(.text)
    OLED_Init                                0x08003ce1   Thumb Code   274  oled.o(.text)
    EXTI_GPIO_Init                           0x08003df9   Thumb Code    34  exti.o(.text)
    EXTIX_Init                               0x08003e1b   Thumb Code   104  exti.o(.text)
    EXTI15_10_IRQHandler                     0x08003e83   Thumb Code   100  exti.o(.text)
    SWI_Init                                 0x08003ef1   Thumb Code    70  swi.o(.text)
    EXTI1_IRQHandler                         0x08003f37   Thumb Code    10  swi.o(.text)
    Start_untouch                            0x08003f41   Thumb Code    50  strategy.o(.text)
    Avoid_Falling                            0x08003f73   Thumb Code    74  strategy.o(.text)
    Avoid_Falling_180                        0x08003fbd   Thumb Code    34  strategy.o(.text)
    NumLenMore                               0x08003fdf   Thumb Code    56  strategy.o(.text)
    NumLenLess                               0x08004017   Thumb Code    56  strategy.o(.text)
    NumGrayMore                              0x0800404f   Thumb Code    42  strategy.o(.text)
    NumGrayLess                              0x08004079   Thumb Code    42  strategy.o(.text)
    Front_Back                               0x080040a3   Thumb Code   198  strategy.o(.text)
    Front_Left                               0x08004169   Thumb Code    98  strategy.o(.text)
    Run_Free                                 0x080041cb   Thumb Code   178  strategy.o(.text)
    dengtai_auto                             0x0800427d   Thumb Code   222  strategy.o(.text)
    OLED_Show                                0x0800435d   Thumb Code   626  show.o(.text)
    __use_no_semihosting                     0x08004631   Thumb Code     2  use_no_semi_2.o(.text)
    __use_two_region_memory                  0x08004633   Thumb Code     2  heapauxi.o(.text)
    __rt_heap_escrow$2region                 0x08004635   Thumb Code     2  heapauxi.o(.text)
    __rt_heap_expand$2region                 0x08004637   Thumb Code     2  heapauxi.o(.text)
    __I$use$semihosting                      0x08004639   Thumb Code     0  use_no_semi.o(.text)
    __use_no_semihosting_swi                 0x08004639   Thumb Code     2  use_no_semi.o(.text)
    __user_setup_stackheap                   0x0800463b   Thumb Code    74  sys_stackheap_outer.o(.text)
    exit                                     0x08004685   Thumb Code    12  exit.o(.text)
    __user_libspace                          0x08004691   Thumb Code     8  libspace.o(.text)
    __user_perproc_libspace                  0x08004691   Thumb Code     0  libspace.o(.text)
    __user_perthread_libspace                0x08004691   Thumb Code     0  libspace.o(.text)
    __aeabi_dadd                             0x08004699   Thumb Code     0  daddsub_clz.o(x$fpl$dadd)
    _dadd                                    0x08004699   Thumb Code   332  daddsub_clz.o(x$fpl$dadd)
    __aeabi_ddiv                             0x080047e9   Thumb Code     0  ddiv.o(x$fpl$ddiv)
    _ddiv                                    0x080047e9   Thumb Code   552  ddiv.o(x$fpl$ddiv)
    __aeabi_d2iz                             0x08004a99   Thumb Code     0  dfix.o(x$fpl$dfix)
    _dfix                                    0x08004a99   Thumb Code    94  dfix.o(x$fpl$dfix)
    __aeabi_i2d                              0x08004af7   Thumb Code     0  dflt_clz.o(x$fpl$dflt)
    _dflt                                    0x08004af7   Thumb Code    46  dflt_clz.o(x$fpl$dflt)
    __aeabi_ui2d                             0x08004b25   Thumb Code     0  dflt_clz.o(x$fpl$dfltu)
    _dfltu                                   0x08004b25   Thumb Code    38  dflt_clz.o(x$fpl$dfltu)
    __aeabi_dmul                             0x08004b4d   Thumb Code     0  dmul.o(x$fpl$dmul)
    _dmul                                    0x08004b4d   Thumb Code   332  dmul.o(x$fpl$dmul)
    __fpl_dnaninf                            0x08004ca1   Thumb Code   156  dnaninf.o(x$fpl$dnaninf)
    __fpl_dretinf                            0x08004d3d   Thumb Code    12  dretinf.o(x$fpl$dretinf)
    __aeabi_dsub                             0x08004d49   Thumb Code     0  daddsub_clz.o(x$fpl$dsub)
    _dsub                                    0x08004d49   Thumb Code   464  daddsub_clz.o(x$fpl$dsub)
    __I$use$fp                               0x08004f1c   Number         0  usenofp.o(x$fpl$usenofp)
    oled_asc2_1206                           0x08004f1c   Data        1140  oled.o(.constdata)
    F8X16                                    0x08005390   Data        1520  oled.o(.constdata)
    Region$$Table$$Base                      0x08005980   Number         0  anon$$obj.o(Region$$Table)
    Region$$Table$$Limit                     0x080059a0   Number         0  anon$$obj.o(Region$$Table)
    SystemCoreClock                          0x20000000   Data           4  system_stm32f10x.o(.data)
    AHBPrescTable                            0x20000004   Data          16  system_stm32f10x.o(.data)
    Flag_Qian                                0x20000014   Data           1  minibalance.o(.data)
    Flag_Hou                                 0x20000015   Data           1  minibalance.o(.data)
    Flag_Left                                0x20000016   Data           1  minibalance.o(.data)
    Flag_Right                               0x20000017   Data           1  minibalance.o(.data)
    Flag_sudu                                0x20000018   Data           1  minibalance.o(.data)
    Flag_Stop                                0x20000019   Data           1  minibalance.o(.data)
    Flag_Show                                0x2000001a   Data           1  minibalance.o(.data)
    Encoder_Left                             0x2000001c   Data           4  minibalance.o(.data)
    Encoder_Right                            0x20000020   Data           4  minibalance.o(.data)
    PWML                                     0x20000024   Data           4  minibalance.o(.data)
    PWMR                                     0x20000028   Data           4  minibalance.o(.data)
    Voltage                                  0x2000002c   Data           4  minibalance.o(.data)
    YAW                                      0x20000030   Data           2  minibalance.o(.data)
    PITCH                                    0x20000032   Data           2  minibalance.o(.data)
    ROLL                                     0x20000034   Data           2  minibalance.o(.data)
    len1                                     0x20000038   Data           4  minibalance.o(.data)
    len2                                     0x2000003c   Data           4  minibalance.o(.data)
    len3                                     0x20000040   Data           4  minibalance.o(.data)
    len4                                     0x20000044   Data           4  minibalance.o(.data)
    len5                                     0x20000048   Data           4  minibalance.o(.data)
    len6                                     0x2000004c   Data           4  minibalance.o(.data)
    len7                                     0x20000050   Data           4  minibalance.o(.data)
    len8                                     0x20000054   Data           4  minibalance.o(.data)
    ADC_BUFF                                 0x20000058   Data           8  minibalance.o(.data)
    __stdout                                 0x20000078   Data           4  usart.o(.data)
    qidong                                   0x20000084   Data           1  strategy.o(.data)
    OLED_GRAM                                0x2000009a   Data        1024  oled.o(.bss)
    __libspace_start                         0x2000049c   Data          96  libspace.o(.bss)
    __temporary_stack_top$libspace           0x200004fc   Data           0  libspace.o(.bss)



==============================================================================

Memory Map of the image

  Image Entry point : 0x080000ed

  Load Region LR_IROM1 (Base: 0x08000000, Size: 0x00005a28, Max: 0x00010000, ABSOLUTE)

    Execution Region ER_IROM1 (Base: 0x08000000, Size: 0x000059a0, Max: 0x00010000, ABSOLUTE)

    Base Addr    Size         Type   Attr      Idx    E Section Name        Object

    0x08000000   0x000000ec   Data   RO          205    RESET               startup_stm32f10x_md.o
    0x080000ec   0x00000008   Code   RO          721  * !!!main             c_w.l(__main.o)
    0x080000f4   0x00000034   Code   RO          902    !!!scatter          c_w.l(__scatter.o)
    0x08000128   0x0000001a   Code   RO          904    !!handler_copy      c_w.l(__scatter_copy.o)
    0x08000142   0x00000002   PAD
    0x08000144   0x0000001c   Code   RO          906    !!handler_zi        c_w.l(__scatter_zi.o)
    0x08000160   0x00000002   Code   RO          777    .ARM.Collect$$libinit$$00000000  c_w.l(libinit.o)
    0x08000162   0x00000000   Code   RO          784    .ARM.Collect$$libinit$$00000002  c_w.l(libinit2.o)
    0x08000162   0x00000000   Code   RO          786    .ARM.Collect$$libinit$$00000004  c_w.l(libinit2.o)
    0x08000162   0x00000000   Code   RO          789    .ARM.Collect$$libinit$$0000000A  c_w.l(libinit2.o)
    0x08000162   0x00000000   Code   RO          791    .ARM.Collect$$libinit$$0000000C  c_w.l(libinit2.o)
    0x08000162   0x00000000   Code   RO          793    .ARM.Collect$$libinit$$0000000E  c_w.l(libinit2.o)
    0x08000162   0x00000000   Code   RO          796    .ARM.Collect$$libinit$$00000011  c_w.l(libinit2.o)
    0x08000162   0x00000000   Code   RO          798    .ARM.Collect$$libinit$$00000013  c_w.l(libinit2.o)
    0x08000162   0x00000000   Code   RO          800    .ARM.Collect$$libinit$$00000015  c_w.l(libinit2.o)
    0x08000162   0x00000000   Code   RO          802    .ARM.Collect$$libinit$$00000017  c_w.l(libinit2.o)
    0x08000162   0x00000000   Code   RO          804    .ARM.Collect$$libinit$$00000019  c_w.l(libinit2.o)
    0x08000162   0x00000000   Code   RO          806    .ARM.Collect$$libinit$$0000001B  c_w.l(libinit2.o)
    0x08000162   0x00000000   Code   RO          808    .ARM.Collect$$libinit$$0000001D  c_w.l(libinit2.o)
    0x08000162   0x00000000   Code   RO          810    .ARM.Collect$$libinit$$0000001F  c_w.l(libinit2.o)
    0x08000162   0x00000000   Code   RO          812    .ARM.Collect$$libinit$$00000021  c_w.l(libinit2.o)
    0x08000162   0x00000000   Code   RO          814    .ARM.Collect$$libinit$$00000023  c_w.l(libinit2.o)
    0x08000162   0x00000000   Code   RO          816    .ARM.Collect$$libinit$$00000025  c_w.l(libinit2.o)
    0x08000162   0x00000000   Code   RO          820    .ARM.Collect$$libinit$$0000002C  c_w.l(libinit2.o)
    0x08000162   0x00000000   Code   RO          822    .ARM.Collect$$libinit$$0000002E  c_w.l(libinit2.o)
    0x08000162   0x00000000   Code   RO          824    .ARM.Collect$$libinit$$00000030  c_w.l(libinit2.o)
    0x08000162   0x00000000   Code   RO          826    .ARM.Collect$$libinit$$00000032  c_w.l(libinit2.o)
    0x08000162   0x00000002   Code   RO          827    .ARM.Collect$$libinit$$00000033  c_w.l(libinit2.o)
    0x08000164   0x00000002   Code   RO          845    .ARM.Collect$$libshutdown$$00000000  c_w.l(libshutdown.o)
    0x08000166   0x00000000   Code   RO          856    .ARM.Collect$$libshutdown$$00000003  c_w.l(libshutdown2.o)
    0x08000166   0x00000000   Code   RO          859    .ARM.Collect$$libshutdown$$00000006  c_w.l(libshutdown2.o)
    0x08000166   0x00000000   Code   RO          862    .ARM.Collect$$libshutdown$$00000009  c_w.l(libshutdown2.o)
    0x08000166   0x00000000   Code   RO          864    .ARM.Collect$$libshutdown$$0000000B  c_w.l(libshutdown2.o)
    0x08000166   0x00000000   Code   RO          867    .ARM.Collect$$libshutdown$$0000000E  c_w.l(libshutdown2.o)
    0x08000166   0x00000002   Code   RO          868    .ARM.Collect$$libshutdown$$0000000F  c_w.l(libshutdown2.o)
    0x08000168   0x00000000   Code   RO          747    .ARM.Collect$$rtentry$$00000000  c_w.l(__rtentry.o)
    0x08000168   0x00000000   Code   RO          754    .ARM.Collect$$rtentry$$00000002  c_w.l(__rtentry2.o)
    0x08000168   0x00000006   Code   RO          766    .ARM.Collect$$rtentry$$00000004  c_w.l(__rtentry4.o)
    0x0800016e   0x00000000   Code   RO          756    .ARM.Collect$$rtentry$$00000009  c_w.l(__rtentry2.o)
    0x0800016e   0x00000004   Code   RO          757    .ARM.Collect$$rtentry$$0000000A  c_w.l(__rtentry2.o)
    0x08000172   0x00000000   Code   RO          759    .ARM.Collect$$rtentry$$0000000C  c_w.l(__rtentry2.o)
    0x08000172   0x00000008   Code   RO          760    .ARM.Collect$$rtentry$$0000000D  c_w.l(__rtentry2.o)
    0x0800017a   0x00000002   Code   RO          781    .ARM.Collect$$rtexit$$00000000  c_w.l(rtexit.o)
    0x0800017c   0x00000000   Code   RO          829    .ARM.Collect$$rtexit$$00000002  c_w.l(rtexit2.o)
    0x0800017c   0x00000004   Code   RO          830    .ARM.Collect$$rtexit$$00000003  c_w.l(rtexit2.o)
    0x08000180   0x00000006   Code   RO          831    .ARM.Collect$$rtexit$$00000004  c_w.l(rtexit2.o)
    0x08000186   0x00000002   PAD
    0x08000188   0x0000000c   Code   RO          532    .emb_text           sys.o
    0x08000194   0x0000001a   Code   RO            1    .text               stm32f10x_it.o
    0x080001ae   0x00000002   PAD
    0x080001b0   0x000001e0   Code   RO          104    .text               system_stm32f10x.o
    0x08000390   0x000000a8   Code   RO          122    .text               minibalance.o
    0x08000438   0x00000040   Code   RO          206    .text               startup_stm32f10x_md.o
    0x08000478   0x000000dc   Code   RO          210    .text               misc.o
    0x08000554   0x0000044e   Code   RO          248    .text               stm32f10x_adc.o
    0x080009a2   0x00000002   PAD
    0x080009a4   0x00000254   Code   RO          332    .text               stm32f10x_dma.o
    0x08000bf8   0x0000011c   Code   RO          344    .text               stm32f10x_exti.o
    0x08000d14   0x0000035c   Code   RO          380    .text               stm32f10x_gpio.o
    0x08001070   0x000003a4   Code   RO          428    .text               stm32f10x_rcc.o
    0x08001414   0x00000e1a   Code   RO          478    .text               stm32f10x_tim.o
    0x0800222e   0x00000002   PAD
    0x08002230   0x00000408   Code   RO          490    .text               stm32f10x_usart.o
    0x08002638   0x000000f0   Code   RO          514    .text               delay.o
    0x08002728   0x000002bc   Code   RO          533    .text               sys.o
    0x080029e4   0x000004e0   Code   RO          548    .text               usart.o
    0x08002ec4   0x00000030   Code   RO          568    .text               led.o
    0x08002ef4   0x00000278   Code   RO          580    .text               adc.o
    0x0800316c   0x00000088   Code   RO          592    .text               timer.o
    0x080031f4   0x000004d0   Code   RO          604    .text               motor.o
    0x080036c4   0x000001b8   Code   RO          616    .text               encoder.o
    0x0800387c   0x0000057c   Code   RO          628    .text               oled.o
    0x08003df8   0x000000f8   Code   RO          658    .text               exti.o
    0x08003ef0   0x00000050   Code   RO          670    .text               swi.o
    0x08003f40   0x0000041a   Code   RO          682    .text               strategy.o
    0x0800435a   0x00000002   PAD
    0x0800435c   0x000002d4   Code   RO          700    .text               show.o
    0x08004630   0x00000002   Code   RO          717    .text               c_w.l(use_no_semi_2.o)
    0x08004632   0x00000006   Code   RO          719    .text               c_w.l(heapauxi.o)
    0x08004638   0x00000002   Code   RO          745    .text               c_w.l(use_no_semi.o)
    0x0800463a   0x0000004a   Code   RO          768    .text               c_w.l(sys_stackheap_outer.o)
    0x08004684   0x0000000c   Code   RO          770    .text               c_w.l(exit.o)
    0x08004690   0x00000008   Code   RO          778    .text               c_w.l(libspace.o)
    0x08004698   0x00000150   Code   RO          723    x$fpl$dadd          fz_ws.l(daddsub_clz.o)
    0x080047e8   0x000002b0   Code   RO          730    x$fpl$ddiv          fz_ws.l(ddiv.o)
    0x08004a98   0x0000005e   Code   RO          733    x$fpl$dfix          fz_ws.l(dfix.o)
    0x08004af6   0x0000002e   Code   RO          738    x$fpl$dflt          fz_ws.l(dflt_clz.o)
    0x08004b24   0x00000026   Code   RO          737    x$fpl$dfltu         fz_ws.l(dflt_clz.o)
    0x08004b4a   0x00000002   PAD
    0x08004b4c   0x00000154   Code   RO          743    x$fpl$dmul          fz_ws.l(dmul.o)
    0x08004ca0   0x0000009c   Code   RO          748    x$fpl$dnaninf       fz_ws.l(dnaninf.o)
    0x08004d3c   0x0000000c   Code   RO          750    x$fpl$dretinf       fz_ws.l(dretinf.o)
    0x08004d48   0x000001d4   Code   RO          725    x$fpl$dsub          fz_ws.l(daddsub_clz.o)
    0x08004f1c   0x00000000   Code   RO          752    x$fpl$usenofp       fz_ws.l(usenofp.o)
    0x08004f1c   0x00000a64   Data   RO          630    .constdata          oled.o
    0x08005980   0x00000020   Data   RO          900    Region$$Table       anon$$obj.o


    Execution Region RW_IRAM1 (Base: 0x20000000, Size: 0x00000b00, Max: 0x00005000, ABSOLUTE)

    Base Addr    Size         Type   Attr      Idx    E Section Name        Object

    0x20000000   0x00000014   Data   RW          105    .data               system_stm32f10x.o
    0x20000014   0x0000004c   Data   RW          123    .data               minibalance.o
    0x20000060   0x00000014   Data   RW          429    .data               stm32f10x_rcc.o
    0x20000074   0x00000004   Data   RW          515    .data               delay.o
    0x20000078   0x0000000c   Data   RW          550    .data               usart.o
    0x20000084   0x00000001   Data   RW          683    .data               strategy.o
    0x20000085   0x00000003   PAD
    0x20000088   0x00000012   Zero   RW          549    .bss                usart.o
    0x2000009a   0x00000400   Zero   RW          629    .bss                oled.o
    0x2000049a   0x00000002   PAD
    0x2000049c   0x00000060   Zero   RW          779    .bss                c_w.l(libspace.o)
    0x200004fc   0x00000004   PAD
    0x20000500   0x00000200   Zero   RW          204    HEAP                startup_stm32f10x_md.o
    0x20000700   0x00000400   Zero   RW          203    STACK               startup_stm32f10x_md.o


==============================================================================

Image component sizes


      Code (inc. data)   RO Data    RW Data    ZI Data      Debug   Object Name

       632         32          0          0          0       1510   adc.o
         0          0          0          0          0         32   core_cm3.o
       240         22          0          4          0       1268   delay.o
       440         16          0          0          0       1539   encoder.o
       248         10          0          0          0        977   exti.o
        48          4          0          0          0        511   led.o
       168          8          0         76          0       1841   minibalance.o
       220         22          0          0          0     216461   misc.o
      1232         50          0          0          0       3454   motor.o
      1404         18       2660          0       1024       6347   oled.o
       724         98          0          0          0        676   show.o
        64         26        236          0       1536        828   startup_stm32f10x_md.o
      1102         26          0          0          0      10849   stm32f10x_adc.o
       596          8          0          0          0       4346   stm32f10x_dma.o
       284         10          0          0          0       2247   stm32f10x_exti.o
       860         38          0          0          0       5661   stm32f10x_gpio.o
        26          0          0          0          0     260786   stm32f10x_it.o
       932         36          0         20          0       8840   stm32f10x_rcc.o
      3610         88          0          0          0      22144   stm32f10x_tim.o
      1032         22          0          0          0       8388   stm32f10x_usart.o
      1050         32          0          1          0       2815   strategy.o
        80          0          0          0          0        688   swi.o
       712         44          0          0          0       2767   sys.o
       480         38          0         20          0       1767   system_stm32f10x.o
       136          6          0          0          0        726   timer.o
      1248         80          0         12         18       4564   usart.o

    ----------------------------------------------------------------------
     17576        734       2928        136       2580     572032   Object Totals
         0          0         32          0          0          0   (incl. Generated)
         8          0          0          3          2          0   (incl. Padding)

    ----------------------------------------------------------------------

      Code (inc. data)   RO Data    RW Data    ZI Data      Debug   Library Member Name

         8          0          0          0          0         68   __main.o
         0          0          0          0          0          0   __rtentry.o
        12          0          0          0          0          0   __rtentry2.o
         6          0          0          0          0          0   __rtentry4.o
        52          8          0          0          0          0   __scatter.o
        26          0          0          0          0          0   __scatter_copy.o
        28          0          0          0          0          0   __scatter_zi.o
        12          0          0          0          0         72   exit.o
         6          0          0          0          0        152   heapauxi.o
         2          0          0          0          0          0   libinit.o
         2          0          0          0          0          0   libinit2.o
         2          0          0          0          0          0   libshutdown.o
         2          0          0          0          0          0   libshutdown2.o
         8          4          0          0         96         68   libspace.o
         2          0          0          0          0          0   rtexit.o
        10          0          0          0          0          0   rtexit2.o
        74          0          0          0          0         80   sys_stackheap_outer.o
         2          0          0          0          0         68   use_no_semi.o
         2          0          0          0          0         68   use_no_semi_2.o
       804         16          0          0          0        272   daddsub_clz.o
       688        140          0          0          0        208   ddiv.o
        94          4          0          0          0         92   dfix.o
        84          0          0          0          0        136   dflt_clz.o
       340         12          0          0          0        104   dmul.o
       156          4          0          0          0         92   dnaninf.o
        12          0          0          0          0         68   dretinf.o
         0          0          0          0          0          0   usenofp.o

    ----------------------------------------------------------------------
      2440        188          0          0        100       1548   Library Totals
         6          0          0          0          4          0   (incl. Padding)

    ----------------------------------------------------------------------

      Code (inc. data)   RO Data    RW Data    ZI Data      Debug   Library Name

       256         12          0          0         96        576   c_w.l
      2178        176          0          0          0        972   fz_ws.l

    ----------------------------------------------------------------------
      2440        188          0          0        100       1548   Library Totals

    ----------------------------------------------------------------------

==============================================================================


      Code (inc. data)   RO Data    RW Data    ZI Data      Debug   

     20016        922       2928        136       2680     570612   Grand Totals
     20016        922       2928        136       2680     570612   ELF Image Totals
     20016        922       2928        136          0          0   ROM Totals

==============================================================================

    Total RO  Size (Code + RO Data)                22944 (  22.41kB)
    Total RW  Size (RW Data + ZI Data)              2816 (   2.75kB)
    Total ROM Size (Code + RO Data + RW Data)      23080 (  22.54kB)

==============================================================================

