<html>
<body>
<pre>
<h1>礦ision Build Log</h1>
<h2>Tool Versions:</h2>
IDE-Version: μVision V5.14.0.0
Copyright (C) 2015 ARM Ltd and ARM Germany GmbH. All rights reserved.
License Information: He Tianfang, CountingStars, LIC=TA3Z9-4P6GB-QGJ7I-TBU7K-TM53J-SQ96M
 
Tool Versions:
Toolchain:       MDK-ARM Professional  Version: 5.14.0.0
Toolchain Path:  C:\Keil_v5\ARM\ARMCC\Bin
C Compiler:      Armcc.exe V5.05 update 1 (build 106)
Assembler:       Armasm.exe V5.05 update 1 (build 106)
Linker/Locator:  ArmLink.exe V5.05 update 1 (build 106)
Library Manager: ArmAr.exe V5.05 update 1 (build 106)
Hex Converter:   FromElf.exe V5.05 update 1 (build 106)
CPU DLL:         SARMCM3.DLL V5.14.0.0
Dialog DLL:      DCM.DLL V1.13.1.0
Target DLL:      Segger\JL2CM3.dll V2.99.13.0
Dialog DLL:      TCM.DLL V1.14.4.0
 
<h2>Project:</h2>
C:\Users\CountingStars\Desktop\Work\擂台机器人程序\VL53L0X八路地址c8\USER\VL53L0X.uvprojx
Project File Date:  03/25/2019

<h2>Output:</h2>
Build target 'VL53L0X'
compiling vl53l0x_it.c...
linking...
Program Size: Code=34266 RO-data=578 RW-data=1160 ZI-data=3536  
FromELF: creating hex file...
"..\OBJ\VL53L0X.axf" - 0 Error(s), 0 Warning(s).

<h2>Collection of Component include folders:</h2>
  C:\Users\CountingStars\Desktop\Work\擂台机器人程序\VL53L0X八路地址c8\USER\RTE
  C:\Keil_v5\ARM\PACK\Keil\STM32F1xx_DFP\2.2.0

<h2>Collection of Component Files used:</h2>
</pre>
</body>
</html>
