<html>
<body>
<pre>
<h1>礦ision Build Log</h1>
<h2>Tool Versions:</h2>
IDE-Version: μVision V5.14.0.0
Copyright (C) 2015 ARM Ltd and ARM Germany GmbH. All rights reserved.
License Information: He Tianfang, CountingStars, LIC=TA3Z9-4P6GB-QGJ7I-TBU7K-TM53J-SQ96M
 
Tool Versions:
Toolchain:       MDK-ARM Professional  Version: 5.14.0.0
Toolchain Path:  C:\Keil_v5\ARM\ARMCC\Bin
C Compiler:      Armcc.exe V5.05 update 1 (build 106)
Assembler:       Armasm.exe V5.05 update 1 (build 106)
Linker/Locator:  ArmLink.exe V5.05 update 1 (build 106)
Library Manager: ArmAr.exe V5.05 update 1 (build 106)
Hex Converter:   FromElf.exe V5.05 update 1 (build 106)
CPU DLL:         SARMCM3.DLL V5.14.0.0
Dialog DLL:      DARMSTM.dll V1.65.0.0
Target DLL:      Segger\JL2CM3.dll V2.99.13.0
Dialog DLL:      DARMSTM.dll V1.65.0.0
 
<h2>Project:</h2>
C:\Users\CountingStars\Desktop\Work\擂台机器人程序\单铲(擂台程序参考 得科F4控制器平台)\USER\USART.uvprojx
Project File Date:  04/19/2019

<h2>Output:</h2>
Build target 'USART'
compiling stm32f4xx_it.c...
compiling system_stm32f4xx.c...
compiling init.c...
..\HARDWARE\BEEP\beep.h(12): warning:  #1295-D: Deprecated declaration beepoff - give arg types
  void beepoff();
init.c: 1 warning, 0 errors
compiling beep.c...
..\HARDWARE\BEEP\beep.h(12): warning:  #1295-D: Deprecated declaration beepoff - give arg types
  void beepoff();
..\HARDWARE\BEEP\beep.c: 1 warning, 0 errors
compiling key.c...
..\HARDWARE\BEEP\beep.h(12): warning:  #1295-D: Deprecated declaration beepoff - give arg types
  void beepoff();
..\HARDWARE\KEY\key.c: 1 warning, 0 errors
compiling lcd.c...
compiling sensor.c...
compiling timer.c...
..\HARDWARE\BEEP\beep.h(12): warning:  #1295-D: Deprecated declaration beepoff - give arg types
  void beepoff();
..\HARDWARE\TIMER\timer.c: 1 warning, 0 errors
compiling pwm.c...
compiling servor_bc.c...
compiling main.c...
..\HARDWARE\BEEP\beep.h(12): warning:  #1295-D: Deprecated declaration beepoff - give arg types
  void beepoff();
ysy.h(22): warning:  #1295-D: Deprecated declaration find_single - give arg types
  void find_single();
ysy.h(23): warning:  #1-D: last line of file ends without a newline
  int Find_Taizi();
ysy.h(23): warning:  #1295-D: Deprecated declaration Find_Taizi - give arg types
  int Find_Taizi();
edge.h(12): warning:  #1-D: last line of file ends without a newline
  int get_edge(void);//巡台
main.c(110): warning:  #1-D: last line of file ends without a newline
  }
main.c(50): warning:  #128-D: loop is not reachable
        while(1)
main.c(29): warning:  #177-D: variable "i" was declared but never referenced
        int i,n=0;
main.c(29): warning:  #177-D: variable "n" was declared but never referenced
        int i,n=0;
main.c: 9 warnings, 0 errors
compiling RobotInit.c...
..\HARDWARE\BEEP\beep.h(12): warning:  #1295-D: Deprecated declaration beepoff - give arg types
  void beepoff();
RobotInit.c: 1 warning, 0 errors
compiling AD_Detection.c...
..\HARDWARE\BEEP\beep.h(12): warning:  #1295-D: Deprecated declaration beepoff - give arg types
  void beepoff();
AD_Detection.c(73): warning:  #223-D: function "digital" declared implicitly
                                display_DI(6,26,digital(1));
AD_Detection.c(83): warning:  #223-D: function "analog" declared implicitly
                                display_AI(2,26,analog(0));     
AD_Detection.c(93): warning:  #223-D: function "analog" declared implicitly
                                display_AI(2,26,analog(6));     
AD_Detection.c(103): warning:  #223-D: function "analog" declared implicitly
                                display_AI(2,31,analog(12));    
AD_Detection.c(105): warning:  #223-D: function "digital" declared implicitly
                                display_DI(6,26,digital(1));
AD_Detection.c: 6 warnings, 0 errors
compiling ysy.c...
..\HARDWARE\BEEP\beep.h(12): warning:  #1295-D: Deprecated declaration beepoff - give arg types
  void beepoff();
ysy.h(22): warning:  #1295-D: Deprecated declaration find_single - give arg types
  void find_single();
ysy.h(23): warning:  #1-D: last line of file ends without a newline
  int Find_Taizi();
ysy.h(23): warning:  #1295-D: Deprecated declaration Find_Taizi - give arg types
  int Find_Taizi();
ysy.c(37): warning:  #940-D: missing return statement at end of non-void function "Touch"
  }
ysy.c(128): warning:  #223-D: function "AD_Detection" declared implicitly
                                AD_Detection();
ysy.c(184): warning:  #111-D: statement is unreachable
                                ClearScreen();
ysy.c(230): warning:  #223-D: function "get_edge" declared implicitly
                                if(get_edge()||mseconds()>80)   break;//处理掉台、边缘等情况
ysy.c(240): warning:  #223-D: function "get_edge" declared implicitly
                                if(get_edge()||mseconds()>300)  break;//处理掉台、边缘等情况
ysy.c(250): warning:  #223-D: function "get_edge" declared implicitly
                                if(get_edge()||mseconds()>300)  break;//处理掉台、边缘等情况
ysy.c(260): warning:  #223-D: function "get_edge" declared implicitly
                                if(get_edge()||mseconds()>80)   break;//处理掉台、边缘等情况
ysy.c(270): warning:  #223-D: function "get_edge" declared implicitly
                                if(get_edge()||mseconds()>70)   break;//处理掉台、边缘等情况
ysy.c(280): warning:  #223-D: function "get_edge" declared implicitly
                                if(get_edge()||mseconds()>100)  break;//处理掉台、边缘等情况
ysy.c(290): warning:  #223-D: function "get_edge" declared implicitly
                                if(get_edge()||mseconds()>100)  break;//处理掉台、边缘等情况
ysy.c(300): warning:  #223-D: function "get_edge" declared implicitly
                                if(get_edge()||mseconds()>400)  break;//处理掉台、边缘等情况
ysy.c(310): warning:  #223-D: function "get_edge" declared implicitly
                                if(get_edge()||mseconds()>100)  break;//处理掉台、边缘等情况
ysy.c(320): warning:  #223-D: function "get_edge" declared implicitly
                                if(get_edge()||mseconds()>100)  break;//处理掉台、边缘等情况
ysy.c(330): warning:  #223-D: function "get_edge" declared implicitly
                                if(get_edge()||mseconds()>100)  break;//处理掉台、边缘等情况
ysy.c(404): warning:  #1-D: last line of file ends without a newline
  }
ysy.c: 19 warnings, 0 errors
compiling edge.c...
..\HARDWARE\BEEP\beep.h(12): warning:  #1295-D: Deprecated declaration beepoff - give arg types
  void beepoff();
edge.h(12): warning:  #1-D: last line of file ends without a newline
  int get_edge(void);//巡台
ysy.h(22): warning:  #1295-D: Deprecated declaration find_single - give arg types
  void find_single();
ysy.h(23): warning:  #1-D: last line of file ends without a newline
  int Find_Taizi();
ysy.h(23): warning:  #1295-D: Deprecated declaration Find_Taizi - give arg types
  int Find_Taizi();
edge.c(20): warning:  #223-D: function "GoodMoto" declared implicitly
                GoodMoto(-400,-400);
edge.c(30): warning:  #223-D: function "GoodMoto" declared implicitly
                GoodMoto(-1000,-1000);  
edge.c(41): warning:  #223-D: function "GoodMoto" declared implicitly
                GoodMoto(-1000,1000);
edge.c(51): warning:  #223-D: function "GoodMoto" declared implicitly
                GoodMoto(1000,-1000);
edge.c(61): warning:  #223-D: function "GoodMoto" declared implicitly
                GoodMoto(-700,700);     
edge.c(88): warning:  #223-D: function "GoodMoto" declared implicitly
                GoodMoto(400,400);//前进
edge.c(94): warning:  #223-D: function "GoodMoto" declared implicitly
                GoodMoto(400,400);
edge.c(97): warning:  #1-D: last line of file ends without a newline
  }
edge.c: 13 warnings, 0 errors
compiling led.c...
..\HARDWARE\LED\led.c(49): warning:  #1-D: last line of file ends without a newline
  }
..\HARDWARE\LED\led.c: 1 warning, 0 errors
compiling 24cxx.c...
compiling myiic.c...
compiling compass_nst.c...
..\HARDWARE\BEEP\beep.h(12): warning:  #1295-D: Deprecated declaration beepoff - give arg types
  void beepoff();
..\HARDWARE\COMPASS_NST\compass_nst.c: 1 warning, 0 errors
compiling delay.c...
compiling sys.c...
compiling usart.c...
assembling startup_stm32f40_41xxx.s...
compiling misc.c...
compiling stm32f4xx_gpio.c...
compiling stm32f4xx_rcc.c...
compiling stm32f4xx_syscfg.c...
compiling stm32f4xx_usart.c...
compiling stm32f4xx_tim.c...
compiling stm32f4xx_dma.c...
compiling stm32f4xx_adc.c...
linking...
Program Size: Code=8424 RO-data=424 RW-data=1556 ZI-data=1732  
FromELF: creating hex file...
"..\OBJ\MarineRobotV1.0_2017.5" - 0 Error(s), 54 Warning(s).

<h2>Collection of Component include folders:</h2>
  C:\Users\CountingStars\Desktop\Work\擂台机器人程序\单铲(擂台程序参考 得科F4控制器平台)\USER\RTE
  C:\Keil_v5\ARM\PACK\Keil\STM32F4xx_DFP\1.0.8\Device\Include

<h2>Collection of Component Files used:</h2>
</pre>
</body>
</html>
