<html>
<body>
<pre>
<h1>礦ision Build Log</h1>
<h2>Tool Versions:</h2>
IDE-Version: μVision V5.14.0.0
Copyright (C) 2015 ARM Ltd and ARM Germany GmbH. All rights reserved.
License Information: He Tianfang, CountingStars, LIC=TA3Z9-4P6GB-QGJ7I-TBU7K-TM53J-SQ96M
 
Tool Versions:
Toolchain:       MDK-ARM Professional  Version: 5.14.0.0
Toolchain Path:  C:\Keil_v5\ARM\ARMCC\Bin
C Compiler:      Armcc.exe V5.05 update 1 (build 106)
Assembler:       Armasm.exe V5.05 update 1 (build 106)
Linker/Locator:  ArmLink.exe V5.05 update 1 (build 106)
Library Manager: ArmAr.exe V5.05 update 1 (build 106)
Hex Converter:   FromElf.exe V5.05 update 1 (build 106)
CPU DLL:         SARMCM3.DLL V5.14.0.0
Dialog DLL:      DARMSTM.DLL V1.65.0.0
Target DLL:      Segger\JL2CM3.dll V2.99.13.0
Dialog DLL:      TARMSTM.DLL V1.64.0.0
 
<h2>Project:</h2>
E:\历史工作\擂台机器人程序\擂台机器人1.14.37\USER\MiniBalance.uvprojx
Project File Date:  05/01/2019

<h2>Output:</h2>
Build target 'MiniBalance'
compiling stm32f10x_it.c...
compiling system_stm32f10x.c...
compiling MiniBalance.c...
compiling core_cm3.c...
assembling startup_stm32f10x_md.s...
compiling misc.c...
compiling stm32f10x_adc.c...
compiling stm32f10x_bkp.c...
compiling stm32f10x_can.c...
compiling stm32f10x_cec.c...
compiling stm32f10x_crc.c...
compiling stm32f10x_dac.c...
compiling stm32f10x_dbgmcu.c...
compiling stm32f10x_dma.c...
compiling stm32f10x_exti.c...
compiling stm32f10x_flash.c...
compiling stm32f10x_fsmc.c...
compiling stm32f10x_gpio.c...
compiling stm32f10x_i2c.c...
compiling stm32f10x_iwdg.c...
compiling stm32f10x_pwr.c...
compiling stm32f10x_rcc.c...
compiling stm32f10x_rtc.c...
compiling stm32f10x_sdio.c...
compiling stm32f10x_spi.c...
compiling stm32f10x_tim.c...
compiling stm32f10x_usart.c...
compiling stm32f10x_wwdg.c...
compiling delay.c...
compiling sys.c...
compiling usart.c...
..\SYSTEM\usart\usart.c(320): warning:  #1-D: last line of file ends without a newline
  }
..\SYSTEM\usart\usart.c: 1 warning, 0 errors
compiling LED.C...
compiling adc.c...
compiling timer.c...
compiling motor.c...
..\MiniBalance_HARDWARE\MOTOR\motor.c(144): warning:  #111-D: statement is unreachable
        OLED_Show();
..\MiniBalance_HARDWARE\MOTOR\motor.c: 1 warning, 0 errors
compiling encoder.c...
..\MiniBalance_HARDWARE\ENCODER\encoder.c(148): warning:  #1-D: last line of file ends without a newline
  }
..\MiniBalance_HARDWARE\ENCODER\encoder.c: 1 warning, 0 errors
compiling oled.c...
compiling EXTI.c...
compiling SWI.c...
compiling strategy.c...
compiling show.c...
linking...
Program Size: Code=21620 RO-data=2928 RW-data=124 ZI-data=2692  
FromELF: creating hex file...
"..\OBJ\MiniBalance.axf" - 0 Error(s), 3 Warning(s).

<h2>Collection of Component include folders:</h2>
  E:\历史工作\擂台机器人程序\擂台机器人1.14.37\USER\RTE
  C:\Keil_v5\ARM\PACK\Keil\STM32F1xx_DFP\2.2.0

<h2>Collection of Component Files used:</h2>
</pre>
</body>
</html>
