Archive member included to satisfy reference by file (symbol)

d:/053-gcc-arm-none-eabi/bin/../lib/gcc/arm-none-eabi/10.2.1/thumb/v7e-m+fp/hard\libgcc.a(_arm_muldf3.o)
                              CMakeFiles/002-Arena.elf.dir/Core/Src/main.c.obj (__aeabi_dmul)
d:/053-gcc-arm-none-eabi/bin/../lib/gcc/arm-none-eabi/10.2.1/thumb/v7e-m+fp/hard\libgcc.a(_arm_addsubdf3.o)
                              CMakeFiles/002-Arena.elf.dir/Core/Src/main.c.obj (__aeabi_i2d)
d:/053-gcc-arm-none-eabi/bin/../lib/gcc/arm-none-eabi/10.2.1/thumb/v7e-m+fp/hard\libgcc.a(_arm_fixdfsi.o)
                              CMakeFiles/002-Arena.elf.dir/Core/Src/main.c.obj (__aeabi_d2iz)
d:/053-gcc-arm-none-eabi/bin/../lib/gcc/arm-none-eabi/10.2.1/thumb/v7e-m+fp/hard\libgcc.a(_aeabi_uldivmod.o)
                              CMakeFiles/002-Arena.elf.dir/Drivers/STM32F4xx_HAL_Driver/Src/stm32f4xx_hal_rcc.c.obj (__aeabi_uldivmod)
d:/053-gcc-arm-none-eabi/bin/../lib/gcc/arm-none-eabi/10.2.1/thumb/v7e-m+fp/hard\libgcc.a(_udivmoddi4.o)
                              d:/053-gcc-arm-none-eabi/bin/../lib/gcc/arm-none-eabi/10.2.1/thumb/v7e-m+fp/hard\libgcc.a(_aeabi_uldivmod.o) (__udivmoddi4)
d:/053-gcc-arm-none-eabi/bin/../lib/gcc/arm-none-eabi/10.2.1/thumb/v7e-m+fp/hard\libgcc.a(_dvmd_tls.o)
                              d:/053-gcc-arm-none-eabi/bin/../lib/gcc/arm-none-eabi/10.2.1/thumb/v7e-m+fp/hard\libgcc.a(_aeabi_uldivmod.o) (__aeabi_ldiv0)
d:/053-gcc-arm-none-eabi/bin/../lib/gcc/arm-none-eabi/10.2.1/../../../../arm-none-eabi/lib/thumb/v7e-m+fp/hard\libg.a(lib_a-errno.o)
                              CMakeFiles/002-Arena.elf.dir/Core/Src/syscalls.c.obj (__errno)
d:/053-gcc-arm-none-eabi/bin/../lib/gcc/arm-none-eabi/10.2.1/../../../../arm-none-eabi/lib/thumb/v7e-m+fp/hard\libg.a(lib_a-exit.o)
                              d:/053-gcc-arm-none-eabi/bin/../lib/gcc/arm-none-eabi/10.2.1/../../../../arm-none-eabi/lib/thumb/v7e-m+fp/hard/crt0.o (exit)
d:/053-gcc-arm-none-eabi/bin/../lib/gcc/arm-none-eabi/10.2.1/../../../../arm-none-eabi/lib/thumb/v7e-m+fp/hard\libg.a(lib_a-impure.o)
                              d:/053-gcc-arm-none-eabi/bin/../lib/gcc/arm-none-eabi/10.2.1/../../../../arm-none-eabi/lib/thumb/v7e-m+fp/hard\libg.a(lib_a-exit.o) (_global_impure_ptr)
d:/053-gcc-arm-none-eabi/bin/../lib/gcc/arm-none-eabi/10.2.1/../../../../arm-none-eabi/lib/thumb/v7e-m+fp/hard\libg.a(lib_a-init.o)
                              d:/053-gcc-arm-none-eabi/bin/../lib/gcc/arm-none-eabi/10.2.1/../../../../arm-none-eabi/lib/thumb/v7e-m+fp/hard/crt0.o (__libc_init_array)
d:/053-gcc-arm-none-eabi/bin/../lib/gcc/arm-none-eabi/10.2.1/../../../../arm-none-eabi/lib/thumb/v7e-m+fp/hard\libg.a(lib_a-memcpy.o)
                              CMakeFiles/002-Arena.elf.dir/Middlewares/Third_Party/FreeRTOS/Source/queue.c.obj (memcpy)
d:/053-gcc-arm-none-eabi/bin/../lib/gcc/arm-none-eabi/10.2.1/../../../../arm-none-eabi/lib/thumb/v7e-m+fp/hard\libg.a(lib_a-memset.o)
                              d:/053-gcc-arm-none-eabi/bin/../lib/gcc/arm-none-eabi/10.2.1/../../../../arm-none-eabi/lib/thumb/v7e-m+fp/hard/crt0.o (memset)
d:/053-gcc-arm-none-eabi/bin/../lib/gcc/arm-none-eabi/10.2.1/../../../../arm-none-eabi/lib/thumb/v7e-m+fp/hard\libg.a(lib_a-__call_atexit.o)
                              d:/053-gcc-arm-none-eabi/bin/../lib/gcc/arm-none-eabi/10.2.1/../../../../arm-none-eabi/lib/thumb/v7e-m+fp/hard\libg.a(lib_a-exit.o) (__call_exitprocs)
d:/053-gcc-arm-none-eabi/bin/../lib/gcc/arm-none-eabi/10.2.1/../../../../arm-none-eabi/lib/thumb/v7e-m+fp/hard\libg.a(lib_a-atexit.o)
                              d:/053-gcc-arm-none-eabi/bin/../lib/gcc/arm-none-eabi/10.2.1/../../../../arm-none-eabi/lib/thumb/v7e-m+fp/hard\libg.a(lib_a-__call_atexit.o) (atexit)
d:/053-gcc-arm-none-eabi/bin/../lib/gcc/arm-none-eabi/10.2.1/../../../../arm-none-eabi/lib/thumb/v7e-m+fp/hard\libg.a(lib_a-fini.o)
                              d:/053-gcc-arm-none-eabi/bin/../lib/gcc/arm-none-eabi/10.2.1/../../../../arm-none-eabi/lib/thumb/v7e-m+fp/hard\libg.a(lib_a-__call_atexit.o) (__libc_fini_array)
d:/053-gcc-arm-none-eabi/bin/../lib/gcc/arm-none-eabi/10.2.1/../../../../arm-none-eabi/lib/thumb/v7e-m+fp/hard\libg.a(lib_a-lock.o)
                              d:/053-gcc-arm-none-eabi/bin/../lib/gcc/arm-none-eabi/10.2.1/../../../../arm-none-eabi/lib/thumb/v7e-m+fp/hard\libg.a(lib_a-__call_atexit.o) (__retarget_lock_acquire_recursive)
d:/053-gcc-arm-none-eabi/bin/../lib/gcc/arm-none-eabi/10.2.1/../../../../arm-none-eabi/lib/thumb/v7e-m+fp/hard\libg.a(lib_a-__atexit.o)
                              d:/053-gcc-arm-none-eabi/bin/../lib/gcc/arm-none-eabi/10.2.1/../../../../arm-none-eabi/lib/thumb/v7e-m+fp/hard\libg.a(lib_a-atexit.o) (__register_exitproc)

Discarded input sections

 .text          0x00000000        0x0 d:/053-gcc-arm-none-eabi/bin/../lib/gcc/arm-none-eabi/10.2.1/thumb/v7e-m+fp/hard/crti.o
 .data          0x00000000        0x0 d:/053-gcc-arm-none-eabi/bin/../lib/gcc/arm-none-eabi/10.2.1/thumb/v7e-m+fp/hard/crti.o
[...]
Memory Configuration

Name             Origin             Length             Attributes
RAM              0x20000000         0x00020000         xrw
CCMRAM           0x10000000         0x00010000         xrw
FLASH            0x08000000         0x00100000         xr
*default*        0x00000000         0xffffffff

Linker script and memory map

LOAD d:/053-gcc-arm-none-eabi/bin/../lib/gcc/arm-none-eabi/10.2.1/thumb/v7e-m+fp/hard/crti.o
LOAD d:/053-gcc-arm-none-eabi/bin/../lib/gcc/arm-none-eabi/10.2.1/thumb/v7e-m+fp/hard/crtbegin.o
LOAD d:/053-gcc-arm-none-eabi/bin/../lib/gcc/arm-none-eabi/10.2.1/../../../../arm-none-eabi/lib/thumb/v7e-m+fp/hard/crt0.o
LOAD CMakeFiles/002-Arena.elf.dir/Core/Src/adc.c.obj
LOAD CMakeFiles/002-Arena.elf.dir/Core/Src/communication.c.obj
LOAD CMakeFiles/002-Arena.elf.dir/Core/Src/dma.c.obj
LOAD CMakeFiles/002-Arena.elf.dir/Core/Src/freertos.c.obj
LOAD CMakeFiles/002-Arena.elf.dir/Core/Src/gpio.c.obj
LOAD CMakeFiles/002-Arena.elf.dir/Core/Src/macro.c.obj
LOAD CMakeFiles/002-Arena.elf.dir/Core/Src/main.c.obj
LOAD CMakeFiles/002-Arena.elf.dir/Core/Src/oled.c.obj
LOAD CMakeFiles/002-Arena.elf.dir/Core/Src/stm32f4xx_hal_msp.c.obj
LOAD CMakeFiles/002-Arena.elf.dir/Core/Src/stm32f4xx_hal_timebase_tim.c.obj
LOAD CMakeFiles/002-Arena.elf.dir/Core/Src/stm32f4xx_it.c.obj
LOAD CMakeFiles/002-Arena.elf.dir/Core/Src/syscalls.c.obj
LOAD CMakeFiles/002-Arena.elf.dir/Core/Src/system_stm32f4xx.c.obj
LOAD CMakeFiles/002-Arena.elf.dir/Core/Src/tim.c.obj
LOAD CMakeFiles/002-Arena.elf.dir/Core/Src/usart.c.obj
LOAD CMakeFiles/002-Arena.elf.dir/Drivers/STM32F4xx_HAL_Driver/Src/stm32f4xx_hal.c.obj
LOAD CMakeFiles/002-Arena.elf.dir/Drivers/STM32F4xx_HAL_Driver/Src/stm32f4xx_hal_adc.c.obj
LOAD CMakeFiles/002-Arena.elf.dir/Drivers/STM32F4xx_HAL_Driver/Src/stm32f4xx_hal_adc_ex.c.obj
LOAD CMakeFiles/002-Arena.elf.dir/Drivers/STM32F4xx_HAL_Driver/Src/stm32f4xx_hal_cortex.c.obj
LOAD CMakeFiles/002-Arena.elf.dir/Drivers/STM32F4xx_HAL_Driver/Src/stm32f4xx_hal_dma.c.obj
LOAD CMakeFiles/002-Arena.elf.dir/Drivers/STM32F4xx_HAL_Driver/Src/stm32f4xx_hal_dma_ex.c.obj
LOAD CMakeFiles/002-Arena.elf.dir/Drivers/STM32F4xx_HAL_Driver/Src/stm32f4xx_hal_exti.c.obj
LOAD CMakeFiles/002-Arena.elf.dir/Drivers/STM32F4xx_HAL_Driver/Src/stm32f4xx_hal_flash.c.obj
LOAD CMakeFiles/002-Arena.elf.dir/Drivers/STM32F4xx_HAL_Driver/Src/stm32f4xx_hal_flash_ex.c.obj
LOAD CMakeFiles/002-Arena.elf.dir/Drivers/STM32F4xx_HAL_Driver/Src/stm32f4xx_hal_flash_ramfunc.c.obj
LOAD CMakeFiles/002-Arena.elf.dir/Drivers/STM32F4xx_HAL_Driver/Src/stm32f4xx_hal_gpio.c.obj
LOAD CMakeFiles/002-Arena.elf.dir/Drivers/STM32F4xx_HAL_Driver/Src/stm32f4xx_hal_pwr.c.obj
LOAD CMakeFiles/002-Arena.elf.dir/Drivers/STM32F4xx_HAL_Driver/Src/stm32f4xx_hal_pwr_ex.c.obj
LOAD CMakeFiles/002-Arena.elf.dir/Drivers/STM32F4xx_HAL_Driver/Src/stm32f4xx_hal_rcc.c.obj
LOAD CMakeFiles/002-Arena.elf.dir/Drivers/STM32F4xx_HAL_Driver/Src/stm32f4xx_hal_rcc_ex.c.obj
LOAD CMakeFiles/002-Arena.elf.dir/Drivers/STM32F4xx_HAL_Driver/Src/stm32f4xx_hal_tim.c.obj
LOAD CMakeFiles/002-Arena.elf.dir/Drivers/STM32F4xx_HAL_Driver/Src/stm32f4xx_hal_tim_ex.c.obj
LOAD CMakeFiles/002-Arena.elf.dir/Drivers/STM32F4xx_HAL_Driver/Src/stm32f4xx_hal_uart.c.obj
LOAD CMakeFiles/002-Arena.elf.dir/Drivers/STM32F4xx_HAL_Driver/Src/stm32f4xx_ll_adc.c.obj
LOAD CMakeFiles/002-Arena.elf.dir/Middlewares/Third_Party/FreeRTOS/Source/CMSIS_RTOS/cmsis_os.c.obj
LOAD CMakeFiles/002-Arena.elf.dir/Middlewares/Third_Party/FreeRTOS/Source/croutine.c.obj
LOAD CMakeFiles/002-Arena.elf.dir/Middlewares/Third_Party/FreeRTOS/Source/event_groups.c.obj
LOAD CMakeFiles/002-Arena.elf.dir/Middlewares/Third_Party/FreeRTOS/Source/list.c.obj
LOAD CMakeFiles/002-Arena.elf.dir/Middlewares/Third_Party/FreeRTOS/Source/portable/GCC/ARM_CM4F/port.c.obj
LOAD CMakeFiles/002-Arena.elf.dir/Middlewares/Third_Party/FreeRTOS/Source/portable/MemMang/heap_4.c.obj
LOAD CMakeFiles/002-Arena.elf.dir/Middlewares/Third_Party/FreeRTOS/Source/queue.c.obj
LOAD CMakeFiles/002-Arena.elf.dir/Middlewares/Third_Party/FreeRTOS/Source/stream_buffer.c.obj
LOAD CMakeFiles/002-Arena.elf.dir/Middlewares/Third_Party/FreeRTOS/Source/tasks.c.obj
LOAD CMakeFiles/002-Arena.elf.dir/Middlewares/Third_Party/FreeRTOS/Source/timers.c.obj
LOAD CMakeFiles/002-Arena.elf.dir/startup/startup_stm32f407xx.s.obj
START GROUP
LOAD d:/053-gcc-arm-none-eabi/bin/../lib/gcc/arm-none-eabi/10.2.1/thumb/v7e-m+fp/hard\libgcc.a
LOAD d:/053-gcc-arm-none-eabi/bin/../lib/gcc/arm-none-eabi/10.2.1/../../../../arm-none-eabi/lib/thumb/v7e-m+fp/hard\libg.a
LOAD d:/053-gcc-arm-none-eabi/bin/../lib/gcc/arm-none-eabi/10.2.1/../../../../arm-none-eabi/lib/thumb/v7e-m+fp/hard\libc.a
END GROUP
LOAD d:/053-gcc-arm-none-eabi/bin/../lib/gcc/arm-none-eabi/10.2.1/thumb/v7e-m+fp/hard/crtend.o
LOAD d:/053-gcc-arm-none-eabi/bin/../lib/gcc/arm-none-eabi/10.2.1/thumb/v7e-m+fp/hard/crtn.o
                0x20020000                _estack = 0x20020000
                0x00000200                _Min_Heap_Size = 0x200
                0x00000400                _Min_Stack_Size = 0x400

.isr_vector     0x08000000      0x188
                0x08000000                . = ALIGN (0x4)
 *(.isr_vector)
 .isr_vector    0x08000000      0x188 CMakeFiles/002-Arena.elf.dir/startup/startup_stm32f407xx.s.obj
                0x08000000                g_pfnVectors
                0x08000188                . = ALIGN (0x4)

.text           0x08000190     0x4374
                0x08000190                . = ALIGN (0x4)
 *(.text)
 .text          0x08000190       0x40 d:/053-gcc-arm-none-eabi/bin/../lib/gcc/arm-none-eabi/10.2.1/thumb/v7e-m+fp/hard/crtbegin.o
 .text          0x080001d0       0x30 d:/053-gcc-arm-none-eabi/bin/../lib/gcc/arm-none-eabi/10.2.1/thumb/v7e-m+fp/hard\libgcc.a(_aeabi_uldivmod.o)
                0x080001d0                __aeabi_uldivmod
 .text          0x08000200      0x2d0 d:/053-gcc-arm-none-eabi/bin/../lib/gcc/arm-none-eabi/10.2.1/thumb/v7e-m+fp/hard\libgcc.a(_udivmoddi4.o)
                0x08000200                __udivmoddi4
 .text          0x080004d0        0x4 d:/053-gcc-arm-none-eabi/bin/../lib/gcc/arm-none-eabi/10.2.1/thumb/v7e-m+fp/hard\libgcc.a(_dvmd_tls.o)
                0x080004d0                __aeabi_idiv0
                0x080004d0                __aeabi_ldiv0
 *(.text*)
 .text.MX_ADC1_Init
                0x080004d4      0x158 CMakeFiles/002-Arena.elf.dir/Core/Src/adc.c.obj
                0x080004d4                MX_ADC1_Init
 .text.HAL_ADC_MspInit
                0x0800062c      0x108 CMakeFiles/002-Arena.elf.dir/Core/Src/adc.c.obj
                0x0800062c                HAL_ADC_MspInit
 .text.myuartDMA_callback
                0x08000734       0xa0 CMakeFiles/002-Arena.elf.dir/Core/Src/communication.c.obj
                0x08000734                myuartDMA_callback
 .text.JY60_Callback
                0x080007d4       0x70 CMakeFiles/002-Arena.elf.dir/Core/Src/communication.c.obj
                0x080007d4                JY60_Callback
 .text.myuart_DMA
                0x08000844       0x5c CMakeFiles/002-Arena.elf.dir/Core/Src/communication.c.obj
                0x08000844                myuart_DMA
 .text.MX_DMA_Init
                0x080008a0       0x88 CMakeFiles/002-Arena.elf.dir/Core/Src/dma.c.obj
                0x080008a0                MX_DMA_Init
 .text.StartDefaultTask
                0x08000928        0xa CMakeFiles/002-Arena.elf.dir/Core/Src/freertos.c.obj
                0x08000928                StartDefaultTask
 .text.OLED_function
                0x08000932        0xa CMakeFiles/002-Arena.elf.dir/Core/Src/freertos.c.obj
                0x08000932                OLED_function
 .text.Encode_function
                0x0800093c        0xa CMakeFiles/002-Arena.elf.dir/Core/Src/freertos.c.obj
                0x0800093c                Encode_function
 .text.motor_function
                0x08000946        0xa CMakeFiles/002-Arena.elf.dir/Core/Src/freertos.c.obj
                0x08000946                motor_function
 .text.vApplicationGetIdleTaskMemory
                0x08000950       0x18 CMakeFiles/002-Arena.elf.dir/Core/Src/freertos.c.obj
                0x08000950                vApplicationGetIdleTaskMemory
 .text.MX_FREERTOS_Init
                0x08000968       0xac CMakeFiles/002-Arena.elf.dir/Core/Src/freertos.c.obj
                0x08000968                MX_FREERTOS_Init
 .text.MX_GPIO_Init
                0x08000a14       0xb8 CMakeFiles/002-Arena.elf.dir/Core/Src/gpio.c.obj
                0x08000a14                MX_GPIO_Init
 .text.ParamInit
                0x08000acc       0x38 CMakeFiles/002-Arena.elf.dir/Core/Src/main.c.obj
                0x08000acc                ParamInit
 .text.HAL_TIM_PeriodElapsedCallback
                0x08000b04       0x18 CMakeFiles/002-Arena.elf.dir/Core/Src/main.c.obj
                0x08000b04                HAL_TIM_PeriodElapsedCallback
 .text.Error_Handler
                0x08000b1c        0x4 CMakeFiles/002-Arena.elf.dir/Core/Src/main.c.obj
                0x08000b1c                Error_Handler
 .text.SystemClock_Config
                0x08000b20       0xa4 CMakeFiles/002-Arena.elf.dir/Core/Src/main.c.obj
                0x08000b20                SystemClock_Config
 .text.main     0x08000bc4       0x38 CMakeFiles/002-Arena.elf.dir/Core/Src/main.c.obj
                0x08000bc4                main
 .text.HAL_MspInit
                0x08000bfc       0x44 CMakeFiles/002-Arena.elf.dir/Core/Src/stm32f4xx_hal_msp.c.obj
                0x08000bfc                HAL_MspInit
 .text.HAL_InitTick
                0x08000c40       0x7c CMakeFiles/002-Arena.elf.dir/Core/Src/stm32f4xx_hal_timebase_tim.c.obj
                0x08000c40                HAL_InitTick
 .text.NMI_Handler
                0x08000cbc        0x2 CMakeFiles/002-Arena.elf.dir/Core/Src/stm32f4xx_it.c.obj
                0x08000cbc                NMI_Handler
 .text.HardFault_Handler
                0x08000cbe        0x2 CMakeFiles/002-Arena.elf.dir/Core/Src/stm32f4xx_it.c.obj
                0x08000cbe                HardFault_Handler
 .text.MemManage_Handler
                0x08000cc0        0x2 CMakeFiles/002-Arena.elf.dir/Core/Src/stm32f4xx_it.c.obj
                0x08000cc0                MemManage_Handler
 .text.BusFault_Handler
                0x08000cc2        0x2 CMakeFiles/002-Arena.elf.dir/Core/Src/stm32f4xx_it.c.obj
                0x08000cc2                BusFault_Handler
 .text.UsageFault_Handler
                0x08000cc4        0x2 CMakeFiles/002-Arena.elf.dir/Core/Src/stm32f4xx_it.c.obj
                0x08000cc4                UsageFault_Handler
 .text.DebugMon_Handler
                0x08000cc6        0x2 CMakeFiles/002-Arena.elf.dir/Core/Src/stm32f4xx_it.c.obj
                0x08000cc6                DebugMon_Handler
 .text.DMA1_Stream5_IRQHandler
                0x08000cc8       0x10 CMakeFiles/002-Arena.elf.dir/Core/Src/stm32f4xx_it.c.obj
                0x08000cc8                DMA1_Stream5_IRQHandler
 .text.DMA1_Stream6_IRQHandler
                0x08000cd8       0x10 CMakeFiles/002-Arena.elf.dir/Core/Src/stm32f4xx_it.c.obj
                0x08000cd8                DMA1_Stream6_IRQHandler
 .text.ADC_IRQHandler
                0x08000ce8       0x10 CMakeFiles/002-Arena.elf.dir/Core/Src/stm32f4xx_it.c.obj
                0x08000ce8                ADC_IRQHandler
 .text.USART1_IRQHandler
                0x08000cf8       0x18 CMakeFiles/002-Arena.elf.dir/Core/Src/stm32f4xx_it.c.obj
                0x08000cf8                USART1_IRQHandler
 .text.USART2_IRQHandler
                0x08000d10       0x18 CMakeFiles/002-Arena.elf.dir/Core/Src/stm32f4xx_it.c.obj
                0x08000d10                USART2_IRQHandler
 .text.TIM8_TRG_COM_TIM14_IRQHandler
                0x08000d28       0x10 CMakeFiles/002-Arena.elf.dir/Core/Src/stm32f4xx_it.c.obj
                0x08000d28                TIM8_TRG_COM_TIM14_IRQHandler
 .text.DMA2_Stream0_IRQHandler
                0x08000d38       0x10 CMakeFiles/002-Arena.elf.dir/Core/Src/stm32f4xx_it.c.obj
                0x08000d38                DMA2_Stream0_IRQHandler
 .text.DMA2_Stream2_IRQHandler
                0x08000d48       0x10 CMakeFiles/002-Arena.elf.dir/Core/Src/stm32f4xx_it.c.obj
                0x08000d48                DMA2_Stream2_IRQHandler
 .text.DMA2_Stream7_IRQHandler
                0x08000d58       0x10 CMakeFiles/002-Arena.elf.dir/Core/Src/stm32f4xx_it.c.obj
                0x08000d58                DMA2_Stream7_IRQHandler
 .text.SystemInit
                0x08000d68       0x14 CMakeFiles/002-Arena.elf.dir/Core/Src/system_stm32f4xx.c.obj
                0x08000d68                SystemInit
 .text.MX_TIM1_Init
                0x08000d7c       0x64 CMakeFiles/002-Arena.elf.dir/Core/Src/tim.c.obj
                0x08000d7c                MX_TIM1_Init
 .text.MX_TIM2_Init
                0x08000de0       0x60 CMakeFiles/002-Arena.elf.dir/Core/Src/tim.c.obj
                0x08000de0                MX_TIM2_Init
 .text.HAL_TIM_Encoder_MspInit
                0x08000e40       0xe8 CMakeFiles/002-Arena.elf.dir/Core/Src/tim.c.obj
                0x08000e40                HAL_TIM_Encoder_MspInit
 .text.HAL_TIM_PWM_MspInit
                0x08000f28       0x30 CMakeFiles/002-Arena.elf.dir/Core/Src/tim.c.obj
                0x08000f28                HAL_TIM_PWM_MspInit
 .text.HAL_TIM_MspPostInit
                0x08000f58       0x58 CMakeFiles/002-Arena.elf.dir/Core/Src/tim.c.obj
                0x08000f58                HAL_TIM_MspPostInit
 .text.MX_TIM3_Init
                0x08000fb0       0xb8 CMakeFiles/002-Arena.elf.dir/Core/Src/tim.c.obj
                0x08000fb0                MX_TIM3_Init
 .text.MX_USART1_UART_Init
                0x08001068       0x34 CMakeFiles/002-Arena.elf.dir/Core/Src/usart.c.obj
                0x08001068                MX_USART1_UART_Init
 .text.MX_USART2_UART_Init
                0x0800109c       0x34 CMakeFiles/002-Arena.elf.dir/Core/Src/usart.c.obj
                0x0800109c                MX_USART2_UART_Init
 .text.HAL_UART_MspInit
                0x080010d0      0x1e0 CMakeFiles/002-Arena.elf.dir/Core/Src/usart.c.obj
                0x080010d0                HAL_UART_MspInit
 .text.HAL_Init
                0x080012b0       0x34 CMakeFiles/002-Arena.elf.dir/Drivers/STM32F4xx_HAL_Driver/Src/stm32f4xx_hal.c.obj
                0x080012b0                HAL_Init
 .text.HAL_IncTick
                0x080012e4       0x18 CMakeFiles/002-Arena.elf.dir/Drivers/STM32F4xx_HAL_Driver/Src/stm32f4xx_hal.c.obj
                0x080012e4                HAL_IncTick
 .text.HAL_GetTick
                0x080012fc        0xc CMakeFiles/002-Arena.elf.dir/Drivers/STM32F4xx_HAL_Driver/Src/stm32f4xx_hal.c.obj
                0x080012fc                HAL_GetTick
 .text.ADC_Init
                0x08001308      0x134 CMakeFiles/002-Arena.elf.dir/Drivers/STM32F4xx_HAL_Driver/Src/stm32f4xx_hal_adc.c.obj
 .text.HAL_ADC_Init
                0x0800143c       0x56 CMakeFiles/002-Arena.elf.dir/Drivers/STM32F4xx_HAL_Driver/Src/stm32f4xx_hal_adc.c.obj
                0x0800143c                HAL_ADC_Init
 .text.HAL_ADC_ConvCpltCallback
                0x08001492        0x2 CMakeFiles/002-Arena.elf.dir/Drivers/STM32F4xx_HAL_Driver/Src/stm32f4xx_hal_adc.c.obj
                0x08001492                HAL_ADC_ConvCpltCallback
 .text.HAL_ADC_LevelOutOfWindowCallback
                0x08001494        0x2 CMakeFiles/002-Arena.elf.dir/Drivers/STM32F4xx_HAL_Driver/Src/stm32f4xx_hal_adc.c.obj
                0x08001494                HAL_ADC_LevelOutOfWindowCallback
 .text.HAL_ADC_ErrorCallback
                0x08001496        0x2 CMakeFiles/002-Arena.elf.dir/Drivers/STM32F4xx_HAL_Driver/Src/stm32f4xx_hal_adc.c.obj
                0x08001496                HAL_ADC_ErrorCallback
 .text.HAL_ADC_IRQHandler
                0x08001498      0x14e CMakeFiles/002-Arena.elf.dir/Drivers/STM32F4xx_HAL_Driver/Src/stm32f4xx_hal_adc.c.obj
                0x08001498                HAL_ADC_IRQHandler
 *fill*         0x080015e6        0x2 
 .text.HAL_ADC_ConfigChannel
                0x080015e8      0x198 CMakeFiles/002-Arena.elf.dir/Drivers/STM32F4xx_HAL_Driver/Src/stm32f4xx_hal_adc.c.obj
                0x080015e8                HAL_ADC_ConfigChannel
 .text.HAL_ADCEx_InjectedConvCpltCallback
                0x08001780        0x2 CMakeFiles/002-Arena.elf.dir/Drivers/STM32F4xx_HAL_Driver/Src/stm32f4xx_hal_adc_ex.c.obj
                0x08001780                HAL_ADCEx_InjectedConvCpltCallback
 *fill*         0x08001782        0x2 
 .text.HAL_NVIC_SetPriorityGrouping
                0x08001784       0x24 CMakeFiles/002-Arena.elf.dir/Drivers/STM32F4xx_HAL_Driver/Src/stm32f4xx_hal_cortex.c.obj
                0x08001784                HAL_NVIC_SetPriorityGrouping
 .text.HAL_NVIC_SetPriority
                0x080017a8       0x70 CMakeFiles/002-Arena.elf.dir/Drivers/STM32F4xx_HAL_Driver/Src/stm32f4xx_hal_cortex.c.obj
                0x080017a8                HAL_NVIC_SetPriority
 .text.HAL_NVIC_EnableIRQ
                0x08001818       0x1c CMakeFiles/002-Arena.elf.dir/Drivers/STM32F4xx_HAL_Driver/Src/stm32f4xx_hal_cortex.c.obj
                0x08001818                HAL_NVIC_EnableIRQ
 .text.DMA_SetConfig
                0x08001834       0x2c CMakeFiles/002-Arena.elf.dir/Drivers/STM32F4xx_HAL_Driver/Src/stm32f4xx_hal_dma.c.obj
 .text.DMA_CalcBaseAndBitshift
                0x08001860       0x44 CMakeFiles/002-Arena.elf.dir/Drivers/STM32F4xx_HAL_Driver/Src/stm32f4xx_hal_dma.c.obj
 .text.DMA_CheckFifoParam
                0x080018a4       0x8e CMakeFiles/002-Arena.elf.dir/Drivers/STM32F4xx_HAL_Driver/Src/stm32f4xx_hal_dma.c.obj
 *fill*         0x08001932        0x2 
 .text.HAL_DMA_Init
                0x08001934       0xcc CMakeFiles/002-Arena.elf.dir/Drivers/STM32F4xx_HAL_Driver/Src/stm32f4xx_hal_dma.c.obj
                0x08001934                HAL_DMA_Init
 .text.HAL_DMA_Start_IT
                0x08001a00       0x6a CMakeFiles/002-Arena.elf.dir/Drivers/STM32F4xx_HAL_Driver/Src/stm32f4xx_hal_dma.c.obj
                0x08001a00                HAL_DMA_Start_IT
 .text.HAL_DMA_Abort
                0x08001a6a       0x94 CMakeFiles/002-Arena.elf.dir/Drivers/STM32F4xx_HAL_Driver/Src/stm32f4xx_hal_dma.c.obj
                0x08001a6a                HAL_DMA_Abort
 .text.HAL_DMA_Abort_IT
                0x08001afe       0x26 CMakeFiles/002-Arena.elf.dir/Drivers/STM32F4xx_HAL_Driver/Src/stm32f4xx_hal_dma.c.obj
                0x08001afe                HAL_DMA_Abort_IT
 .text.HAL_DMA_IRQHandler
                0x08001b24      0x1dc CMakeFiles/002-Arena.elf.dir/Drivers/STM32F4xx_HAL_Driver/Src/stm32f4xx_hal_dma.c.obj
                0x08001b24                HAL_DMA_IRQHandler
 .text.HAL_GPIO_Init
                0x08001d00      0x1e4 CMakeFiles/002-Arena.elf.dir/Drivers/STM32F4xx_HAL_Driver/Src/stm32f4xx_hal_gpio.c.obj
                0x08001d00                HAL_GPIO_Init
 .text.HAL_GPIO_WritePin
                0x08001ee4        0xc CMakeFiles/002-Arena.elf.dir/Drivers/STM32F4xx_HAL_Driver/Src/stm32f4xx_hal_gpio.c.obj
                0x08001ee4                HAL_GPIO_WritePin
 .text.HAL_RCC_OscConfig
                0x08001ef0      0x3f8 CMakeFiles/002-Arena.elf.dir/Drivers/STM32F4xx_HAL_Driver/Src/stm32f4xx_hal_rcc.c.obj
                0x08001ef0                HAL_RCC_OscConfig
 .text.HAL_RCC_GetSysClockFreq
                0x080022e8       0xa4 CMakeFiles/002-Arena.elf.dir/Drivers/STM32F4xx_HAL_Driver/Src/stm32f4xx_hal_rcc.c.obj
                0x080022e8                HAL_RCC_GetSysClockFreq
 .text.HAL_RCC_ClockConfig
                0x0800238c      0x160 CMakeFiles/002-Arena.elf.dir/Drivers/STM32F4xx_HAL_Driver/Src/stm32f4xx_hal_rcc.c.obj
                0x0800238c                HAL_RCC_ClockConfig
 .text.HAL_RCC_GetHCLKFreq
                0x080024ec        0xc CMakeFiles/002-Arena.elf.dir/Drivers/STM32F4xx_HAL_Driver/Src/stm32f4xx_hal_rcc.c.obj
                0x080024ec                HAL_RCC_GetHCLKFreq
 .text.HAL_RCC_GetPCLK1Freq
                0x080024f8       0x20 CMakeFiles/002-Arena.elf.dir/Drivers/STM32F4xx_HAL_Driver/Src/stm32f4xx_hal_rcc.c.obj
                0x080024f8                HAL_RCC_GetPCLK1Freq
 .text.HAL_RCC_GetPCLK2Freq
                0x08002518       0x20 CMakeFiles/002-Arena.elf.dir/Drivers/STM32F4xx_HAL_Driver/Src/stm32f4xx_hal_rcc.c.obj
                0x08002518                HAL_RCC_GetPCLK2Freq
 .text.HAL_RCC_GetClockConfig
                0x08002538       0x3c CMakeFiles/002-Arena.elf.dir/Drivers/STM32F4xx_HAL_Driver/Src/stm32f4xx_hal_rcc.c.obj
                0x08002538                HAL_RCC_GetClockConfig
 .text.TIM_OC1_SetConfig
                0x08002574       0x68 CMakeFiles/002-Arena.elf.dir/Drivers/STM32F4xx_HAL_Driver/Src/stm32f4xx_hal_tim.c.obj
 .text.TIM_OC3_SetConfig
                0x080025dc       0x70 CMakeFiles/002-Arena.elf.dir/Drivers/STM32F4xx_HAL_Driver/Src/stm32f4xx_hal_tim.c.obj
 .text.TIM_OC4_SetConfig
                0x0800264c       0x50 CMakeFiles/002-Arena.elf.dir/Drivers/STM32F4xx_HAL_Driver/Src/stm32f4xx_hal_tim.c.obj
 .text.HAL_TIM_Base_MspInit
                0x0800269c        0x2 CMakeFiles/002-Arena.elf.dir/Drivers/STM32F4xx_HAL_Driver/Src/stm32f4xx_hal_tim.c.obj
                0x0800269c                HAL_TIM_Base_MspInit
 *fill*         0x0800269e        0x2 
 .text.HAL_TIM_Base_Start_IT
                0x080026a0       0x88 CMakeFiles/002-Arena.elf.dir/Drivers/STM32F4xx_HAL_Driver/Src/stm32f4xx_hal_tim.c.obj
                0x080026a0                HAL_TIM_Base_Start_IT
 .text.HAL_TIM_OC_DelayElapsedCallback
                0x08002728        0x2 CMakeFiles/002-Arena.elf.dir/Drivers/STM32F4xx_HAL_Driver/Src/stm32f4xx_hal_tim.c.obj
                0x08002728                HAL_TIM_OC_DelayElapsedCallback
 .text.HAL_TIM_IC_CaptureCallback
                0x0800272a        0x2 CMakeFiles/002-Arena.elf.dir/Drivers/STM32F4xx_HAL_Driver/Src/stm32f4xx_hal_tim.c.obj
                0x0800272a                HAL_TIM_IC_CaptureCallback
 .text.HAL_TIM_PWM_PulseFinishedCallback
                0x0800272c        0x2 CMakeFiles/002-Arena.elf.dir/Drivers/STM32F4xx_HAL_Driver/Src/stm32f4xx_hal_tim.c.obj
                0x0800272c                HAL_TIM_PWM_PulseFinishedCallback
 .text.HAL_TIM_TriggerCallback
                0x0800272e        0x2 CMakeFiles/002-Arena.elf.dir/Drivers/STM32F4xx_HAL_Driver/Src/stm32f4xx_hal_tim.c.obj
                0x0800272e                HAL_TIM_TriggerCallback
 .text.HAL_TIM_IRQHandler
                0x08002730      0x17a CMakeFiles/002-Arena.elf.dir/Drivers/STM32F4xx_HAL_Driver/Src/stm32f4xx_hal_tim.c.obj
                0x08002730                HAL_TIM_IRQHandler
 *fill*         0x080028aa        0x2 
 .text.TIM_Base_SetConfig
                0x080028ac       0xc8 CMakeFiles/002-Arena.elf.dir/Drivers/STM32F4xx_HAL_Driver/Src/stm32f4xx_hal_tim.c.obj
                0x080028ac                TIM_Base_SetConfig
 .text.HAL_TIM_Base_Init
                0x08002974       0x58 CMakeFiles/002-Arena.elf.dir/Drivers/STM32F4xx_HAL_Driver/Src/stm32f4xx_hal_tim.c.obj
                0x08002974                HAL_TIM_Base_Init
 .text.HAL_TIM_PWM_Init
                0x080029cc       0x58 CMakeFiles/002-Arena.elf.dir/Drivers/STM32F4xx_HAL_Driver/Src/stm32f4xx_hal_tim.c.obj
                0x080029cc                HAL_TIM_PWM_Init
 .text.HAL_TIM_Encoder_Init
                0x08002a24       0xb6 CMakeFiles/002-Arena.elf.dir/Drivers/STM32F4xx_HAL_Driver/Src/stm32f4xx_hal_tim.c.obj
                0x08002a24                HAL_TIM_Encoder_Init
 *fill*         0x08002ada        0x2 
 .text.TIM_OC2_SetConfig
                0x08002adc       0x70 CMakeFiles/002-Arena.elf.dir/Drivers/STM32F4xx_HAL_Driver/Src/stm32f4xx_hal_tim.c.obj
                0x08002adc                TIM_OC2_SetConfig
 .text.HAL_TIM_PWM_ConfigChannel
                0x08002b4c       0xd0 CMakeFiles/002-Arena.elf.dir/Drivers/STM32F4xx_HAL_Driver/Src/stm32f4xx_hal_tim.c.obj
                0x08002b4c                HAL_TIM_PWM_ConfigChannel
 .text.HAL_TIMEx_MasterConfigSynchronization
                0x08002c1c       0x8c CMakeFiles/002-Arena.elf.dir/Drivers/STM32F4xx_HAL_Driver/Src/stm32f4xx_hal_tim_ex.c.obj
                0x08002c1c                HAL_TIMEx_MasterConfigSynchronization
 .text.HAL_TIMEx_CommutCallback
                0x08002ca8        0x2 CMakeFiles/002-Arena.elf.dir/Drivers/STM32F4xx_HAL_Driver/Src/stm32f4xx_hal_tim_ex.c.obj
                0x08002ca8                HAL_TIMEx_CommutCallback
 .text.HAL_TIMEx_BreakCallback
                0x08002caa        0x2 CMakeFiles/002-Arena.elf.dir/Drivers/STM32F4xx_HAL_Driver/Src/stm32f4xx_hal_tim_ex.c.obj
                0x08002caa                HAL_TIMEx_BreakCallback
 .text.UART_EndTxTransfer
                0x08002cac       0x12 CMakeFiles/002-Arena.elf.dir/Drivers/STM32F4xx_HAL_Driver/Src/stm32f4xx_hal_uart.c.obj
 .text.UART_EndRxTransfer
                0x08002cbe       0x32 CMakeFiles/002-Arena.elf.dir/Drivers/STM32F4xx_HAL_Driver/Src/stm32f4xx_hal_uart.c.obj
 .text.UART_Transmit_IT
                0x08002cf0       0x60 CMakeFiles/002-Arena.elf.dir/Drivers/STM32F4xx_HAL_Driver/Src/stm32f4xx_hal_uart.c.obj
 .text.UART_SetConfig
                0x08002d50      0x110 CMakeFiles/002-Arena.elf.dir/Drivers/STM32F4xx_HAL_Driver/Src/stm32f4xx_hal_uart.c.obj
 .text.UART_WaitOnFlagUntilTimeout
                0x08002e60       0x6c CMakeFiles/002-Arena.elf.dir/Drivers/STM32F4xx_HAL_Driver/Src/stm32f4xx_hal_uart.c.obj
 .text.HAL_UART_Init
                0x08002ecc       0x5e CMakeFiles/002-Arena.elf.dir/Drivers/STM32F4xx_HAL_Driver/Src/stm32f4xx_hal_uart.c.obj
                0x08002ecc                HAL_UART_Init
 .text.HAL_UART_Transmit
                0x08002f2a       0xd8 CMakeFiles/002-Arena.elf.dir/Drivers/STM32F4xx_HAL_Driver/Src/stm32f4xx_hal_uart.c.obj
                0x08002f2a                HAL_UART_Transmit
 .text.HAL_UART_DMAStop
                0x08003002       0x64 CMakeFiles/002-Arena.elf.dir/Drivers/STM32F4xx_HAL_Driver/Src/stm32f4xx_hal_uart.c.obj
                0x08003002                HAL_UART_DMAStop
 .text.HAL_UART_TxCpltCallback
                0x08003066        0x2 CMakeFiles/002-Arena.elf.dir/Drivers/STM32F4xx_HAL_Driver/Src/stm32f4xx_hal_uart.c.obj
                0x08003066                HAL_UART_TxCpltCallback
 .text.UART_EndTransmit_IT
                0x08003068       0x1a CMakeFiles/002-Arena.elf.dir/Drivers/STM32F4xx_HAL_Driver/Src/stm32f4xx_hal_uart.c.obj
 .text.HAL_UART_RxCpltCallback
                0x08003082        0x2 CMakeFiles/002-Arena.elf.dir/Drivers/STM32F4xx_HAL_Driver/Src/stm32f4xx_hal_uart.c.obj
                0x08003082                HAL_UART_RxCpltCallback
 .text.HAL_UART_RxHalfCpltCallback
                0x08003084        0x2 CMakeFiles/002-Arena.elf.dir/Drivers/STM32F4xx_HAL_Driver/Src/stm32f4xx_hal_uart.c.obj
                0x08003084                HAL_UART_RxHalfCpltCallback
 .text.HAL_UART_ErrorCallback
                0x08003086        0x2 CMakeFiles/002-Arena.elf.dir/Drivers/STM32F4xx_HAL_Driver/Src/stm32f4xx_hal_uart.c.obj
                0x08003086                HAL_UART_ErrorCallback
 .text.UART_DMAError
                0x08003088       0x58 CMakeFiles/002-Arena.elf.dir/Drivers/STM32F4xx_HAL_Driver/Src/stm32f4xx_hal_uart.c.obj
 .text.UART_DMAAbortOnError
                0x080030e0       0x10 CMakeFiles/002-Arena.elf.dir/Drivers/STM32F4xx_HAL_Driver/Src/stm32f4xx_hal_uart.c.obj
 .text.HAL_UARTEx_RxEventCallback
                0x080030f0        0x2 CMakeFiles/002-Arena.elf.dir/Drivers/STM32F4xx_HAL_Driver/Src/stm32f4xx_hal_uart.c.obj
                0x080030f0                HAL_UARTEx_RxEventCallback
 .text.UART_Receive_IT
                0x080030f2       0xba CMakeFiles/002-Arena.elf.dir/Drivers/STM32F4xx_HAL_Driver/Src/stm32f4xx_hal_uart.c.obj
 .text.HAL_UART_IRQHandler
                0x080031ac      0x208 CMakeFiles/002-Arena.elf.dir/Drivers/STM32F4xx_HAL_Driver/Src/stm32f4xx_hal_uart.c.obj
                0x080031ac                HAL_UART_IRQHandler
 .text.UART_DMARxHalfCplt
                0x080033b4       0x1a CMakeFiles/002-Arena.elf.dir/Drivers/STM32F4xx_HAL_Driver/Src/stm32f4xx_hal_uart.c.obj
 .text.UART_DMAReceiveCplt
                0x080033ce       0x5e CMakeFiles/002-Arena.elf.dir/Drivers/STM32F4xx_HAL_Driver/Src/stm32f4xx_hal_uart.c.obj
 .text.UART_Start_Receive_DMA
                0x0800342c       0x78 CMakeFiles/002-Arena.elf.dir/Drivers/STM32F4xx_HAL_Driver/Src/stm32f4xx_hal_uart.c.obj
                0x0800342c                UART_Start_Receive_DMA
 .text.HAL_UART_Receive_DMA
                0x080034a4       0x38 CMakeFiles/002-Arena.elf.dir/Drivers/STM32F4xx_HAL_Driver/Src/stm32f4xx_hal_uart.c.obj
                0x080034a4                HAL_UART_Receive_DMA
 .text.makeFreeRtosPriority
                0x080034dc        0xc CMakeFiles/002-Arena.elf.dir/Middlewares/Third_Party/FreeRTOS/Source/CMSIS_RTOS/cmsis_os.c.obj
 .text.osKernelStart
                0x080034e8        0xa CMakeFiles/002-Arena.elf.dir/Middlewares/Third_Party/FreeRTOS/Source/CMSIS_RTOS/cmsis_os.c.obj
                0x080034e8                osKernelStart
 .text.osThreadCreate
                0x080034f2       0x6a CMakeFiles/002-Arena.elf.dir/Middlewares/Third_Party/FreeRTOS/Source/CMSIS_RTOS/cmsis_os.c.obj
                0x080034f2                osThreadCreate
 .text.osDelay  0x0800355c        0xe CMakeFiles/002-Arena.elf.dir/Middlewares/Third_Party/FreeRTOS/Source/CMSIS_RTOS/cmsis_os.c.obj
                0x0800355c                osDelay
 .text.vListInitialise
                0x0800356a       0x16 CMakeFiles/002-Arena.elf.dir/Middlewares/Third_Party/FreeRTOS/Source/list.c.obj
                0x0800356a                vListInitialise
 .text.vListInitialiseItem
                0x08003580        0x6 CMakeFiles/002-Arena.elf.dir/Middlewares/Third_Party/FreeRTOS/Source/list.c.obj
                0x08003580                vListInitialiseItem
 .text.vListInsertEnd
                0x08003586       0x16 CMakeFiles/002-Arena.elf.dir/Middlewares/Third_Party/FreeRTOS/Source/list.c.obj
                0x08003586                vListInsertEnd
 .text.vListInsert
                0x0800359c       0x32 CMakeFiles/002-Arena.elf.dir/Middlewares/Third_Party/FreeRTOS/Source/list.c.obj
                0x0800359c                vListInsert
 .text.uxListRemove
                0x080035ce       0x26 CMakeFiles/002-Arena.elf.dir/Middlewares/Third_Party/FreeRTOS/Source/list.c.obj
                0x080035ce                uxListRemove
 .text.prvTaskExitError
                0x080035f4       0x40 CMakeFiles/002-Arena.elf.dir/Middlewares/Third_Party/FreeRTOS/Source/portable/GCC/ARM_CM4F/port.c.obj
 .text.prvPortStartFirstTask
                0x08003634       0x28 CMakeFiles/002-Arena.elf.dir/Middlewares/Third_Party/FreeRTOS/Source/portable/GCC/ARM_CM4F/port.c.obj
 .text.vPortEnableVFP
                0x0800365c       0x14 CMakeFiles/002-Arena.elf.dir/Middlewares/Third_Party/FreeRTOS/Source/portable/GCC/ARM_CM4F/port.c.obj
 .text.pxPortInitialiseStack
                0x08003670       0x2c CMakeFiles/002-Arena.elf.dir/Middlewares/Third_Party/FreeRTOS/Source/portable/GCC/ARM_CM4F/port.c.obj
                0x08003670                pxPortInitialiseStack
 *fill*         0x0800369c        0x4 
 .text.SVC_Handler
                0x080036a0       0x24 CMakeFiles/002-Arena.elf.dir/Middlewares/Third_Party/FreeRTOS/Source/portable/GCC/ARM_CM4F/port.c.obj
                0x080036a0                SVC_Handler
 .text.vPortEnterCritical
                0x080036c4       0x44 CMakeFiles/002-Arena.elf.dir/Middlewares/Third_Party/FreeRTOS/Source/portable/GCC/ARM_CM4F/port.c.obj
                0x080036c4                vPortEnterCritical
 .text.vPortExitCritical
                0x08003708       0x2c CMakeFiles/002-Arena.elf.dir/Middlewares/Third_Party/FreeRTOS/Source/portable/GCC/ARM_CM4F/port.c.obj
                0x08003708                vPortExitCritical
 *fill*         0x08003734        0xc 
 .text.PendSV_Handler
                0x08003740       0x64 CMakeFiles/002-Arena.elf.dir/Middlewares/Third_Party/FreeRTOS/Source/portable/GCC/ARM_CM4F/port.c.obj
                0x08003740                PendSV_Handler
 .text.SysTick_Handler
                0x080037a4       0x2c CMakeFiles/002-Arena.elf.dir/Middlewares/Third_Party/FreeRTOS/Source/portable/GCC/ARM_CM4F/port.c.obj
                0x080037a4                SysTick_Handler
 .text.vPortSetupTimerInterrupt
                0x080037d0       0x28 CMakeFiles/002-Arena.elf.dir/Middlewares/Third_Party/FreeRTOS/Source/portable/GCC/ARM_CM4F/port.c.obj
                0x080037d0                vPortSetupTimerInterrupt
 .text.xPortStartScheduler
                0x080037f8      0x118 CMakeFiles/002-Arena.elf.dir/Middlewares/Third_Party/FreeRTOS/Source/portable/GCC/ARM_CM4F/port.c.obj
                0x080037f8                xPortStartScheduler
 .text.prvHeapInit
                0x08003910       0x64 CMakeFiles/002-Arena.elf.dir/Middlewares/Third_Party/FreeRTOS/Source/portable/MemMang/heap_4.c.obj
 .text.prvInsertBlockIntoFreeList
                0x08003974       0x64 CMakeFiles/002-Arena.elf.dir/Middlewares/Third_Party/FreeRTOS/Source/portable/MemMang/heap_4.c.obj
 .text.pvPortMalloc
                0x080039d8       0xfc CMakeFiles/002-Arena.elf.dir/Middlewares/Third_Party/FreeRTOS/Source/portable/MemMang/heap_4.c.obj
                0x080039d8                pvPortMalloc
 .text.vPortFree
                0x08003ad4       0x7c CMakeFiles/002-Arena.elf.dir/Middlewares/Third_Party/FreeRTOS/Source/portable/MemMang/heap_4.c.obj
                0x08003ad4                vPortFree
 .text.prvResetNextTaskUnblockTime
                0x08003b50       0x2c CMakeFiles/002-Arena.elf.dir/Middlewares/Third_Party/FreeRTOS/Source/tasks.c.obj
 .text.prvInitialiseNewTask
                0x08003b7c       0xa2 CMakeFiles/002-Arena.elf.dir/Middlewares/Third_Party/FreeRTOS/Source/tasks.c.obj
 *fill*         0x08003c1e        0x2 
 .text.prvInitialiseTaskLists
                0x08003c20       0x68 CMakeFiles/002-Arena.elf.dir/Middlewares/Third_Party/FreeRTOS/Source/tasks.c.obj
 .text.prvAddNewTaskToReadyList
                0x08003c88       0xa8 CMakeFiles/002-Arena.elf.dir/Middlewares/Third_Party/FreeRTOS/Source/tasks.c.obj
 .text.prvDeleteTCB
                0x08003d30       0x38 CMakeFiles/002-Arena.elf.dir/Middlewares/Third_Party/FreeRTOS/Source/tasks.c.obj
 .text.prvCheckTasksWaitingTermination
                0x08003d68       0x4c CMakeFiles/002-Arena.elf.dir/Middlewares/Third_Party/FreeRTOS/Source/tasks.c.obj
 .text.prvIdleTask
                0x08003db4       0x28 CMakeFiles/002-Arena.elf.dir/Middlewares/Third_Party/FreeRTOS/Source/tasks.c.obj
 .text.prvAddCurrentTaskToDelayedList
                0x08003ddc       0x98 CMakeFiles/002-Arena.elf.dir/Middlewares/Third_Party/FreeRTOS/Source/tasks.c.obj
 .text.xTaskCreateStatic
                0x08003e74       0x76 CMakeFiles/002-Arena.elf.dir/Middlewares/Third_Party/FreeRTOS/Source/tasks.c.obj
                0x08003e74                xTaskCreateStatic
 .text.xTaskCreate
                0x08003eea       0x68 CMakeFiles/002-Arena.elf.dir/Middlewares/Third_Party/FreeRTOS/Source/tasks.c.obj
                0x08003eea                xTaskCreate
 *fill*         0x08003f52        0x2 
 .text.vTaskStartScheduler
                0x08003f54       0x74 CMakeFiles/002-Arena.elf.dir/Middlewares/Third_Party/FreeRTOS/Source/tasks.c.obj
                0x08003f54                vTaskStartScheduler
 .text.vTaskSuspendAll
                0x08003fc8       0x10 CMakeFiles/002-Arena.elf.dir/Middlewares/Third_Party/FreeRTOS/Source/tasks.c.obj
                0x08003fc8                vTaskSuspendAll
 .text.xTaskIncrementTick
                0x08003fd8      0x118 CMakeFiles/002-Arena.elf.dir/Middlewares/Third_Party/FreeRTOS/Source/tasks.c.obj
                0x08003fd8                xTaskIncrementTick
 .text.xTaskResumeAll
                0x080040f0       0xf8 CMakeFiles/002-Arena.elf.dir/Middlewares/Third_Party/FreeRTOS/Source/tasks.c.obj
                0x080040f0                xTaskResumeAll
 .text.vTaskDelay
                0x080041e8       0x4c CMakeFiles/002-Arena.elf.dir/Middlewares/Third_Party/FreeRTOS/Source/tasks.c.obj
                0x080041e8                vTaskDelay
 .text.vTaskSwitchContext
                0x08004234       0x98 CMakeFiles/002-Arena.elf.dir/Middlewares/Third_Party/FreeRTOS/Source/tasks.c.obj
                0x08004234                vTaskSwitchContext
 .text.Reset_Handler
                0x080042cc       0x50 CMakeFiles/002-Arena.elf.dir/startup/startup_stm32f407xx.s.obj
                0x080042cc                Reset_Handler
 .text.Default_Handler
                0x0800431c        0x2 CMakeFiles/002-Arena.elf.dir/startup/startup_stm32f407xx.s.obj
                0x0800431c                RTC_Alarm_IRQHandler
                0x0800431c                HASH_RNG_IRQHandler
                0x0800431c                EXTI2_IRQHandler
                0x0800431c                TIM8_CC_IRQHandler
                0x0800431c                TIM1_CC_IRQHandler
                0x0800431c                DMA2_Stream5_IRQHandler
                0x0800431c                PVD_IRQHandler
                0x0800431c                SDIO_IRQHandler
                0x0800431c                TAMP_STAMP_IRQHandler
                0x0800431c                CAN2_RX1_IRQHandler
                0x0800431c                EXTI3_IRQHandler
                0x0800431c                TIM1_UP_TIM10_IRQHandler
                0x0800431c                TIM8_UP_TIM13_IRQHandler
                0x0800431c                I2C3_ER_IRQHandler
                0x0800431c                EXTI0_IRQHandler
                0x0800431c                I2C2_EV_IRQHandler
                0x0800431c                DMA1_Stream2_IRQHandler
                0x0800431c                CAN1_RX0_IRQHandler
                0x0800431c                FPU_IRQHandler
                0x0800431c                OTG_HS_WKUP_IRQHandler
                0x0800431c                CAN2_SCE_IRQHandler
                0x0800431c                SPI1_IRQHandler
                0x0800431c                TIM6_DAC_IRQHandler
                0x0800431c                TIM1_BRK_TIM9_IRQHandler
                0x0800431c                DCMI_IRQHandler
                0x0800431c                CAN2_RX0_IRQHandler
                0x0800431c                DMA2_Stream3_IRQHandler
                0x0800431c                USART6_IRQHandler
                0x0800431c                USART3_IRQHandler
                0x0800431c                CAN1_RX1_IRQHandler
                0x0800431c                UART5_IRQHandler
                0x0800431c                TIM4_IRQHandler
                0x0800431c                I2C1_EV_IRQHandler
                0x0800431c                DMA1_Stream1_IRQHandler
                0x0800431c                UART4_IRQHandler
                0x0800431c                TIM3_IRQHandler
                0x0800431c                RCC_IRQHandler
                0x0800431c                TIM8_BRK_TIM12_IRQHandler
                0x0800431c                Default_Handler
                0x0800431c                EXTI15_10_IRQHandler
                0x0800431c                DMA1_Stream7_IRQHandler
                0x0800431c                TIM7_IRQHandler
                0x0800431c                CAN2_TX_IRQHandler
                0x0800431c                TIM5_IRQHandler
                0x0800431c                I2C3_EV_IRQHandler
                0x0800431c                EXTI9_5_IRQHandler
                0x0800431c                RTC_WKUP_IRQHandler
                0x0800431c                ETH_WKUP_IRQHandler
                0x0800431c                SPI2_IRQHandler
                0x0800431c                OTG_HS_EP1_IN_IRQHandler
                0x0800431c                DMA1_Stream0_IRQHandler
                0x0800431c                CAN1_TX_IRQHandler
                0x0800431c                EXTI4_IRQHandler
                0x0800431c                FSMC_IRQHandler
                0x0800431c                ETH_IRQHandler
                0x0800431c                OTG_HS_EP1_OUT_IRQHandler
                0x0800431c                WWDG_IRQHandler
                0x0800431c                TIM2_IRQHandler
                0x0800431c                OTG_FS_WKUP_IRQHandler
                0x0800431c                TIM1_TRG_COM_TIM11_IRQHandler
                0x0800431c                OTG_HS_IRQHandler
                0x0800431c                EXTI1_IRQHandler
                0x0800431c                I2C2_ER_IRQHandler
                0x0800431c                DMA2_Stream1_IRQHandler
                0x0800431c                CAN1_SCE_IRQHandler
                0x0800431c                FLASH_IRQHandler
                0x0800431c                DMA2_Stream4_IRQHandler
                0x0800431c                OTG_FS_IRQHandler
                0x0800431c                SPI3_IRQHandler
                0x0800431c                DMA1_Stream4_IRQHandler
                0x0800431c                I2C1_ER_IRQHandler
                0x0800431c                DMA2_Stream6_IRQHandler
                0x0800431c                DMA1_Stream3_IRQHandler
 *fill*         0x0800431e        0x2 
 .text.__libc_init_array
                0x08004320       0x48 d:/053-gcc-arm-none-eabi/bin/../lib/gcc/arm-none-eabi/10.2.1/../../../../arm-none-eabi/lib/thumb/v7e-m+fp/hard\libg.a(lib_a-init.o)
                0x08004320                __libc_init_array
 .text.memset   0x08004368       0xa4 d:/053-gcc-arm-none-eabi/bin/../lib/gcc/arm-none-eabi/10.2.1/../../../../arm-none-eabi/lib/thumb/v7e-m+fp/hard\libg.a(lib_a-memset.o)
                0x08004368                memset
 .text.startup.register_fini
                0x0800440c       0x14 d:/053-gcc-arm-none-eabi/bin/../lib/gcc/arm-none-eabi/10.2.1/../../../../arm-none-eabi/lib/thumb/v7e-m+fp/hard\libg.a(lib_a-__call_atexit.o)
 .text.atexit   0x08004420        0xc d:/053-gcc-arm-none-eabi/bin/../lib/gcc/arm-none-eabi/10.2.1/../../../../arm-none-eabi/lib/thumb/v7e-m+fp/hard\libg.a(lib_a-atexit.o)
                0x08004420                atexit
 .text.__libc_fini_array
                0x0800442c       0x2c d:/053-gcc-arm-none-eabi/bin/../lib/gcc/arm-none-eabi/10.2.1/../../../../arm-none-eabi/lib/thumb/v7e-m+fp/hard\libg.a(lib_a-fini.o)
                0x0800442c                __libc_fini_array
 .text.__retarget_lock_acquire_recursive
                0x08004458        0x4 d:/053-gcc-arm-none-eabi/bin/../lib/gcc/arm-none-eabi/10.2.1/../../../../arm-none-eabi/lib/thumb/v7e-m+fp/hard\libg.a(lib_a-lock.o)
                0x08004458                __retarget_lock_acquire_recursive
 .text.__retarget_lock_release_recursive
                0x0800445c        0x4 d:/053-gcc-arm-none-eabi/bin/../lib/gcc/arm-none-eabi/10.2.1/../../../../arm-none-eabi/lib/thumb/v7e-m+fp/hard\libg.a(lib_a-lock.o)
                0x0800445c                __retarget_lock_release_recursive
 .text.__register_exitproc
                0x08004460       0x8c d:/053-gcc-arm-none-eabi/bin/../lib/gcc/arm-none-eabi/10.2.1/../../../../arm-none-eabi/lib/thumb/v7e-m+fp/hard\libg.a(lib_a-__atexit.o)
                0x08004460                __register_exitproc
 *(.glue_7)
 .glue_7        0x080044ec        0x0 linker stubs
 *(.glue_7t)
 .glue_7t       0x080044ec        0x0 linker stubs
 *(.eh_frame)
 .eh_frame      0x080044ec        0x0 d:/053-gcc-arm-none-eabi/bin/../lib/gcc/arm-none-eabi/10.2.1/thumb/v7e-m+fp/hard/crtbegin.o
 *(.init)
 .init          0x080044ec        0x4 d:/053-gcc-arm-none-eabi/bin/../lib/gcc/arm-none-eabi/10.2.1/thumb/v7e-m+fp/hard/crti.o
                0x080044ec                _init
 .init          0x080044f0        0x8 d:/053-gcc-arm-none-eabi/bin/../lib/gcc/arm-none-eabi/10.2.1/thumb/v7e-m+fp/hard/crtn.o
 *(.fini)
 .fini          0x080044f8        0x4 d:/053-gcc-arm-none-eabi/bin/../lib/gcc/arm-none-eabi/10.2.1/thumb/v7e-m+fp/hard/crti.o
                0x080044f8                _fini
 .fini          0x080044fc        0x8 d:/053-gcc-arm-none-eabi/bin/../lib/gcc/arm-none-eabi/10.2.1/thumb/v7e-m+fp/hard/crtn.o
                0x08004504                . = ALIGN (0x4)
                0x08004504                _etext = .

.vfp11_veneer   0x08004504        0x0
 .vfp11_veneer  0x08004504        0x0 linker stubs

.v4_bx          0x08004504        0x0
 .v4_bx         0x08004504        0x0 linker stubs

.iplt           0x08004504        0x0
 .iplt          0x08004504        0x0 d:/053-gcc-arm-none-eabi/bin/../lib/gcc/arm-none-eabi/10.2.1/thumb/v7e-m+fp/hard/crtbegin.o

.rodata         0x08004504       0xcc
                0x08004504                . = ALIGN (0x4)
 *(.rodata)
 .rodata        0x08004504       0x70 CMakeFiles/002-Arena.elf.dir/Core/Src/freertos.c.obj
 *(.rodata*)
 .rodata.str1.4
                0x08004574       0x2f CMakeFiles/002-Arena.elf.dir/Core/Src/freertos.c.obj
 *fill*         0x080045a3        0x1 
 .rodata.AHBPrescTable
                0x080045a4       0x10 CMakeFiles/002-Arena.elf.dir/Core/Src/system_stm32f4xx.c.obj
                0x080045a4                AHBPrescTable
 .rodata.APBPrescTable
                0x080045b4        0x8 CMakeFiles/002-Arena.elf.dir/Core/Src/system_stm32f4xx.c.obj
                0x080045b4                APBPrescTable
 .rodata.flagBitshiftOffset.0
                0x080045bc        0x8 CMakeFiles/002-Arena.elf.dir/Drivers/STM32F4xx_HAL_Driver/Src/stm32f4xx_hal_dma.c.obj
 .rodata.vTaskStartScheduler.str1.4
                0x080045c4        0x5 CMakeFiles/002-Arena.elf.dir/Middlewares/Third_Party/FreeRTOS/Source/tasks.c.obj
 *fill*         0x080045c9        0x3 
 .rodata._global_impure_ptr
                0x080045cc        0x4 d:/053-gcc-arm-none-eabi/bin/../lib/gcc/arm-none-eabi/10.2.1/../../../../arm-none-eabi/lib/thumb/v7e-m+fp/hard\libg.a(lib_a-impure.o)
                0x080045cc                _global_impure_ptr
                0x080045d0                . = ALIGN (0x4)

.ARM.extab
 *(.ARM.extab* .gnu.linkonce.armextab.*)

.ARM            0x080045d0        0x8
                0x080045d0                __exidx_start = .
 *(.ARM.exidx*)
 .ARM.exidx     0x080045d0        0x8 d:/053-gcc-arm-none-eabi/bin/../lib/gcc/arm-none-eabi/10.2.1/thumb/v7e-m+fp/hard\libgcc.a(_udivmoddi4.o)
                0x080045d8                __exidx_end = .

.rel.dyn        0x080045d8        0x0
 .rel.iplt      0x080045d8        0x0 d:/053-gcc-arm-none-eabi/bin/../lib/gcc/arm-none-eabi/10.2.1/thumb/v7e-m+fp/hard/crtbegin.o

.preinit_array  0x080045d8        0x0
                0x080045d8                PROVIDE (__preinit_array_start = .)
 *(.preinit_array*)
                0x080045d8                PROVIDE (__preinit_array_end = .)

.init_array     0x080045d8        0x8
                0x080045d8                PROVIDE (__init_array_start = .)
 *(SORT_BY_NAME(.init_array.*))
 .init_array.00000
                0x080045d8        0x4 d:/053-gcc-arm-none-eabi/bin/../lib/gcc/arm-none-eabi/10.2.1/../../../../arm-none-eabi/lib/thumb/v7e-m+fp/hard\libg.a(lib_a-__call_atexit.o)
 *(.init_array*)
 .init_array    0x080045dc        0x4 d:/053-gcc-arm-none-eabi/bin/../lib/gcc/arm-none-eabi/10.2.1/thumb/v7e-m+fp/hard/crtbegin.o
                0x080045e0                PROVIDE (__init_array_end = .)

.fini_array     0x080045e0        0x4
                0x080045e0                PROVIDE (__fini_array_start = .)
 *(SORT_BY_NAME(.fini_array.*))
 *(.fini_array*)
 .fini_array    0x080045e0        0x4 d:/053-gcc-arm-none-eabi/bin/../lib/gcc/arm-none-eabi/10.2.1/thumb/v7e-m+fp/hard/crtbegin.o
                0x080045e4                PROVIDE (__fini_array_end = .)
                0x080045e4                _sidata = LOADADDR (.data)

.data           0x20000000      0x43c load address 0x080045e4
                0x20000000                . = ALIGN (0x4)
                0x20000000                _sdata = .
 *(.data)
 *(.data*)
 .data.SystemCoreClock
                0x20000000        0x4 CMakeFiles/002-Arena.elf.dir/Core/Src/system_stm32f4xx.c.obj
                0x20000000                SystemCoreClock
 .data.uwTickFreq
                0x20000004        0x1 CMakeFiles/002-Arena.elf.dir/Drivers/STM32F4xx_HAL_Driver/Src/stm32f4xx_hal.c.obj
                0x20000004                uwTickFreq
 *fill*         0x20000005        0x3 
 .data.uwTickPrio
                0x20000008        0x4 CMakeFiles/002-Arena.elf.dir/Drivers/STM32F4xx_HAL_Driver/Src/stm32f4xx_hal.c.obj
                0x20000008                uwTickPrio
 .data.uxCriticalNesting
                0x2000000c        0x4 CMakeFiles/002-Arena.elf.dir/Middlewares/Third_Party/FreeRTOS/Source/portable/GCC/ARM_CM4F/port.c.obj
 .data.impure_data
                0x20000010      0x428 d:/053-gcc-arm-none-eabi/bin/../lib/gcc/arm-none-eabi/10.2.1/../../../../arm-none-eabi/lib/thumb/v7e-m+fp/hard\libg.a(lib_a-impure.o)
 .data.__atexit_recursive_mutex
                0x20000438        0x4 d:/053-gcc-arm-none-eabi/bin/../lib/gcc/arm-none-eabi/10.2.1/../../../../arm-none-eabi/lib/thumb/v7e-m+fp/hard\libg.a(lib_a-__call_atexit.o)
                0x20000438                __atexit_recursive_mutex
                0x2000043c                . = ALIGN (0x4)
                0x2000043c                _edata = .
                0x08004a20                _siccmram = LOADADDR (.ccmram)

.igot.plt       0x2000043c        0x0 load address 0x08004a20
 .igot.plt      0x2000043c        0x0 d:/053-gcc-arm-none-eabi/bin/../lib/gcc/arm-none-eabi/10.2.1/thumb/v7e-m+fp/hard/crtbegin.o

.ccmram         0x10000000        0x0 load address 0x08004a20
                0x10000000                . = ALIGN (0x4)
                0x10000000                _sccmram = .
 *(.ccmram)
 *(.ccmram*)
                0x10000000                . = ALIGN (0x4)
                0x10000000                _eccmram = .
                0x10000000                . = ALIGN (0x4)

.bss            0x2000043c     0x4e20
                0x2000043c                _sbss = .
                0x2000043c                __bss_start__ = _sbss
 *(.bss)
 .bss           0x2000043c       0x1c d:/053-gcc-arm-none-eabi/bin/../lib/gcc/arm-none-eabi/10.2.1/thumb/v7e-m+fp/hard/crtbegin.o
 *(.bss*)
 .bss.hadc1     0x20000458       0x48 CMakeFiles/002-Arena.elf.dir/Core/Src/adc.c.obj
                0x20000458                hadc1
 .bss.hdma_adc1
                0x200004a0       0x60 CMakeFiles/002-Arena.elf.dir/Core/Src/adc.c.obj
                0x200004a0                hdma_adc1
 .bss.Angle_int
                0x20000500        0x6 CMakeFiles/002-Arena.elf.dir/Core/Src/communication.c.obj
                0x20000500                Angle_int
 *fill*         0x20000506        0x2 
 .bss.globalVariable
                0x20000508        0x8 CMakeFiles/002-Arena.elf.dir/Core/Src/communication.c.obj
                0x20000508                globalVariable
 .bss.sAngle    0x20000510        0x8 CMakeFiles/002-Arena.elf.dir/Core/Src/communication.c.obj
                0x20000510                sAngle
 .bss.uart1     0x20000518      0x504 CMakeFiles/002-Arena.elf.dir/Core/Src/communication.c.obj
                0x20000518                uart1
 .bss.uart2     0x20000a1c      0x504 CMakeFiles/002-Arena.elf.dir/Core/Src/communication.c.obj
                0x20000a1c                uart2
 .bss.Encode_TaskHandle
                0x20000f20        0x4 CMakeFiles/002-Arena.elf.dir/Core/Src/freertos.c.obj
                0x20000f20                Encode_TaskHandle
 .bss.OLED_taskHandle
                0x20000f24        0x4 CMakeFiles/002-Arena.elf.dir/Core/Src/freertos.c.obj
                0x20000f24                OLED_taskHandle
 .bss.defaultTaskHandle
                0x20000f28        0x4 CMakeFiles/002-Arena.elf.dir/Core/Src/freertos.c.obj
                0x20000f28                defaultTaskHandle
 .bss.motor_TaskHandle
                0x20000f2c        0x4 CMakeFiles/002-Arena.elf.dir/Core/Src/freertos.c.obj
                0x20000f2c                motor_TaskHandle
 .bss.xIdleStack
                0x20000f30      0x200 CMakeFiles/002-Arena.elf.dir/Core/Src/freertos.c.obj
 .bss.xIdleTaskTCBBuffer
                0x20001130       0x54 CMakeFiles/002-Arena.elf.dir/Core/Src/freertos.c.obj
 .bss.L_motor   0x20001184       0x18 CMakeFiles/002-Arena.elf.dir/Core/Src/main.c.obj
 .bss.R_motor   0x2000119c       0x18 CMakeFiles/002-Arena.elf.dir/Core/Src/main.c.obj
 .bss.globalVariable
                0x200011b4        0x8 CMakeFiles/002-Arena.elf.dir/Core/Src/main.c.obj
 .bss.sPID      0x200011bc       0x1c CMakeFiles/002-Arena.elf.dir/Core/Src/main.c.obj
 .bss.htim14    0x200011d8       0x48 CMakeFiles/002-Arena.elf.dir/Core/Src/stm32f4xx_hal_timebase_tim.c.obj
                0x200011d8                htim14
 .bss.htim1     0x20001220       0x48 CMakeFiles/002-Arena.elf.dir/Core/Src/tim.c.obj
                0x20001220                htim1
 .bss.htim2     0x20001268       0x48 CMakeFiles/002-Arena.elf.dir/Core/Src/tim.c.obj
                0x20001268                htim2
 .bss.htim3     0x200012b0       0x48 CMakeFiles/002-Arena.elf.dir/Core/Src/tim.c.obj
                0x200012b0                htim3
 .bss.hdma_usart1_rx
                0x200012f8       0x60 CMakeFiles/002-Arena.elf.dir/Core/Src/usart.c.obj
                0x200012f8                hdma_usart1_rx
 .bss.hdma_usart1_tx
                0x20001358       0x60 CMakeFiles/002-Arena.elf.dir/Core/Src/usart.c.obj
                0x20001358                hdma_usart1_tx
 .bss.hdma_usart2_rx
                0x200013b8       0x60 CMakeFiles/002-Arena.elf.dir/Core/Src/usart.c.obj
                0x200013b8                hdma_usart2_rx
 .bss.hdma_usart2_tx
                0x20001418       0x60 CMakeFiles/002-Arena.elf.dir/Core/Src/usart.c.obj
                0x20001418                hdma_usart2_tx
 .bss.huart1    0x20001478       0x44 CMakeFiles/002-Arena.elf.dir/Core/Src/usart.c.obj
                0x20001478                huart1
 .bss.huart2    0x200014bc       0x44 CMakeFiles/002-Arena.elf.dir/Core/Src/usart.c.obj
                0x200014bc                huart2
 .bss.uwTick    0x20001500        0x4 CMakeFiles/002-Arena.elf.dir/Drivers/STM32F4xx_HAL_Driver/Src/stm32f4xx_hal.c.obj
                0x20001500                uwTick
 .bss.ucMaxSysCallPriority
                0x20001504        0x1 CMakeFiles/002-Arena.elf.dir/Middlewares/Third_Party/FreeRTOS/Source/portable/GCC/ARM_CM4F/port.c.obj
 *fill*         0x20001505        0x3 
 .bss.ulMaxPRIGROUPValue
                0x20001508        0x4 CMakeFiles/002-Arena.elf.dir/Middlewares/Third_Party/FreeRTOS/Source/portable/GCC/ARM_CM4F/port.c.obj
 .bss.pxEnd     0x2000150c        0x4 CMakeFiles/002-Arena.elf.dir/Middlewares/Third_Party/FreeRTOS/Source/portable/MemMang/heap_4.c.obj
 .bss.ucHeap    0x20001510     0x3c00 CMakeFiles/002-Arena.elf.dir/Middlewares/Third_Party/FreeRTOS/Source/portable/MemMang/heap_4.c.obj
 .bss.xBlockAllocatedBit
                0x20005110        0x4 CMakeFiles/002-Arena.elf.dir/Middlewares/Third_Party/FreeRTOS/Source/portable/MemMang/heap_4.c.obj
 .bss.xFreeBytesRemaining
                0x20005114        0x4 CMakeFiles/002-Arena.elf.dir/Middlewares/Third_Party/FreeRTOS/Source/portable/MemMang/heap_4.c.obj
 .bss.xMinimumEverFreeBytesRemaining
                0x20005118        0x4 CMakeFiles/002-Arena.elf.dir/Middlewares/Third_Party/FreeRTOS/Source/portable/MemMang/heap_4.c.obj
 .bss.xNumberOfSuccessfulAllocations
                0x2000511c        0x4 CMakeFiles/002-Arena.elf.dir/Middlewares/Third_Party/FreeRTOS/Source/portable/MemMang/heap_4.c.obj
 .bss.xNumberOfSuccessfulFrees
                0x20005120        0x4 CMakeFiles/002-Arena.elf.dir/Middlewares/Third_Party/FreeRTOS/Source/portable/MemMang/heap_4.c.obj
 .bss.xStart    0x20005124        0x8 CMakeFiles/002-Arena.elf.dir/Middlewares/Third_Party/FreeRTOS/Source/portable/MemMang/heap_4.c.obj
 .bss.pxCurrentTCB
                0x2000512c        0x4 CMakeFiles/002-Arena.elf.dir/Middlewares/Third_Party/FreeRTOS/Source/tasks.c.obj
                0x2000512c                pxCurrentTCB
 .bss.pxDelayedTaskList
                0x20005130        0x4 CMakeFiles/002-Arena.elf.dir/Middlewares/Third_Party/FreeRTOS/Source/tasks.c.obj
 .bss.pxOverflowDelayedTaskList
                0x20005134        0x4 CMakeFiles/002-Arena.elf.dir/Middlewares/Third_Party/FreeRTOS/Source/tasks.c.obj
 .bss.pxReadyTasksLists
                0x20005138       0x8c CMakeFiles/002-Arena.elf.dir/Middlewares/Third_Party/FreeRTOS/Source/tasks.c.obj
 .bss.uxCurrentNumberOfTasks
                0x200051c4        0x4 CMakeFiles/002-Arena.elf.dir/Middlewares/Third_Party/FreeRTOS/Source/tasks.c.obj
 .bss.uxDeletedTasksWaitingCleanUp
                0x200051c8        0x4 CMakeFiles/002-Arena.elf.dir/Middlewares/Third_Party/FreeRTOS/Source/tasks.c.obj
 .bss.uxSchedulerSuspended
                0x200051cc        0x4 CMakeFiles/002-Arena.elf.dir/Middlewares/Third_Party/FreeRTOS/Source/tasks.c.obj
 .bss.uxTaskNumber
                0x200051d0        0x4 CMakeFiles/002-Arena.elf.dir/Middlewares/Third_Party/FreeRTOS/Source/tasks.c.obj
 .bss.uxTopReadyPriority
                0x200051d4        0x4 CMakeFiles/002-Arena.elf.dir/Middlewares/Third_Party/FreeRTOS/Source/tasks.c.obj
 .bss.xDelayedTaskList1
                0x200051d8       0x14 CMakeFiles/002-Arena.elf.dir/Middlewares/Third_Party/FreeRTOS/Source/tasks.c.obj
 .bss.xDelayedTaskList2
                0x200051ec       0x14 CMakeFiles/002-Arena.elf.dir/Middlewares/Third_Party/FreeRTOS/Source/tasks.c.obj
 .bss.xIdleTaskHandle
                0x20005200        0x4 CMakeFiles/002-Arena.elf.dir/Middlewares/Third_Party/FreeRTOS/Source/tasks.c.obj
 .bss.xNextTaskUnblockTime
                0x20005204        0x4 CMakeFiles/002-Arena.elf.dir/Middlewares/Third_Party/FreeRTOS/Source/tasks.c.obj
 .bss.xNumOfOverflows
                0x20005208        0x4 CMakeFiles/002-Arena.elf.dir/Middlewares/Third_Party/FreeRTOS/Source/tasks.c.obj
 .bss.xPendedTicks
                0x2000520c        0x4 CMakeFiles/002-Arena.elf.dir/Middlewares/Third_Party/FreeRTOS/Source/tasks.c.obj
 .bss.xPendingReadyList
                0x20005210       0x14 CMakeFiles/002-Arena.elf.dir/Middlewares/Third_Party/FreeRTOS/Source/tasks.c.obj
 .bss.xSchedulerRunning
                0x20005224        0x4 CMakeFiles/002-Arena.elf.dir/Middlewares/Third_Party/FreeRTOS/Source/tasks.c.obj
 .bss.xSuspendedTaskList
                0x20005228       0x14 CMakeFiles/002-Arena.elf.dir/Middlewares/Third_Party/FreeRTOS/Source/tasks.c.obj
 .bss.xTasksWaitingTermination
                0x2000523c       0x14 CMakeFiles/002-Arena.elf.dir/Middlewares/Third_Party/FreeRTOS/Source/tasks.c.obj
 .bss.xTickCount
                0x20005250        0x4 CMakeFiles/002-Arena.elf.dir/Middlewares/Third_Party/FreeRTOS/Source/tasks.c.obj
 .bss.xYieldPending
                0x20005254        0x4 CMakeFiles/002-Arena.elf.dir/Middlewares/Third_Party/FreeRTOS/Source/tasks.c.obj
 .bss.__lock___atexit_recursive_mutex
                0x20005258        0x1 d:/053-gcc-arm-none-eabi/bin/../lib/gcc/arm-none-eabi/10.2.1/../../../../arm-none-eabi/lib/thumb/v7e-m+fp/hard\libg.a(lib_a-lock.o)
                0x20005258                __lock___atexit_recursive_mutex
 *(COMMON)
                0x2000525c                . = ALIGN (0x4)
 *fill*         0x20005259        0x3 
                0x2000525c                _ebss = .
                0x2000525c                __bss_end__ = _ebss

._user_heap_stack
                0x2000525c      0x604
                0x20005260                . = ALIGN (0x8)
 *fill*         0x2000525c        0x4 
                0x20005260                PROVIDE (end = .)
                [!provide]                PROVIDE (_end = .)
                0x20005460                . = (. + _Min_Heap_Size)
 *fill*         0x20005260      0x200 
                0x20005860                . = (. + _Min_Stack_Size)
 *fill*         0x20005460      0x400 
                0x20005860                . = ALIGN (0x8)

/DISCARD/
 libc.a(*)
 libm.a(*)
 libgcc.a(*)

.ARM.attributes
                0x00000000       0x30
 *(.ARM.attributes)
 .ARM.attributes
                0x00000000       0x1e d:/053-gcc-arm-none-eabi/bin/../lib/gcc/arm-none-eabi/10.2.1/thumb/v7e-m+fp/hard/crti.o
 .ARM.attributes
                0x0000001e       0x34 d:/053-gcc-arm-none-eabi/bin/../lib/gcc/arm-none-eabi/10.2.1/thumb/v7e-m+fp/hard/crtbegin.o
 .ARM.attributes
                0x00000052       0x34 CMakeFiles/002-Arena.elf.dir/Core/Src/adc.c.obj
 .ARM.attributes
                0x00000086       0x34 CMakeFiles/002-Arena.elf.dir/Core/Src/communication.c.obj
 .ARM.attributes
                0x000000ba       0x34 CMakeFiles/002-Arena.elf.dir/Core/Src/dma.c.obj
 .ARM.attributes
                0x000000ee       0x34 CMakeFiles/002-Arena.elf.dir/Core/Src/freertos.c.obj
 .ARM.attributes
                0x00000122       0x34 CMakeFiles/002-Arena.elf.dir/Core/Src/gpio.c.obj
 .ARM.attributes
                0x00000156       0x34 CMakeFiles/002-Arena.elf.dir/Core/Src/main.c.obj
 .ARM.attributes
                0x0000018a       0x34 CMakeFiles/002-Arena.elf.dir/Core/Src/stm32f4xx_hal_msp.c.obj
 .ARM.attributes
                0x000001be       0x34 CMakeFiles/002-Arena.elf.dir/Core/Src/stm32f4xx_hal_timebase_tim.c.obj
 .ARM.attributes
                0x000001f2       0x34 CMakeFiles/002-Arena.elf.dir/Core/Src/stm32f4xx_it.c.obj
 .ARM.attributes
                0x00000226       0x34 CMakeFiles/002-Arena.elf.dir/Core/Src/system_stm32f4xx.c.obj
 .ARM.attributes
                0x0000025a       0x34 CMakeFiles/002-Arena.elf.dir/Core/Src/tim.c.obj
 .ARM.attributes
                0x0000028e       0x34 CMakeFiles/002-Arena.elf.dir/Core/Src/usart.c.obj
 .ARM.attributes
                0x000002c2       0x34 CMakeFiles/002-Arena.elf.dir/Drivers/STM32F4xx_HAL_Driver/Src/stm32f4xx_hal.c.obj
 .ARM.attributes
                0x000002f6       0x34 CMakeFiles/002-Arena.elf.dir/Drivers/STM32F4xx_HAL_Driver/Src/stm32f4xx_hal_adc.c.obj
 .ARM.attributes
                0x0000032a       0x34 CMakeFiles/002-Arena.elf.dir/Drivers/STM32F4xx_HAL_Driver/Src/stm32f4xx_hal_adc_ex.c.obj
 .ARM.attributes
                0x0000035e       0x34 CMakeFiles/002-Arena.elf.dir/Drivers/STM32F4xx_HAL_Driver/Src/stm32f4xx_hal_cortex.c.obj
 .ARM.attributes
                0x00000392       0x34 CMakeFiles/002-Arena.elf.dir/Drivers/STM32F4xx_HAL_Driver/Src/stm32f4xx_hal_dma.c.obj
 .ARM.attributes
                0x000003c6       0x34 CMakeFiles/002-Arena.elf.dir/Drivers/STM32F4xx_HAL_Driver/Src/stm32f4xx_hal_gpio.c.obj
 .ARM.attributes
                0x000003fa       0x34 CMakeFiles/002-Arena.elf.dir/Drivers/STM32F4xx_HAL_Driver/Src/stm32f4xx_hal_rcc.c.obj
 .ARM.attributes
                0x0000042e       0x34 CMakeFiles/002-Arena.elf.dir/Drivers/STM32F4xx_HAL_Driver/Src/stm32f4xx_hal_tim.c.obj
 .ARM.attributes
                0x00000462       0x34 CMakeFiles/002-Arena.elf.dir/Drivers/STM32F4xx_HAL_Driver/Src/stm32f4xx_hal_tim_ex.c.obj
 .ARM.attributes
                0x00000496       0x34 CMakeFiles/002-Arena.elf.dir/Drivers/STM32F4xx_HAL_Driver/Src/stm32f4xx_hal_uart.c.obj
 .ARM.attributes
                0x000004ca       0x34 CMakeFiles/002-Arena.elf.dir/Middlewares/Third_Party/FreeRTOS/Source/CMSIS_RTOS/cmsis_os.c.obj
 .ARM.attributes
                0x000004fe       0x34 CMakeFiles/002-Arena.elf.dir/Middlewares/Third_Party/FreeRTOS/Source/list.c.obj
 .ARM.attributes
                0x00000532       0x34 CMakeFiles/002-Arena.elf.dir/Middlewares/Third_Party/FreeRTOS/Source/portable/GCC/ARM_CM4F/port.c.obj
 .ARM.attributes
                0x00000566       0x34 CMakeFiles/002-Arena.elf.dir/Middlewares/Third_Party/FreeRTOS/Source/portable/MemMang/heap_4.c.obj
 .ARM.attributes
                0x0000059a       0x34 CMakeFiles/002-Arena.elf.dir/Middlewares/Third_Party/FreeRTOS/Source/tasks.c.obj
 .ARM.attributes
                0x000005ce       0x21 CMakeFiles/002-Arena.elf.dir/startup/startup_stm32f407xx.s.obj
 .ARM.attributes
                0x000005ef       0x1e d:/053-gcc-arm-none-eabi/bin/../lib/gcc/arm-none-eabi/10.2.1/thumb/v7e-m+fp/hard\libgcc.a(_aeabi_uldivmod.o)
 .ARM.attributes
                0x0000060d       0x34 d:/053-gcc-arm-none-eabi/bin/../lib/gcc/arm-none-eabi/10.2.1/thumb/v7e-m+fp/hard\libgcc.a(_udivmoddi4.o)
 .ARM.attributes
                0x00000641       0x1e d:/053-gcc-arm-none-eabi/bin/../lib/gcc/arm-none-eabi/10.2.1/thumb/v7e-m+fp/hard\libgcc.a(_dvmd_tls.o)
 .ARM.attributes
                0x0000065f       0x32 d:/053-gcc-arm-none-eabi/bin/../lib/gcc/arm-none-eabi/10.2.1/../../../../arm-none-eabi/lib/thumb/v7e-m+fp/hard\libg.a(lib_a-impure.o)
 .ARM.attributes
                0x00000691       0x34 d:/053-gcc-arm-none-eabi/bin/../lib/gcc/arm-none-eabi/10.2.1/../../../../arm-none-eabi/lib/thumb/v7e-m+fp/hard\libg.a(lib_a-init.o)
 .ARM.attributes
                0x000006c5       0x34 d:/053-gcc-arm-none-eabi/bin/../lib/gcc/arm-none-eabi/10.2.1/../../../../arm-none-eabi/lib/thumb/v7e-m+fp/hard\libg.a(lib_a-memset.o)
 .ARM.attributes
                0x000006f9       0x34 d:/053-gcc-arm-none-eabi/bin/../lib/gcc/arm-none-eabi/10.2.1/../../../../arm-none-eabi/lib/thumb/v7e-m+fp/hard\libg.a(lib_a-__call_atexit.o)
 .ARM.attributes
                0x0000072d       0x34 d:/053-gcc-arm-none-eabi/bin/../lib/gcc/arm-none-eabi/10.2.1/../../../../arm-none-eabi/lib/thumb/v7e-m+fp/hard\libg.a(lib_a-atexit.o)
 .ARM.attributes
                0x00000761       0x34 d:/053-gcc-arm-none-eabi/bin/../lib/gcc/arm-none-eabi/10.2.1/../../../../arm-none-eabi/lib/thumb/v7e-m+fp/hard\libg.a(lib_a-fini.o)
 .ARM.attributes
                0x00000795       0x34 d:/053-gcc-arm-none-eabi/bin/../lib/gcc/arm-none-eabi/10.2.1/../../../../arm-none-eabi/lib/thumb/v7e-m+fp/hard\libg.a(lib_a-lock.o)
 .ARM.attributes
                0x000007c9       0x34 d:/053-gcc-arm-none-eabi/bin/../lib/gcc/arm-none-eabi/10.2.1/../../../../arm-none-eabi/lib/thumb/v7e-m+fp/hard\libg.a(lib_a-__atexit.o)
 .ARM.attributes
                0x000007fd       0x1e d:/053-gcc-arm-none-eabi/bin/../lib/gcc/arm-none-eabi/10.2.1/thumb/v7e-m+fp/hard/crtn.o
OUTPUT(002-Arena.elf elf32-littlearm)
LOAD linker stubs
LOAD d:/053-gcc-arm-none-eabi/bin/../lib/gcc/arm-none-eabi/10.2.1/../../../../arm-none-eabi/lib/thumb/v7e-m+fp/hard\libc.a
LOAD d:/053-gcc-arm-none-eabi/bin/../lib/gcc/arm-none-eabi/10.2.1/../../../../arm-none-eabi/lib/thumb/v7e-m+fp/hard\libm.a
LOAD d:/053-gcc-arm-none-eabi/bin/../lib/gcc/arm-none-eabi/10.2.1/thumb/v7e-m+fp/hard\libgcc.a

.debug_info     0x00000000    0x19fcd
 .debug_info    0x00000000      0xf51 CMakeFiles/002-Arena.elf.dir/Core/Src/adc.c.obj
 .debug_info    0x00000f51      0xa62 CMakeFiles/002-Arena.elf.dir/Core/Src/communication.c.obj
 .debug_info    0x000019b3      0x5e2 CMakeFiles/002-Arena.elf.dir/Core/Src/dma.c.obj
 .debug_info    0x00001f95      0x5bb CMakeFiles/002-Arena.elf.dir/Core/Src/freertos.c.obj
 .debug_info    0x00002550      0x4b1 CMakeFiles/002-Arena.elf.dir/Core/Src/gpio.c.obj
 .debug_info    0x00002a01     0x104c CMakeFiles/002-Arena.elf.dir/Core/Src/main.c.obj
 .debug_info    0x00003a4d      0x4f8 CMakeFiles/002-Arena.elf.dir/Core/Src/stm32f4xx_hal_msp.c.obj
 .debug_info    0x00003f45      0xc62 CMakeFiles/002-Arena.elf.dir/Core/Src/stm32f4xx_hal_timebase_tim.c.obj
 .debug_info    0x00004ba7     0x102a CMakeFiles/002-Arena.elf.dir/Core/Src/stm32f4xx_it.c.obj
 .debug_info    0x00005bd1      0x538 CMakeFiles/002-Arena.elf.dir/Core/Src/system_stm32f4xx.c.obj
 .debug_info    0x00006109     0x104a CMakeFiles/002-Arena.elf.dir/Core/Src/tim.c.obj
 .debug_info    0x00007153      0xe6c CMakeFiles/002-Arena.elf.dir/Core/Src/usart.c.obj
 .debug_info    0x00007fbf      0x9f0 CMakeFiles/002-Arena.elf.dir/Drivers/STM32F4xx_HAL_Driver/Src/stm32f4xx_hal.c.obj
 .debug_info    0x000089af      0xeb7 CMakeFiles/002-Arena.elf.dir/Drivers/STM32F4xx_HAL_Driver/Src/stm32f4xx_hal_adc.c.obj
 .debug_info    0x00009866      0xcaa CMakeFiles/002-Arena.elf.dir/Drivers/STM32F4xx_HAL_Driver/Src/stm32f4xx_hal_adc_ex.c.obj
 .debug_info    0x0000a510     0x1098 CMakeFiles/002-Arena.elf.dir/Drivers/STM32F4xx_HAL_Driver/Src/stm32f4xx_hal_cortex.c.obj
 .debug_info    0x0000b5a8      0xb3f CMakeFiles/002-Arena.elf.dir/Drivers/STM32F4xx_HAL_Driver/Src/stm32f4xx_hal_dma.c.obj
 .debug_info    0x0000c0e7      0x7b0 CMakeFiles/002-Arena.elf.dir/Drivers/STM32F4xx_HAL_Driver/Src/stm32f4xx_hal_gpio.c.obj
 .debug_info    0x0000c897      0xb03 CMakeFiles/002-Arena.elf.dir/Drivers/STM32F4xx_HAL_Driver/Src/stm32f4xx_hal_rcc.c.obj
 .debug_info    0x0000d39a     0x3b0d CMakeFiles/002-Arena.elf.dir/Drivers/STM32F4xx_HAL_Driver/Src/stm32f4xx_hal_tim.c.obj
 .debug_info    0x00010ea7     0x1a36 CMakeFiles/002-Arena.elf.dir/Drivers/STM32F4xx_HAL_Driver/Src/stm32f4xx_hal_tim_ex.c.obj
 .debug_info    0x000128dd     0x1cf2 CMakeFiles/002-Arena.elf.dir/Drivers/STM32F4xx_HAL_Driver/Src/stm32f4xx_hal_uart.c.obj
 .debug_info    0x000145cf     0x222b CMakeFiles/002-Arena.elf.dir/Middlewares/Third_Party/FreeRTOS/Source/CMSIS_RTOS/cmsis_os.c.obj
 .debug_info    0x000167fa      0x2e0 CMakeFiles/002-Arena.elf.dir/Middlewares/Third_Party/FreeRTOS/Source/list.c.obj
 .debug_info    0x00016ada      0x587 CMakeFiles/002-Arena.elf.dir/Middlewares/Third_Party/FreeRTOS/Source/portable/GCC/ARM_CM4F/port.c.obj
 .debug_info    0x00017061      0x5d9 CMakeFiles/002-Arena.elf.dir/Middlewares/Third_Party/FreeRTOS/Source/portable/MemMang/heap_4.c.obj
 .debug_info    0x0001763a     0x2971 CMakeFiles/002-Arena.elf.dir/Middlewares/Third_Party/FreeRTOS/Source/tasks.c.obj
 .debug_info    0x00019fab       0x22 CMakeFiles/002-Arena.elf.dir/startup/startup_stm32f407xx.s.obj

.debug_abbrev   0x00000000     0x3a4c
 .debug_abbrev  0x00000000      0x1ef CMakeFiles/002-Arena.elf.dir/Core/Src/adc.c.obj
 .debug_abbrev  0x000001ef      0x260 CMakeFiles/002-Arena.elf.dir/Core/Src/communication.c.obj
 .debug_abbrev  0x0000044f      0x126 CMakeFiles/002-Arena.elf.dir/Core/Src/dma.c.obj
 .debug_abbrev  0x00000575      0x172 CMakeFiles/002-Arena.elf.dir/Core/Src/freertos.c.obj
 .debug_abbrev  0x000006e7      0x14e CMakeFiles/002-Arena.elf.dir/Core/Src/gpio.c.obj
 .debug_abbrev  0x00000835      0x2e7 CMakeFiles/002-Arena.elf.dir/Core/Src/main.c.obj
 .debug_abbrev  0x00000b1c      0x119 CMakeFiles/002-Arena.elf.dir/Core/Src/stm32f4xx_hal_msp.c.obj
 .debug_abbrev  0x00000c35      0x1ec CMakeFiles/002-Arena.elf.dir/Core/Src/stm32f4xx_hal_timebase_tim.c.obj
 .debug_abbrev  0x00000e21      0x22c CMakeFiles/002-Arena.elf.dir/Core/Src/stm32f4xx_it.c.obj
 .debug_abbrev  0x0000104d      0x119 CMakeFiles/002-Arena.elf.dir/Core/Src/system_stm32f4xx.c.obj
 .debug_abbrev  0x00001166      0x263 CMakeFiles/002-Arena.elf.dir/Core/Src/tim.c.obj
 .debug_abbrev  0x000013c9      0x1ef CMakeFiles/002-Arena.elf.dir/Core/Src/usart.c.obj
 .debug_abbrev  0x000015b8      0x206 CMakeFiles/002-Arena.elf.dir/Drivers/STM32F4xx_HAL_Driver/Src/stm32f4xx_hal.c.obj
 .debug_abbrev  0x000017be      0x23a CMakeFiles/002-Arena.elf.dir/Drivers/STM32F4xx_HAL_Driver/Src/stm32f4xx_hal_adc.c.obj
 .debug_abbrev  0x000019f8      0x293 CMakeFiles/002-Arena.elf.dir/Drivers/STM32F4xx_HAL_Driver/Src/stm32f4xx_hal_adc_ex.c.obj
 .debug_abbrev  0x00001c8b      0x36a CMakeFiles/002-Arena.elf.dir/Drivers/STM32F4xx_HAL_Driver/Src/stm32f4xx_hal_cortex.c.obj
 .debug_abbrev  0x00001ff5      0x2c2 CMakeFiles/002-Arena.elf.dir/Drivers/STM32F4xx_HAL_Driver/Src/stm32f4xx_hal_dma.c.obj
 .debug_abbrev  0x000022b7      0x1ef CMakeFiles/002-Arena.elf.dir/Drivers/STM32F4xx_HAL_Driver/Src/stm32f4xx_hal_gpio.c.obj
 .debug_abbrev  0x000024a6      0x28a CMakeFiles/002-Arena.elf.dir/Drivers/STM32F4xx_HAL_Driver/Src/stm32f4xx_hal_rcc.c.obj
 .debug_abbrev  0x00002730      0x22b CMakeFiles/002-Arena.elf.dir/Drivers/STM32F4xx_HAL_Driver/Src/stm32f4xx_hal_tim.c.obj
 .debug_abbrev  0x0000295b      0x241 CMakeFiles/002-Arena.elf.dir/Drivers/STM32F4xx_HAL_Driver/Src/stm32f4xx_hal_tim_ex.c.obj
 .debug_abbrev  0x00002b9c      0x274 CMakeFiles/002-Arena.elf.dir/Drivers/STM32F4xx_HAL_Driver/Src/stm32f4xx_hal_uart.c.obj
 .debug_abbrev  0x00002e10      0x35b CMakeFiles/002-Arena.elf.dir/Middlewares/Third_Party/FreeRTOS/Source/CMSIS_RTOS/cmsis_os.c.obj
 .debug_abbrev  0x0000316b      0x106 CMakeFiles/002-Arena.elf.dir/Middlewares/Third_Party/FreeRTOS/Source/list.c.obj
 .debug_abbrev  0x00003271      0x26b CMakeFiles/002-Arena.elf.dir/Middlewares/Third_Party/FreeRTOS/Source/portable/GCC/ARM_CM4F/port.c.obj
 .debug_abbrev  0x000034dc      0x24b CMakeFiles/002-Arena.elf.dir/Middlewares/Third_Party/FreeRTOS/Source/portable/MemMang/heap_4.c.obj
 .debug_abbrev  0x00003727      0x313 CMakeFiles/002-Arena.elf.dir/Middlewares/Third_Party/FreeRTOS/Source/tasks.c.obj
 .debug_abbrev  0x00003a3a       0x12 CMakeFiles/002-Arena.elf.dir/startup/startup_stm32f407xx.s.obj

.debug_loc      0x00000000     0xf700
 .debug_loc     0x00000000       0x71 CMakeFiles/002-Arena.elf.dir/Core/Src/adc.c.obj
 .debug_loc     0x00000071       0xf5 CMakeFiles/002-Arena.elf.dir/Core/Src/communication.c.obj
 .debug_loc     0x00000166       0x94 CMakeFiles/002-Arena.elf.dir/Core/Src/freertos.c.obj
 .debug_loc     0x000001fa      0x1af CMakeFiles/002-Arena.elf.dir/Core/Src/main.c.obj
 .debug_loc     0x000003a9       0x78 CMakeFiles/002-Arena.elf.dir/Core/Src/stm32f4xx_hal_timebase_tim.c.obj
 .debug_loc     0x00000421      0x158 CMakeFiles/002-Arena.elf.dir/Core/Src/system_stm32f4xx.c.obj
 .debug_loc     0x00000579      0x100 CMakeFiles/002-Arena.elf.dir/Core/Src/tim.c.obj
 .debug_loc     0x00000679       0xac CMakeFiles/002-Arena.elf.dir/Core/Src/usart.c.obj
 .debug_loc     0x00000725      0x141 CMakeFiles/002-Arena.elf.dir/Drivers/STM32F4xx_HAL_Driver/Src/stm32f4xx_hal.c.obj
 .debug_loc     0x00000866      0xb5e CMakeFiles/002-Arena.elf.dir/Drivers/STM32F4xx_HAL_Driver/Src/stm32f4xx_hal_adc.c.obj
 .debug_loc     0x000013c4      0xa82 CMakeFiles/002-Arena.elf.dir/Drivers/STM32F4xx_HAL_Driver/Src/stm32f4xx_hal_adc_ex.c.obj
 .debug_loc     0x00001e46      0x744 CMakeFiles/002-Arena.elf.dir/Drivers/STM32F4xx_HAL_Driver/Src/stm32f4xx_hal_cortex.c.obj
 .debug_loc     0x0000258a      0xbf9 CMakeFiles/002-Arena.elf.dir/Drivers/STM32F4xx_HAL_Driver/Src/stm32f4xx_hal_dma.c.obj
 .debug_loc     0x00003183      0x520 CMakeFiles/002-Arena.elf.dir/Drivers/STM32F4xx_HAL_Driver/Src/stm32f4xx_hal_gpio.c.obj
 .debug_loc     0x000036a3      0x58c CMakeFiles/002-Arena.elf.dir/Drivers/STM32F4xx_HAL_Driver/Src/stm32f4xx_hal_rcc.c.obj
 .debug_loc     0x00003c2f     0x47f9 CMakeFiles/002-Arena.elf.dir/Drivers/STM32F4xx_HAL_Driver/Src/stm32f4xx_hal_tim.c.obj
 .debug_loc     0x00008428     0x1b2f CMakeFiles/002-Arena.elf.dir/Drivers/STM32F4xx_HAL_Driver/Src/stm32f4xx_hal_tim_ex.c.obj
 .debug_loc     0x00009f57     0x203b CMakeFiles/002-Arena.elf.dir/Drivers/STM32F4xx_HAL_Driver/Src/stm32f4xx_hal_uart.c.obj
 .debug_loc     0x0000bf92     0x12e6 CMakeFiles/002-Arena.elf.dir/Middlewares/Third_Party/FreeRTOS/Source/CMSIS_RTOS/cmsis_os.c.obj
 .debug_loc     0x0000d278       0xad CMakeFiles/002-Arena.elf.dir/Middlewares/Third_Party/FreeRTOS/Source/list.c.obj
 .debug_loc     0x0000d325      0x124 CMakeFiles/002-Arena.elf.dir/Middlewares/Third_Party/FreeRTOS/Source/portable/GCC/ARM_CM4F/port.c.obj
 .debug_loc     0x0000d449      0x434 CMakeFiles/002-Arena.elf.dir/Middlewares/Third_Party/FreeRTOS/Source/portable/MemMang/heap_4.c.obj
 .debug_loc     0x0000d87d     0x1e83 CMakeFiles/002-Arena.elf.dir/Middlewares/Third_Party/FreeRTOS/Source/tasks.c.obj

.debug_aranges  0x00000000     0x1368
 .debug_aranges
                0x00000000       0x30 CMakeFiles/002-Arena.elf.dir/Core/Src/adc.c.obj
 .debug_aranges
                0x00000030       0x38 CMakeFiles/002-Arena.elf.dir/Core/Src/communication.c.obj
 .debug_aranges
                0x00000068       0x20 CMakeFiles/002-Arena.elf.dir/Core/Src/dma.c.obj
 .debug_aranges
                0x00000088       0x48 CMakeFiles/002-Arena.elf.dir/Core/Src/freertos.c.obj
 .debug_aranges
                0x000000d0       0x20 CMakeFiles/002-Arena.elf.dir/Core/Src/gpio.c.obj
 .debug_aranges
                0x000000f0       0x58 CMakeFiles/002-Arena.elf.dir/Core/Src/main.c.obj
 .debug_aranges
                0x00000148       0x20 CMakeFiles/002-Arena.elf.dir/Core/Src/stm32f4xx_hal_msp.c.obj
 .debug_aranges
                0x00000168       0x30 CMakeFiles/002-Arena.elf.dir/Core/Src/stm32f4xx_hal_timebase_tim.c.obj
 .debug_aranges
                0x00000198       0x90 CMakeFiles/002-Arena.elf.dir/Core/Src/stm32f4xx_it.c.obj
 .debug_aranges
                0x00000228       0x28 CMakeFiles/002-Arena.elf.dir/Core/Src/system_stm32f4xx.c.obj
 .debug_aranges
                0x00000250       0x58 CMakeFiles/002-Arena.elf.dir/Core/Src/tim.c.obj
 .debug_aranges
                0x000002a8       0x38 CMakeFiles/002-Arena.elf.dir/Core/Src/usart.c.obj
 .debug_aranges
                0x000002e0       0xf0 CMakeFiles/002-Arena.elf.dir/Drivers/STM32F4xx_HAL_Driver/Src/stm32f4xx_hal.c.obj
 .debug_aranges
                0x000003d0       0xe8 CMakeFiles/002-Arena.elf.dir/Drivers/STM32F4xx_HAL_Driver/Src/stm32f4xx_hal_adc.c.obj
 .debug_aranges
                0x000004b8       0x90 CMakeFiles/002-Arena.elf.dir/Drivers/STM32F4xx_HAL_Driver/Src/stm32f4xx_hal_adc_ex.c.obj
 .debug_aranges
                0x00000548       0xa8 CMakeFiles/002-Arena.elf.dir/Drivers/STM32F4xx_HAL_Driver/Src/stm32f4xx_hal_cortex.c.obj
 .debug_aranges
                0x000005f0       0x90 CMakeFiles/002-Arena.elf.dir/Drivers/STM32F4xx_HAL_Driver/Src/stm32f4xx_hal_dma.c.obj
 .debug_aranges
                0x00000680       0x58 CMakeFiles/002-Arena.elf.dir/Drivers/STM32F4xx_HAL_Driver/Src/stm32f4xx_hal_gpio.c.obj
 .debug_aranges
                0x000006d8       0x88 CMakeFiles/002-Arena.elf.dir/Drivers/STM32F4xx_HAL_Driver/Src/stm32f4xx_hal_rcc.c.obj
 .debug_aranges
                0x00000760      0x3d0 CMakeFiles/002-Arena.elf.dir/Drivers/STM32F4xx_HAL_Driver/Src/stm32f4xx_hal_tim.c.obj
 .debug_aranges
                0x00000b30      0x168 CMakeFiles/002-Arena.elf.dir/Drivers/STM32F4xx_HAL_Driver/Src/stm32f4xx_hal_tim_ex.c.obj
 .debug_aranges
                0x00000c98      0x200 CMakeFiles/002-Arena.elf.dir/Drivers/STM32F4xx_HAL_Driver/Src/stm32f4xx_hal_uart.c.obj
 .debug_aranges
                0x00000e98      0x1d8 CMakeFiles/002-Arena.elf.dir/Middlewares/Third_Party/FreeRTOS/Source/CMSIS_RTOS/cmsis_os.c.obj
 .debug_aranges
                0x00001070       0x40 CMakeFiles/002-Arena.elf.dir/Middlewares/Third_Party/FreeRTOS/Source/list.c.obj
 .debug_aranges
                0x000010b0       0x80 CMakeFiles/002-Arena.elf.dir/Middlewares/Third_Party/FreeRTOS/Source/portable/GCC/ARM_CM4F/port.c.obj
 .debug_aranges
                0x00001130       0x58 CMakeFiles/002-Arena.elf.dir/Middlewares/Third_Party/FreeRTOS/Source/portable/MemMang/heap_4.c.obj
 .debug_aranges
                0x00001188      0x1b8 CMakeFiles/002-Arena.elf.dir/Middlewares/Third_Party/FreeRTOS/Source/tasks.c.obj
 .debug_aranges
                0x00001340       0x28 CMakeFiles/002-Arena.elf.dir/startup/startup_stm32f407xx.s.obj

.debug_ranges   0x00000000     0x1318
 .debug_ranges  0x00000000       0x20 CMakeFiles/002-Arena.elf.dir/Core/Src/adc.c.obj
 .debug_ranges  0x00000020       0x28 CMakeFiles/002-Arena.elf.dir/Core/Src/communication.c.obj
 .debug_ranges  0x00000048       0x10 CMakeFiles/002-Arena.elf.dir/Core/Src/dma.c.obj
 .debug_ranges  0x00000058       0x38 CMakeFiles/002-Arena.elf.dir/Core/Src/freertos.c.obj
 .debug_ranges  0x00000090       0x10 CMakeFiles/002-Arena.elf.dir/Core/Src/gpio.c.obj
 .debug_ranges  0x000000a0       0x48 CMakeFiles/002-Arena.elf.dir/Core/Src/main.c.obj
 .debug_ranges  0x000000e8       0x10 CMakeFiles/002-Arena.elf.dir/Core/Src/stm32f4xx_hal_msp.c.obj
 .debug_ranges  0x000000f8       0x20 CMakeFiles/002-Arena.elf.dir/Core/Src/stm32f4xx_hal_timebase_tim.c.obj
 .debug_ranges  0x00000118       0x80 CMakeFiles/002-Arena.elf.dir/Core/Src/stm32f4xx_it.c.obj
 .debug_ranges  0x00000198       0x18 CMakeFiles/002-Arena.elf.dir/Core/Src/system_stm32f4xx.c.obj
 .debug_ranges  0x000001b0       0x48 CMakeFiles/002-Arena.elf.dir/Core/Src/tim.c.obj
 .debug_ranges  0x000001f8       0x28 CMakeFiles/002-Arena.elf.dir/Core/Src/usart.c.obj
 .debug_ranges  0x00000220       0xe0 CMakeFiles/002-Arena.elf.dir/Drivers/STM32F4xx_HAL_Driver/Src/stm32f4xx_hal.c.obj
 .debug_ranges  0x00000300       0xd8 CMakeFiles/002-Arena.elf.dir/Drivers/STM32F4xx_HAL_Driver/Src/stm32f4xx_hal_adc.c.obj
 .debug_ranges  0x000003d8       0x80 CMakeFiles/002-Arena.elf.dir/Drivers/STM32F4xx_HAL_Driver/Src/stm32f4xx_hal_adc_ex.c.obj
 .debug_ranges  0x00000458       0xf8 CMakeFiles/002-Arena.elf.dir/Drivers/STM32F4xx_HAL_Driver/Src/stm32f4xx_hal_cortex.c.obj
 .debug_ranges  0x00000550       0x80 CMakeFiles/002-Arena.elf.dir/Drivers/STM32F4xx_HAL_Driver/Src/stm32f4xx_hal_dma.c.obj
 .debug_ranges  0x000005d0       0x48 CMakeFiles/002-Arena.elf.dir/Drivers/STM32F4xx_HAL_Driver/Src/stm32f4xx_hal_gpio.c.obj
 .debug_ranges  0x00000618       0x90 CMakeFiles/002-Arena.elf.dir/Drivers/STM32F4xx_HAL_Driver/Src/stm32f4xx_hal_rcc.c.obj
 .debug_ranges  0x000006a8      0x3c0 CMakeFiles/002-Arena.elf.dir/Drivers/STM32F4xx_HAL_Driver/Src/stm32f4xx_hal_tim.c.obj
 .debug_ranges  0x00000a68      0x158 CMakeFiles/002-Arena.elf.dir/Drivers/STM32F4xx_HAL_Driver/Src/stm32f4xx_hal_tim_ex.c.obj
 .debug_ranges  0x00000bc0      0x1f0 CMakeFiles/002-Arena.elf.dir/Drivers/STM32F4xx_HAL_Driver/Src/stm32f4xx_hal_uart.c.obj
 .debug_ranges  0x00000db0      0x1c8 CMakeFiles/002-Arena.elf.dir/Middlewares/Third_Party/FreeRTOS/Source/CMSIS_RTOS/cmsis_os.c.obj
 .debug_ranges  0x00000f78       0x30 CMakeFiles/002-Arena.elf.dir/Middlewares/Third_Party/FreeRTOS/Source/list.c.obj
 .debug_ranges  0x00000fa8       0x88 CMakeFiles/002-Arena.elf.dir/Middlewares/Third_Party/FreeRTOS/Source/portable/GCC/ARM_CM4F/port.c.obj
 .debug_ranges  0x00001030       0x48 CMakeFiles/002-Arena.elf.dir/Middlewares/Third_Party/FreeRTOS/Source/portable/MemMang/heap_4.c.obj
 .debug_ranges  0x00001078      0x280 CMakeFiles/002-Arena.elf.dir/Middlewares/Third_Party/FreeRTOS/Source/tasks.c.obj
 .debug_ranges  0x000012f8       0x20 CMakeFiles/002-Arena.elf.dir/startup/startup_stm32f407xx.s.obj

.debug_line     0x00000000    0x14aa2
 .debug_line    0x00000000      0x54c CMakeFiles/002-Arena.elf.dir/Core/Src/adc.c.obj
 .debug_line    0x0000054c      0x3d9 CMakeFiles/002-Arena.elf.dir/Core/Src/communication.c.obj
 .debug_line    0x00000925      0x1e1 CMakeFiles/002-Arena.elf.dir/Core/Src/dma.c.obj
 .debug_line    0x00000b06      0x35f CMakeFiles/002-Arena.elf.dir/Core/Src/freertos.c.obj
 .debug_line    0x00000e65      0x218 CMakeFiles/002-Arena.elf.dir/Core/Src/gpio.c.obj
 .debug_line    0x0000107d      0x636 CMakeFiles/002-Arena.elf.dir/Core/Src/main.c.obj
 .debug_line    0x000016b3      0x1e7 CMakeFiles/002-Arena.elf.dir/Core/Src/stm32f4xx_hal_msp.c.obj
 .debug_line    0x0000189a      0x2d4 CMakeFiles/002-Arena.elf.dir/Core/Src/stm32f4xx_hal_timebase_tim.c.obj
 .debug_line    0x00001b6e      0x42c CMakeFiles/002-Arena.elf.dir/Core/Src/stm32f4xx_it.c.obj
 .debug_line    0x00001f9a      0x2a0 CMakeFiles/002-Arena.elf.dir/Core/Src/system_stm32f4xx.c.obj
 .debug_line    0x0000223a      0x64c CMakeFiles/002-Arena.elf.dir/Core/Src/tim.c.obj
 .debug_line    0x00002886      0x5b5 CMakeFiles/002-Arena.elf.dir/Core/Src/usart.c.obj
 .debug_line    0x00002e3b      0x5e1 CMakeFiles/002-Arena.elf.dir/Drivers/STM32F4xx_HAL_Driver/Src/stm32f4xx_hal.c.obj
 .debug_line    0x0000341c     0x1110 CMakeFiles/002-Arena.elf.dir/Drivers/STM32F4xx_HAL_Driver/Src/stm32f4xx_hal_adc.c.obj
 .debug_line    0x0000452c      0xcb4 CMakeFiles/002-Arena.elf.dir/Drivers/STM32F4xx_HAL_Driver/Src/stm32f4xx_hal_adc_ex.c.obj
 .debug_line    0x000051e0      0x7f4 CMakeFiles/002-Arena.elf.dir/Drivers/STM32F4xx_HAL_Driver/Src/stm32f4xx_hal_cortex.c.obj
 .debug_line    0x000059d4      0xe53 CMakeFiles/002-Arena.elf.dir/Drivers/STM32F4xx_HAL_Driver/Src/stm32f4xx_hal_dma.c.obj
 .debug_line    0x00006827      0x731 CMakeFiles/002-Arena.elf.dir/Drivers/STM32F4xx_HAL_Driver/Src/stm32f4xx_hal_gpio.c.obj
 .debug_line    0x00006f58      0xb5f CMakeFiles/002-Arena.elf.dir/Drivers/STM32F4xx_HAL_Driver/Src/stm32f4xx_hal_rcc.c.obj
 .debug_line    0x00007ab7     0x4821 CMakeFiles/002-Arena.elf.dir/Drivers/STM32F4xx_HAL_Driver/Src/stm32f4xx_hal_tim.c.obj
 .debug_line    0x0000c2d8     0x1c99 CMakeFiles/002-Arena.elf.dir/Drivers/STM32F4xx_HAL_Driver/Src/stm32f4xx_hal_tim_ex.c.obj
 .debug_line    0x0000df71     0x210c CMakeFiles/002-Arena.elf.dir/Drivers/STM32F4xx_HAL_Driver/Src/stm32f4xx_hal_uart.c.obj
 .debug_line    0x0001007d     0x1206 CMakeFiles/002-Arena.elf.dir/Middlewares/Third_Party/FreeRTOS/Source/CMSIS_RTOS/cmsis_os.c.obj
 .debug_line    0x00011283      0x3a9 CMakeFiles/002-Arena.elf.dir/Middlewares/Third_Party/FreeRTOS/Source/list.c.obj
 .debug_line    0x0001162c      0x75a CMakeFiles/002-Arena.elf.dir/Middlewares/Third_Party/FreeRTOS/Source/portable/GCC/ARM_CM4F/port.c.obj
 .debug_line    0x00011d86      0x768 CMakeFiles/002-Arena.elf.dir/Middlewares/Third_Party/FreeRTOS/Source/portable/MemMang/heap_4.c.obj
 .debug_line    0x000124ee     0x250a CMakeFiles/002-Arena.elf.dir/Middlewares/Third_Party/FreeRTOS/Source/tasks.c.obj
 .debug_line    0x000149f8       0xaa CMakeFiles/002-Arena.elf.dir/startup/startup_stm32f407xx.s.obj

.debug_str      0x00000000     0x696e
 .debug_str     0x00000000      0xccd CMakeFiles/002-Arena.elf.dir/Core/Src/adc.c.obj
                                0xd90 (size before relaxing)
 .debug_str     0x00000ccd      0x3fb CMakeFiles/002-Arena.elf.dir/Core/Src/communication.c.obj
                                0x87d (size before relaxing)
 .debug_str     0x000010c8       0x47 CMakeFiles/002-Arena.elf.dir/Core/Src/dma.c.obj
                                0x828 (size before relaxing)
 .debug_str     0x0000110f      0x3a9 CMakeFiles/002-Arena.elf.dir/Core/Src/freertos.c.obj
                                0x5ca (size before relaxing)
 .debug_str     0x000014b8       0x77 CMakeFiles/002-Arena.elf.dir/Core/Src/gpio.c.obj
                                0x3d1 (size before relaxing)
 .debug_str     0x0000152f      0x55f CMakeFiles/002-Arena.elf.dir/Core/Src/main.c.obj
                                0xcb5 (size before relaxing)
 .debug_str     0x00001a8e       0x55 CMakeFiles/002-Arena.elf.dir/Core/Src/stm32f4xx_hal_msp.c.obj
                                0x823 (size before relaxing)
 .debug_str     0x00001ae3      0x128 CMakeFiles/002-Arena.elf.dir/Core/Src/stm32f4xx_hal_timebase_tim.c.obj
                                0xea6 (size before relaxing)
 .debug_str     0x00001c0b      0x1dc CMakeFiles/002-Arena.elf.dir/Core/Src/stm32f4xx_it.c.obj
                                0xdf8 (size before relaxing)
 .debug_str     0x00001de7      0x104 CMakeFiles/002-Arena.elf.dir/Core/Src/system_stm32f4xx.c.obj
                                0x3da (size before relaxing)
 .debug_str     0x00001eeb      0x27a CMakeFiles/002-Arena.elf.dir/Core/Src/tim.c.obj
                                0xb93 (size before relaxing)
 .debug_str     0x00002165       0x7a CMakeFiles/002-Arena.elf.dir/Core/Src/usart.c.obj
                                0xdfe (size before relaxing)
 .debug_str     0x000021df      0x330 CMakeFiles/002-Arena.elf.dir/Drivers/STM32F4xx_HAL_Driver/Src/stm32f4xx_hal.c.obj
                                0xbbf (size before relaxing)
 .debug_str     0x0000250f      0x2d7 CMakeFiles/002-Arena.elf.dir/Drivers/STM32F4xx_HAL_Driver/Src/stm32f4xx_hal_adc.c.obj
                                0x9b8 (size before relaxing)
 .debug_str     0x000027e6      0x308 CMakeFiles/002-Arena.elf.dir/Drivers/STM32F4xx_HAL_Driver/Src/stm32f4xx_hal_adc_ex.c.obj
                                0xa1b (size before relaxing)
 .debug_str     0x00002aee      0x446 CMakeFiles/002-Arena.elf.dir/Drivers/STM32F4xx_HAL_Driver/Src/stm32f4xx_hal_cortex.c.obj
                                0xc91 (size before relaxing)
 .debug_str     0x00002f34      0x2ef CMakeFiles/002-Arena.elf.dir/Drivers/STM32F4xx_HAL_Driver/Src/stm32f4xx_hal_dma.c.obj
                                0x7db (size before relaxing)
 .debug_str     0x00003223      0x151 CMakeFiles/002-Arena.elf.dir/Drivers/STM32F4xx_HAL_Driver/Src/stm32f4xx_hal_gpio.c.obj
                                0x545 (size before relaxing)
 .debug_str     0x00003374      0x197 CMakeFiles/002-Arena.elf.dir/Drivers/STM32F4xx_HAL_Driver/Src/stm32f4xx_hal_rcc.c.obj
                                0x76b (size before relaxing)
 .debug_str     0x0000350b      0xd38 CMakeFiles/002-Arena.elf.dir/Drivers/STM32F4xx_HAL_Driver/Src/stm32f4xx_hal_tim.c.obj
                               0x1717 (size before relaxing)
 .debug_str     0x00004243      0x54d CMakeFiles/002-Arena.elf.dir/Drivers/STM32F4xx_HAL_Driver/Src/stm32f4xx_hal_tim_ex.c.obj
                                0xf18 (size before relaxing)
 .debug_str     0x00004790      0x5bc CMakeFiles/002-Arena.elf.dir/Drivers/STM32F4xx_HAL_Driver/Src/stm32f4xx_hal_uart.c.obj
                                0xd9a (size before relaxing)
 .debug_str     0x00004d4c      0xbe8 CMakeFiles/002-Arena.elf.dir/Middlewares/Third_Party/FreeRTOS/Source/CMSIS_RTOS/cmsis_os.c.obj
                               0x10ae (size before relaxing)
 .debug_str     0x00005934      0x162 CMakeFiles/002-Arena.elf.dir/Middlewares/Third_Party/FreeRTOS/Source/list.c.obj
                                0x367 (size before relaxing)
 .debug_str     0x00005a96      0x256 CMakeFiles/002-Arena.elf.dir/Middlewares/Third_Party/FreeRTOS/Source/portable/GCC/ARM_CM4F/port.c.obj
                                0x4e3 (size before relaxing)
 .debug_str     0x00005cec      0x2fb CMakeFiles/002-Arena.elf.dir/Middlewares/Third_Party/FreeRTOS/Source/portable/MemMang/heap_4.c.obj
                                0x575 (size before relaxing)
 .debug_str     0x00005fe7      0x92f CMakeFiles/002-Arena.elf.dir/Middlewares/Third_Party/FreeRTOS/Source/tasks.c.obj
                               0x1080 (size before relaxing)
 .debug_str     0x00006916       0x58 CMakeFiles/002-Arena.elf.dir/startup/startup_stm32f407xx.s.obj
                                 0xa2 (size before relaxing)

.comment        0x00000000       0x4d
 .comment       0x00000000       0x4d CMakeFiles/002-Arena.elf.dir/Core/Src/adc.c.obj
                                 0x4e (size before relaxing)
 .comment       0x0000004d       0x4e CMakeFiles/002-Arena.elf.dir/Core/Src/communication.c.obj
 .comment       0x0000004d       0x4e CMakeFiles/002-Arena.elf.dir/Core/Src/dma.c.obj
 .comment       0x0000004d       0x4e CMakeFiles/002-Arena.elf.dir/Core/Src/freertos.c.obj
 .comment       0x0000004d       0x4e CMakeFiles/002-Arena.elf.dir/Core/Src/gpio.c.obj
 .comment       0x0000004d       0x4e CMakeFiles/002-Arena.elf.dir/Core/Src/main.c.obj
 .comment       0x0000004d       0x4e CMakeFiles/002-Arena.elf.dir/Core/Src/stm32f4xx_hal_msp.c.obj
 .comment       0x0000004d       0x4e CMakeFiles/002-Arena.elf.dir/Core/Src/stm32f4xx_hal_timebase_tim.c.obj
 .comment       0x0000004d       0x4e CMakeFiles/002-Arena.elf.dir/Core/Src/stm32f4xx_it.c.obj
 .comment       0x0000004d       0x4e CMakeFiles/002-Arena.elf.dir/Core/Src/system_stm32f4xx.c.obj
 .comment       0x0000004d       0x4e CMakeFiles/002-Arena.elf.dir/Core/Src/tim.c.obj
 .comment       0x0000004d       0x4e CMakeFiles/002-Arena.elf.dir/Core/Src/usart.c.obj
 .comment       0x0000004d       0x4e CMakeFiles/002-Arena.elf.dir/Drivers/STM32F4xx_HAL_Driver/Src/stm32f4xx_hal.c.obj
 .comment       0x0000004d       0x4e CMakeFiles/002-Arena.elf.dir/Drivers/STM32F4xx_HAL_Driver/Src/stm32f4xx_hal_adc.c.obj
 .comment       0x0000004d       0x4e CMakeFiles/002-Arena.elf.dir/Drivers/STM32F4xx_HAL_Driver/Src/stm32f4xx_hal_adc_ex.c.obj
 .comment       0x0000004d       0x4e CMakeFiles/002-Arena.elf.dir/Drivers/STM32F4xx_HAL_Driver/Src/stm32f4xx_hal_cortex.c.obj
 .comment       0x0000004d       0x4e CMakeFiles/002-Arena.elf.dir/Drivers/STM32F4xx_HAL_Driver/Src/stm32f4xx_hal_dma.c.obj
 .comment       0x0000004d       0x4e CMakeFiles/002-Arena.elf.dir/Drivers/STM32F4xx_HAL_Driver/Src/stm32f4xx_hal_gpio.c.obj
 .comment       0x0000004d       0x4e CMakeFiles/002-Arena.elf.dir/Drivers/STM32F4xx_HAL_Driver/Src/stm32f4xx_hal_rcc.c.obj
 .comment       0x0000004d       0x4e CMakeFiles/002-Arena.elf.dir/Drivers/STM32F4xx_HAL_Driver/Src/stm32f4xx_hal_tim.c.obj
 .comment       0x0000004d       0x4e CMakeFiles/002-Arena.elf.dir/Drivers/STM32F4xx_HAL_Driver/Src/stm32f4xx_hal_tim_ex.c.obj
 .comment       0x0000004d       0x4e CMakeFiles/002-Arena.elf.dir/Drivers/STM32F4xx_HAL_Driver/Src/stm32f4xx_hal_uart.c.obj
 .comment       0x0000004d       0x4e CMakeFiles/002-Arena.elf.dir/Middlewares/Third_Party/FreeRTOS/Source/CMSIS_RTOS/cmsis_os.c.obj
 .comment       0x0000004d       0x4e CMakeFiles/002-Arena.elf.dir/Middlewares/Third_Party/FreeRTOS/Source/list.c.obj
 .comment       0x0000004d       0x4e CMakeFiles/002-Arena.elf.dir/Middlewares/Third_Party/FreeRTOS/Source/portable/GCC/ARM_CM4F/port.c.obj
 .comment       0x0000004d       0x4e CMakeFiles/002-Arena.elf.dir/Middlewares/Third_Party/FreeRTOS/Source/portable/MemMang/heap_4.c.obj
 .comment       0x0000004d       0x4e CMakeFiles/002-Arena.elf.dir/Middlewares/Third_Party/FreeRTOS/Source/tasks.c.obj

.debug_frame    0x00000000     0x35ac
 .debug_frame   0x00000000       0x6c CMakeFiles/002-Arena.elf.dir/Core/Src/adc.c.obj
 .debug_frame   0x0000006c       0x78 CMakeFiles/002-Arena.elf.dir/Core/Src/communication.c.obj
 .debug_frame   0x000000e4       0x30 CMakeFiles/002-Arena.elf.dir/Core/Src/dma.c.obj
 .debug_frame   0x00000114       0xa0 CMakeFiles/002-Arena.elf.dir/Core/Src/freertos.c.obj
 .debug_frame   0x000001b4       0x30 CMakeFiles/002-Arena.elf.dir/Core/Src/gpio.c.obj
 .debug_frame   0x000001e4       0xd8 CMakeFiles/002-Arena.elf.dir/Core/Src/main.c.obj
 .debug_frame   0x000002bc       0x2c CMakeFiles/002-Arena.elf.dir/Core/Src/stm32f4xx_hal_msp.c.obj
 .debug_frame   0x000002e8       0x50 CMakeFiles/002-Arena.elf.dir/Core/Src/stm32f4xx_hal_timebase_tim.c.obj
 .debug_frame   0x00000338      0x148 CMakeFiles/002-Arena.elf.dir/Core/Src/stm32f4xx_it.c.obj
 .debug_frame   0x00000480       0x30 CMakeFiles/002-Arena.elf.dir/Core/Src/system_stm32f4xx.c.obj
 .debug_frame   0x000004b0       0xf4 CMakeFiles/002-Arena.elf.dir/Core/Src/tim.c.obj
 .debug_frame   0x000005a4       0x7c CMakeFiles/002-Arena.elf.dir/Core/Src/usart.c.obj
 .debug_frame   0x00000620      0x1ec CMakeFiles/002-Arena.elf.dir/Drivers/STM32F4xx_HAL_Driver/Src/stm32f4xx_hal.c.obj
 .debug_frame   0x0000080c      0x268 CMakeFiles/002-Arena.elf.dir/Drivers/STM32F4xx_HAL_Driver/Src/stm32f4xx_hal_adc.c.obj
 .debug_frame   0x00000a74      0x18c CMakeFiles/002-Arena.elf.dir/Drivers/STM32F4xx_HAL_Driver/Src/stm32f4xx_hal_adc_ex.c.obj